Archive member included because of file (symbol)

c:/program files (x86)/gnu tools arm embedded/4.9 2015q3/bin/../lib/gcc/arm-none-eabi/4.9.3/armv6-m\libgcc.a(_udivsi3.o)
                              ..\obj\BRTOS.o (__aeabi_uidiv)
c:/program files (x86)/gnu tools arm embedded/4.9 2015q3/bin/../lib/gcc/arm-none-eabi/4.9.3/armv6-m\libgcc.a(_divsi3.o)
                              ..\obj\utils.o (__aeabi_idiv)
c:/program files (x86)/gnu tools arm embedded/4.9 2015q3/bin/../lib/gcc/arm-none-eabi/4.9.3/armv6-m\libgcc.a(_dvmd_tls.o)
                              c:/program files (x86)/gnu tools arm embedded/4.9 2015q3/bin/../lib/gcc/arm-none-eabi/4.9.3/armv6-m\libgcc.a(_udivsi3.o) (__aeabi_idiv0)
c:/program files (x86)/gnu tools arm embedded/4.9 2015q3/bin/../lib/gcc/arm-none-eabi/4.9.3/armv6-m\libgcc.a(_aeabi_uldivmod.o)
                              ..\obj\roll-tm.o (__aeabi_uldivmod)
c:/program files (x86)/gnu tools arm embedded/4.9 2015q3/bin/../lib/gcc/arm-none-eabi/4.9.3/armv6-m\libgcc.a(_muldi3.o)
                              ..\obj\rpl-timers.o (__aeabi_lmul)
c:/program files (x86)/gnu tools arm embedded/4.9 2015q3/bin/../lib/gcc/arm-none-eabi/4.9.3/armv6-m\libgcc.a(bpabi.o)
                              c:/program files (x86)/gnu tools arm embedded/4.9 2015q3/bin/../lib/gcc/arm-none-eabi/4.9.3/armv6-m\libgcc.a(_aeabi_uldivmod.o) (__gnu_uldivmod_helper)
c:/program files (x86)/gnu tools arm embedded/4.9 2015q3/bin/../lib/gcc/arm-none-eabi/4.9.3/armv6-m\libgcc.a(_divdi3.o)
                              c:/program files (x86)/gnu tools arm embedded/4.9 2015q3/bin/../lib/gcc/arm-none-eabi/4.9.3/armv6-m\libgcc.a(bpabi.o) (__divdi3)
c:/program files (x86)/gnu tools arm embedded/4.9 2015q3/bin/../lib/gcc/arm-none-eabi/4.9.3/armv6-m\libgcc.a(_udivdi3.o)
                              c:/program files (x86)/gnu tools arm embedded/4.9 2015q3/bin/../lib/gcc/arm-none-eabi/4.9.3/armv6-m\libgcc.a(bpabi.o) (__udivdi3)
c:/program files (x86)/gnu tools arm embedded/4.9 2015q3/bin/../lib/gcc/arm-none-eabi/4.9.3/armv6-m\libgcc.a(_clzdi2.o)
                              c:/program files (x86)/gnu tools arm embedded/4.9 2015q3/bin/../lib/gcc/arm-none-eabi/4.9.3/armv6-m\libgcc.a(_divdi3.o) (__clzdi2)
c:/program files (x86)/gnu tools arm embedded/4.9 2015q3/bin/../lib/gcc/arm-none-eabi/4.9.3/armv6-m\libgcc.a(_clzsi2.o)
                              c:/program files (x86)/gnu tools arm embedded/4.9 2015q3/bin/../lib/gcc/arm-none-eabi/4.9.3/armv6-m\libgcc.a(_clzdi2.o) (__clzsi2)
c:/program files (x86)/gnu tools arm embedded/4.9 2015q3/bin/../lib/gcc/arm-none-eabi/4.9.3/../../../../arm-none-eabi/lib/armv6-m\libg_nano.a(lib_a-exit.o)
                              ..\obj\watchdog.o (exit)
c:/program files (x86)/gnu tools arm embedded/4.9 2015q3/bin/../lib/gcc/arm-none-eabi/4.9.3/../../../../arm-none-eabi/lib/armv6-m\libg_nano.a(lib_a-impure.o)
                              c:/program files (x86)/gnu tools arm embedded/4.9 2015q3/bin/../lib/gcc/arm-none-eabi/4.9.3/../../../../arm-none-eabi/lib/armv6-m\libg_nano.a(lib_a-exit.o) (_global_impure_ptr)
c:/program files (x86)/gnu tools arm embedded/4.9 2015q3/bin/../lib/gcc/arm-none-eabi/4.9.3/../../../../arm-none-eabi/lib/armv6-m\libg_nano.a(lib_a-memcmp.o)
                              ..\obj\uip-ds6-route.o (memcmp)
c:/program files (x86)/gnu tools arm embedded/4.9 2015q3/bin/../lib/gcc/arm-none-eabi/4.9.3/../../../../arm-none-eabi/lib/armv6-m\libg_nano.a(lib_a-memcpy.o)
                              ..\obj\uip-udp-packet.o (memcpy)
c:/program files (x86)/gnu tools arm embedded/4.9 2015q3/bin/../lib/gcc/arm-none-eabi/4.9.3/../../../../arm-none-eabi/lib/armv6-m\libg_nano.a(lib_a-memmove.o)
                              ..\obj\uip-icmp6.o (memmove)
c:/program files (x86)/gnu tools arm embedded/4.9 2015q3/bin/../lib/gcc/arm-none-eabi/4.9.3/../../../../arm-none-eabi/lib/armv6-m\libg_nano.a(lib_a-memset.o)
                              ..\obj\uip-ds6-route.o (memset)
c:/program files (x86)/gnu tools arm embedded/4.9 2015q3/bin/../lib/gcc/arm-none-eabi/4.9.3/../../../../arm-none-eabi/lib/armv6-m\libg_nano.a(lib_a-printf.o)
                              ..\obj\tcp-socket.o (printf)
c:/program files (x86)/gnu tools arm embedded/4.9 2015q3/bin/../lib/gcc/arm-none-eabi/4.9.3/../../../../arm-none-eabi/lib/armv6-m\libg_nano.a(lib_a-rand.o)
                              ..\obj\random.o (srand)
c:/program files (x86)/gnu tools arm embedded/4.9 2015q3/bin/../lib/gcc/arm-none-eabi/4.9.3/../../../../arm-none-eabi/lib/armv6-m\libg_nano.a(lib_a-sprintf.o)
                              ..\obj\contiki-main.o (sprintf)
c:/program files (x86)/gnu tools arm embedded/4.9 2015q3/bin/../lib/gcc/arm-none-eabi/4.9.3/../../../../arm-none-eabi/lib/armv6-m\libg_nano.a(lib_a-strcasecmp.o)
                              ..\obj\resolv.o (strcasecmp)
c:/program files (x86)/gnu tools arm embedded/4.9 2015q3/bin/../lib/gcc/arm-none-eabi/4.9.3/../../../../arm-none-eabi/lib/armv6-m\libg_nano.a(lib_a-strcmp.o)
[...]
Memory Configuration

Name             Origin             Length             Attributes
rom              0x00000000         0x00020000         xr
ram              0x1ffff000         0x00004000         xrw
*default*        0x00000000         0xffffffff

Linker script and memory map

                0x20003000                _eram = 0x20003000

.text           0x00000000    0x182b7
 *(.isr_vector)
 .isr_vector    0x00000000      0x410 ..\obj\startup_coide.o
                0x00000000                g_pfnVectors
 *(.text*)
 .text.slip_arch_writeb
                0x00000410       0x44 ..\obj\slip-arch.o
                0x00000410                slip_arch_writeb
 .text.Default_ResetHandler
                0x00000454       0x60 ..\obj\startup_coide.o
                0x00000454                RTCSIntHandler
                0x00000454                FTM1IntHandler
                0x00000454                USBOTGIntHandler
                0x00000454                FTM2IntHandler
                0x00000454                I2C1IntHandler
                0x00000454                Default_ResetHandler
                0x00000454                DMA1IntHandler
                0x00000454                DACIntHandler
                0x00000454                ACMPIntHandler
                0x00000454                ResetHandler
                0x00000454                LVDIntHandler
                0x00000454                SPI1IntHandler
                0x00000454                FTFAIntHandler
                0x00000454                ADCIntHandler
                0x00000454                DMA0IntHandler
                0x00000454                I2C0IntHandler
                0x00000454                FTM0IntHandler
                0x00000454                LLWUIntHandler
                0x00000454                MCGIntHandler
                0x00000454                RTCAIntHandler
                0x00000454                SPI0IntHandler
                0x00000454                TSIIntHandler
                0x00000454                LPTMRIntHandler
                0x00000454                PITIntHandler
                0x00000454                DMA3IntHandler
                0x00000454                DMA2IntHandler
 .text.DefaultIntHandler
                0x000004b4        0x8 ..\obj\startup_coide.o
                0x000004b4                SysTickIntHandler
                0x000004b4                BusFaultIntHandler
                0x000004b4                NMIIntHandler
                0x000004b4                UsageFaultIntHandler
                0x000004b4                MemManageIntHandler
                0x000004b4                SVCIntHandler
                0x000004b4                DebugMonIntHandler
                0x000004b4                PendSVIntHandler
 .text.DefaultIntHandler2
                0x000004bc        0x8 ..\obj\startup_coide.o
                0x000004bc                HardFaultIntHandler
 .text.uip_udp_packet_send
                0x000004c4       0x60 ..\obj\uip-udp-packet.o
                0x000004c4                uip_udp_packet_send
 .text.uip_udp_packet_sendto
                0x00000524       0x80 ..\obj\uip-udp-packet.o
                0x00000524                uip_udp_packet_sendto
 .text.rtimer_arch_init
                0x000005a4        0x8 ..\obj\rtimer-arch.o
                0x000005a4                rtimer_arch_init
 .text.call_route_callback
                0x000005ac       0x70 ..\obj\uip-ds6-route.o
 .text.uip_ds6_route_init
                0x0000061c       0x60 ..\obj\uip-ds6-route.o
                0x0000061c                uip_ds6_route_init
 .text.uip_ds6_route_nexthop_lladdr
                0x0000067c       0x30 ..\obj\uip-ds6-route.o
 .text.uip_ds6_route_nexthop
                0x000006ac       0x2c ..\obj\uip-ds6-route.o
                0x000006ac                uip_ds6_route_nexthop
 .text.uip_ds6_route_head
                0x000006d8       0x1c ..\obj\uip-ds6-route.o
                0x000006d8                uip_ds6_route_head
 .text.uip_ds6_route_next
                0x000006f4       0x28 ..\obj\uip-ds6-route.o
                0x000006f4                uip_ds6_route_next
 .text.uip_ds6_route_num_routes
                0x0000071c       0x14 ..\obj\uip-ds6-route.o
                0x0000071c                uip_ds6_route_num_routes
 .text.uip_ds6_route_lookup
                0x00000730      0x108 ..\obj\uip-ds6-route.o
                0x00000730                uip_ds6_route_lookup
 .text.uip_ds6_route_add
                0x00000838      0x230 ..\obj\uip-ds6-route.o
                0x00000838                uip_ds6_route_add
 .text.uip_ds6_route_rm
                0x00000a68      0x13c ..\obj\uip-ds6-route.o
                0x00000a68                uip_ds6_route_rm
 .text.rm_routelist
                0x00000ba4       0x68 ..\obj\uip-ds6-route.o
 .text.rm_routelist_callback
                0x00000c0c       0x18 ..\obj\uip-ds6-route.o
 .text.uip_ds6_defrt_add
                0x00000c24       0xd0 ..\obj\uip-ds6-route.o
                0x00000c24                uip_ds6_defrt_add
 .text.uip_ds6_defrt_rm
                0x00000cf4       0x7c ..\obj\uip-ds6-route.o
                0x00000cf4                uip_ds6_defrt_rm
 .text.uip_ds6_defrt_lookup
                0x00000d70       0x50 ..\obj\uip-ds6-route.o
                0x00000d70                uip_ds6_defrt_lookup
 .text.uip_ds6_defrt_choose
                0x00000dc0       0xa4 ..\obj\uip-ds6-route.o
                0x00000dc0                uip_ds6_defrt_choose
 .text.uip_ds6_defrt_periodic
                0x00000e64       0x6c ..\obj\uip-ds6-route.o
                0x00000e64                uip_ds6_defrt_periodic
 .text.xIntEnable
                0x00000ed0       0xb8 ..\obj\xcore.o
                0x00000ed0                xIntEnable
 .text.timer_set
                0x00000f88       0x2c ..\obj\timer.o
                0x00000f88                timer_set
 .text.timer_reset
                0x00000fb4       0x24 ..\obj\timer.o
                0x00000fb4                timer_reset
 .text.timer_restart
                0x00000fd8       0x1c ..\obj\timer.o
                0x00000fd8                timer_restart
 .text.timer_expired
                0x00000ff4       0x54 ..\obj\timer.o
                0x00000ff4                timer_expired
 .text.input_handler_lookup
                0x00001048       0x6c ..\obj\uip-icmp6.o
 .text.uip_icmp6_input
                0x000010b4       0x4c ..\obj\uip-icmp6.o
                0x000010b4                uip_icmp6_input
 .text.uip_icmp6_register_input_handler
                0x00001100       0x20 ..\obj\uip-icmp6.o
                0x00001100                uip_icmp6_register_input_handler
 .text.echo_request_input
                0x00001120      0x1f0 ..\obj\uip-icmp6.o
 .text.uip_icmp6_error_output
                0x00001310      0x250 ..\obj\uip-icmp6.o
                0x00001310                uip_icmp6_error_output
 .text.uip_icmp6_send
                0x00001560       0xdc ..\obj\uip-icmp6.o
                0x00001560                uip_icmp6_send
 .text.echo_reply_input
                0x0000163c      0x1bc ..\obj\uip-icmp6.o
 .text.uip_icmp6_init
                0x000017f8       0x20 ..\obj\uip-icmp6.o
                0x000017f8                uip_icmp6_init
 .text.main_app
                0x00001818       0x68 ..\obj\main_app.o
                0x00001818                main_app
 .text.PORTAIntHandler
                0x00001880       0x84 ..\obj\xgpio.o
                0x00001880                PORTAIntHandler
 .text.xGPIODirModeSet
                0x00001904       0x44 ..\obj\xgpio.o
                0x00001904                xGPIODirModeSet
 .text.GPIOToPortGet
                0x00001948       0x78 ..\obj\xgpio.o
 .text.GPIODirModeSet
                0x000019c0       0x40 ..\obj\xgpio.o
                0x000019c0                GPIODirModeSet
 .text.GPIOPinIntEnable
                0x00001a00       0x74 ..\obj\xgpio.o
                0x00001a00                GPIOPinIntEnable
 .text.GPIOPinIntDisable
                0x00001a74       0x58 ..\obj\xgpio.o
                0x00001a74                GPIOPinIntDisable
 .text.GPIOPinSet
                0x00001acc       0x18 ..\obj\xgpio.o
                0x00001acc                GPIOPinSet
 .text.GPIOPinReset
                0x00001ae4       0x18 ..\obj\xgpio.o
                0x00001ae4                GPIOPinReset
 .text.GPIOPadConfigSet
                0x00001afc       0x70 ..\obj\xgpio.o
                0x00001afc                GPIOPadConfigSet
 .text.GPIOPinConfigure
                0x00001b6c       0x6c ..\obj\xgpio.o
                0x00001b6c                GPIOPinConfigure
 .text.tcpip_output
                0x00001bd8       0x34 ..\obj\tcpip.o
                0x00001bd8                tcpip_output
 .text.tcpip_set_outputfunc
                0x00001c0c       0x18 ..\obj\tcpip.o
                0x00001c0c                tcpip_set_outputfunc
 .text.start_periodic_tcp_timer
                0x00001c24       0x20 ..\obj\tcpip.o
 .text.check_for_tcp_syn
                0x00001c44       0x28 ..\obj\tcpip.o
 .text.packet_input
                0x00001c6c       0x2c ..\obj\tcpip.o
 .text.udp_new  0x00001c98       0x54 ..\obj\tcpip.o
                0x00001c98                udp_new
 .text.eventhandler
                0x00001cec      0x1e0 ..\obj\tcpip.o
 .text.tcpip_input
                0x00001ecc       0x2c ..\obj\tcpip.o
                0x00001ecc                tcpip_input
 .text.tcpip_ipv6_output
                0x00001ef8      0x1c8 ..\obj\tcpip.o
                0x00001ef8                tcpip_ipv6_output
 .text.tcpip_poll_udp
                0x000020c0       0x20 ..\obj\tcpip.o
                0x000020c0                tcpip_poll_udp
 .text.tcpip_uipcall
                0x000020e0       0xb8 ..\obj\tcpip.o
                0x000020e0                tcpip_uipcall
 .text.process_thread_tcpip_process
                0x00002198       0xe0 ..\obj\tcpip.o
 .text.uip_add32
                0x00002278       0xcc ..\obj\uip6.o
                0x00002278                uip_add32
 .text.chksum   0x00002344       0xc4 ..\obj\uip6.o
 .text.upper_layer_chksum
                0x00002408       0xdc ..\obj\uip6.o
 .text.uip_icmp6chksum
                0x000024e4       0x14 ..\obj\uip6.o
                0x000024e4                uip_icmp6chksum
 .text.uip_tcpchksum
                0x000024f8       0x14 ..\obj\uip6.o
                0x000024f8                uip_tcpchksum
 .text.uip_udpchksum
                0x0000250c       0x14 ..\obj\uip6.o
                0x0000250c                uip_udpchksum
 .text.uip_init
                0x00002520       0xbc ..\obj\uip6.o
                0x00002520                uip_init
 .text.remove_ext_hdr
                0x000025dc       0xb8 ..\obj\uip6.o
                0x000025dc                remove_ext_hdr
 .text.uip_udp_new
                0x00002694      0x118 ..\obj\uip6.o
                0x00002694                uip_udp_new
 .text.uip_unlisten
                0x000027ac       0x5c ..\obj\uip6.o
                0x000027ac                uip_unlisten
 .text.uip_reass
                0x00002808      0x4e8 ..\obj\uip6.o
 .text.uip_reass_over
                0x00002cf0       0x78 ..\obj\uip6.o
                0x00002cf0                uip_reass_over
 .text.uip_add_rcv_nxt
                0x00002d68       0x58 ..\obj\uip6.o
 .text.ext_hdr_options_process
                0x00002dc0      0x198 ..\obj\uip6.o
 .text.uip_process
                0x00002f58     0x1870 ..\obj\uip6.o
                0x00002f58                uip_process
 .text.uip_htons
                0x000047c8       0x2c ..\obj\uip6.o
                0x000047c8                uip_htons
 .text.uip_htonl
                0x000047f4       0x48 ..\obj\uip6.o
                0x000047f4                uip_htonl
 .text.init_SPI
                0x0000483c      0x118 ..\obj\spi_cox.o
                0x0000483c                init_SPI
 .text.SPI0_SendChar
                0x00004954       0x64 ..\obj\spi_cox.o
                0x00004954                SPI0_SendChar
 .text.SPI0_GetChar
                0x000049b8       0x40 ..\obj\spi_cox.o
                0x000049b8                SPI0_GetChar
 .text.OSSchedule
                0x000049f8       0x4c ..\obj\BRTOS.o
                0x000049f8                OSSchedule
 .text.OSGetCount
                0x00004a44       0x14 ..\obj\BRTOS.o
                0x00004a44                OSGetCount
 .text.OSIncCounter
                0x00004a58       0x2c ..\obj\BRTOS.o
                0x00004a58                OSIncCounter
 .text.DelayTask
                0x00004a84      0x124 ..\obj\BRTOS.o
                0x00004a84                DelayTask
 .text.OS_TICK_HANDLER
                0x00004ba8       0xf4 ..\obj\BRTOS.o
                0x00004ba8                OS_TICK_HANDLER
 .text.BRTOSStart
                0x00004c9c       0x58 ..\obj\BRTOS.o
                0x00004c9c                BRTOSStart
 .text.PreInstallTasks
                0x00004cf4       0x80 ..\obj\BRTOS.o
                0x00004cf4                PreInstallTasks
 .text.Idle     0x00004d74        0x8 ..\obj\BRTOS.o
                0x00004d74                Idle
 .text.InstallTask
                0x00004d7c      0x274 ..\obj\BRTOS.o
                0x00004d7c                InstallTask
 .text.InstallIdle
                0x00004ff0      0x12c ..\obj\BRTOS.o
                0x00004ff0                InstallIdle
 .text.BRTOS_Init
                0x0000511c       0x14 ..\obj\BRTOS.o
                0x0000511c                BRTOS_Init
 .text.initEvents
                0x00005130       0x9c ..\obj\BRTOS.o
                0x00005130                initEvents
 .text.SAScheduler
                0x000051cc      0x29c ..\obj\BRTOS.o
                0x000051cc                SAScheduler
 .text.uip_ds6_neighbors_init
                0x00005468       0x20 ..\obj\uip-ds6-nbr.o
                0x00005468                uip_ds6_neighbors_init
 .text.uip_ds6_nbr_add
                0x00005488       0xf0 ..\obj\uip-ds6-nbr.o
                0x00005488                uip_ds6_nbr_add
 .text.uip_ds6_nbr_rm
                0x00005578       0x3c ..\obj\uip-ds6-nbr.o
                0x00005578                uip_ds6_nbr_rm
 .text.uip_ds6_nbr_get_ll
                0x000055b4       0x24 ..\obj\uip-ds6-nbr.o
                0x000055b4                uip_ds6_nbr_get_ll
 .text.uip_ds6_nbr_lookup
                0x000055d8       0x5c ..\obj\uip-ds6-nbr.o
                0x000055d8                uip_ds6_nbr_lookup
 .text.uip_ds6_nbr_ll_lookup
                0x00005634       0x24 ..\obj\uip-ds6-nbr.o
                0x00005634                uip_ds6_nbr_ll_lookup
 .text.uip_ds6_nbr_ipaddr_from_lladdr
                0x00005658       0x28 ..\obj\uip-ds6-nbr.o
                0x00005658                uip_ds6_nbr_ipaddr_from_lladdr
 .text.uip_ds6_nbr_lladdr_from_ipaddr
                0x00005680       0x30 ..\obj\uip-ds6-nbr.o
                0x00005680                uip_ds6_nbr_lladdr_from_ipaddr
 .text.uip_ds6_link_neighbor_callback
                0x000056b0       0x40 ..\obj\uip-ds6-nbr.o
                0x000056b0                uip_ds6_link_neighbor_callback
 .text.uip_ds6_neighbor_periodic
                0x000056f0       0xb4 ..\obj\uip-ds6-nbr.o
                0x000056f0                uip_ds6_neighbor_periodic
 .text.contiki_main
                0x000057a4       0x14 ..\obj\contiki-main.o
                0x000057a4                contiki_main
 .text.another_net
                0x000057b8       0x84 ..\obj\contiki-main.o
                0x000057b8                another_net
 .text.uip_packetqueue_new
                0x0000583c       0x14 ..\obj\uip-packetqueue.o
                0x0000583c                uip_packetqueue_new
 .text.uip_packetqueue_free
                0x00005850       0x40 ..\obj\uip-packetqueue.o
                0x00005850                uip_packetqueue_free
 .text.uip_packetqueue_buf
                0x00005890       0x24 ..\obj\uip-packetqueue.o
                0x00005890                uip_packetqueue_buf
 .text.uip_packetqueue_buflen
                0x000058b4       0x28 ..\obj\uip-packetqueue.o
                0x000058b4                uip_packetqueue_buflen
 .text.main     0x000058dc      0x154 ..\obj\main.o
                0x000058dc                main
 .text.procinit_init
                0x00005a30       0x38 ..\obj\procinit.o
                0x00005a30                procinit_init
 .text.key_from_index
                0x00005a68       0x30 ..\obj\nbr-table.o
 .text.item_from_index
                0x00005a98       0x30 ..\obj\nbr-table.o
 .text.index_from_key
                0x00005ac8       0x34 ..\obj\nbr-table.o
 .text.index_from_item
                0x00005afc       0x3c ..\obj\nbr-table.o
 .text.item_from_key
                0x00005b38       0x28 ..\obj\nbr-table.o
 .text.key_from_item
                0x00005b60       0x28 ..\obj\nbr-table.o
 .text.index_from_lladdr
                0x00005b88       0x6c ..\obj\nbr-table.o
 .text.nbr_get_bit
                0x00005bf4       0x50 ..\obj\nbr-table.o
 .text.nbr_set_bit
                0x00005c44       0x90 ..\obj\nbr-table.o
 .text.nbr_table_allocate
                0x00005cd4      0x160 ..\obj\nbr-table.o
 .text.nbr_table_register
                0x00005e34       0x48 ..\obj\nbr-table.o
                0x00005e34                nbr_table_register
 .text.nbr_table_head
                0x00005e7c       0x58 ..\obj\nbr-table.o
                0x00005e7c                nbr_table_head
 .text.nbr_table_next
                0x00005ed4       0x60 ..\obj\nbr-table.o
                0x00005ed4                nbr_table_next
 .text.nbr_table_add_lladdr
                0x00005f34       0xa8 ..\obj\nbr-table.o
                0x00005f34                nbr_table_add_lladdr
 .text.nbr_table_get_from_lladdr
                0x00005fdc       0x48 ..\obj\nbr-table.o
                0x00005fdc                nbr_table_get_from_lladdr
 .text.nbr_table_remove
                0x00006024       0x44 ..\obj\nbr-table.o
                0x00006024                nbr_table_remove
 .text.nbr_table_lock
                0x00006068       0x2c ..\obj\nbr-table.o
                0x00006068                nbr_table_lock
 .text.nbr_table_unlock
                0x00006094       0x2c ..\obj\nbr-table.o
                0x00006094                nbr_table_unlock
 .text.nbr_table_get_lladdr
                0x000060c0       0x30 ..\obj\nbr-table.o
                0x000060c0                nbr_table_get_lladdr
 .text.Enable_INT_Pin
                0x000060f0       0x48 ..\obj\system.o
                0x000060f0                Enable_INT_Pin
 .text.WDTimerInit
                0x00006138       0x18 ..\obj\xwdt.o
                0x00006138                WDTimerInit
 .text.WDTimerEnable
                0x00006150       0x18 ..\obj\xwdt.o
                0x00006150                WDTimerEnable
 .text.WDTimerRestart
                0x00006168       0x18 ..\obj\xwdt.o
                0x00006168                WDTimerRestart
 .text.uiplib_ip6addrconv
                0x00006180      0x204 ..\obj\uiplib.o
                0x00006180                uiplib_ip6addrconv
 .text.update_time
                0x00006384       0xd0 ..\obj\etimer.o
 .text.process_thread_etimer_process
                0x00006454      0x144 ..\obj\etimer.o
 .text.etimer_request_poll
                0x00006598       0x14 ..\obj\etimer.o
                0x00006598                etimer_request_poll
 .text.add_timer
                0x000065ac       0x68 ..\obj\etimer.o
 .text.etimer_set
                0x00006614       0x2c ..\obj\etimer.o
                0x00006614                etimer_set
 .text.etimer_reset
                0x00006640       0x20 ..\obj\etimer.o
                0x00006640                etimer_reset
 .text.etimer_restart
                0x00006660       0x20 ..\obj\etimer.o
                0x00006660                etimer_restart
 .text.etimer_expired
                0x00006680       0x1c ..\obj\etimer.o
                0x00006680                etimer_expired
 .text.etimer_expiration_time
                0x0000669c       0x24 ..\obj\etimer.o
                0x0000669c                etimer_expiration_time
 .text.etimer_pending
                0x000066c0       0x18 ..\obj\etimer.o
                0x000066c0                etimer_pending
 .text.etimer_next_expiration_time
                0x000066d8       0x24 ..\obj\etimer.o
                0x000066d8                etimer_next_expiration_time
 .text.etimer_stop
                0x000066fc       0x68 ..\obj\etimer.o
                0x000066fc                etimer_stop
 .text.start_radio_task
                0x00006764       0x18 ..\obj\mrf24j40.o
                0x00006764                start_radio_task
 .text.set_short_add_mem
                0x0000677c       0x74 ..\obj\mrf24j40.o
 .text.set_long_add_mem
                0x000067f0       0xa0 ..\obj\mrf24j40.o
 .text.get_short_add_mem
                0x00006890       0x6c ..\obj\mrf24j40.o
 .text.get_long_add_mem
                0x000068fc       0x88 ..\obj\mrf24j40.o
 .text.reset_rf_state_machine
                0x00006984       0x48 ..\obj\mrf24j40.o
 .text.flush_rx_fifo
                0x000069cc       0x20 ..\obj\mrf24j40.o
                0x000069cc                flush_rx_fifo
 .text.mrf24j40_set_channel
                0x000069ec       0x38 ..\obj\mrf24j40.o
                0x000069ec                mrf24j40_set_channel
 .text.mrf24j40_set_panid
                0x00006a24       0x34 ..\obj\mrf24j40.o
                0x00006a24                mrf24j40_set_panid
 .text.mrf24j40_set_short_mac_addr
                0x00006a58       0x34 ..\obj\mrf24j40.o
                0x00006a58                mrf24j40_set_short_mac_addr
 .text.mrf24j40_set_extended_mac_addr
                0x00006a8c       0xd8 ..\obj\mrf24j40.o
                0x00006a8c                mrf24j40_set_extended_mac_addr
 .text.mrf24j40_set_tx_power
                0x00006b64       0x24 ..\obj\mrf24j40.o
                0x00006b64                mrf24j40_set_tx_power
 .text.mrf24j40_get_rssi
                0x00006b88       0x6c ..\obj\mrf24j40.o
                0x00006b88                mrf24j40_get_rssi
 .text.mrf24j40_set_txfifo
                0x00006bf4       0x88 ..\obj\mrf24j40.o
                0x00006bf4                mrf24j40_set_txfifo
 .text.mrf24j40_get_rxfifo
                0x00006c7c      0x13c ..\obj\mrf24j40.o
                0x00006c7c                mrf24j40_get_rxfifo
 .text.put_to_sleep
                0x00006db8       0x3c ..\obj\mrf24j40.o
 .text.wake     0x00006df4       0x38 ..\obj\mrf24j40.o
 .text.mrf24j40_on
                0x00006e2c       0x24 ..\obj\mrf24j40.o
                0x00006e2c                mrf24j40_on
 .text.mrf24j40_off
                0x00006e50       0x24 ..\obj\mrf24j40.o
                0x00006e50                mrf24j40_off
 .text.mrf24j40_init
                0x00006e74      0x280 ..\obj\mrf24j40.o
                0x00006e74                mrf24j40_init
 .text.mrf24j40_prepare
                0x000070f4       0x48 ..\obj\mrf24j40.o
                0x000070f4                mrf24j40_prepare
 .text.mrf24j40_transmit
                0x0000713c       0x74 ..\obj\mrf24j40.o
                0x0000713c                mrf24j40_transmit
 .text.mrf24j40_write
                0x000071b0       0x44 ..\obj\mrf24j40.o
                0x000071b0                mrf24j40_write
 .text.mrf24j40_read
                0x000071f4       0x28 ..\obj\mrf24j40.o
                0x000071f4                mrf24j40_read
 .text.mrf24j40_cca
                0x0000721c       0x44 ..\obj\mrf24j40.o
                0x0000721c                mrf24j40_cca
 .text.mrf24j40_receiving_packet
                0x00007260        0xc ..\obj\mrf24j40.o
                0x00007260                mrf24j40_receiving_packet
 .text.mrf24j40_pending_packet
                0x0000726c       0x14 ..\obj\mrf24j40.o
                0x0000726c                mrf24j40_pending_packet
 .text.MRF24J40_ISR
                0x00007280       0xac ..\obj\mrf24j40.o
                0x00007280                MRF24J40_ISR
 .text.Radio_Interrupt
                0x0000732c       0x28 ..\obj\mrf24j40.o
                0x0000732c                Radio_Interrupt
 .text.process_thread_mrf24j40_process
                0x00007354       0xdc ..\obj\mrf24j40.o
 .text.packetbuf_clear
                0x00007430       0x40 ..\obj\packetbuf.o
                0x00007430                packetbuf_clear
 .text.packetbuf_copyfrom
                0x00007470       0x5c ..\obj\packetbuf.o
                0x00007470                packetbuf_copyfrom
 .text.packetbuf_compact
                0x000074cc       0x5c ..\obj\packetbuf.o
                0x000074cc                packetbuf_compact
 .text.packetbuf_copyto
                0x00007528       0x94 ..\obj\packetbuf.o
                0x00007528                packetbuf_copyto
 .text.packetbuf_hdralloc
                0x000075bc       0x48 ..\obj\packetbuf.o
                0x000075bc                packetbuf_hdralloc
 .text.packetbuf_hdrreduce
                0x00007604       0x4c ..\obj\packetbuf.o
                0x00007604                packetbuf_hdrreduce
 .text.packetbuf_set_datalen
                0x00007650       0x20 ..\obj\packetbuf.o
                0x00007650                packetbuf_set_datalen
 .text.packetbuf_dataptr
                0x00007670       0x20 ..\obj\packetbuf.o
                0x00007670                packetbuf_dataptr
 .text.packetbuf_hdrptr
                0x00007690       0x1c ..\obj\packetbuf.o
                0x00007690                packetbuf_hdrptr
 .text.packetbuf_datalen
                0x000076ac       0x14 ..\obj\packetbuf.o
                0x000076ac                packetbuf_datalen
 .text.packetbuf_hdrlen
                0x000076c0       0x38 ..\obj\packetbuf.o
                0x000076c0                packetbuf_hdrlen
 .text.packetbuf_totlen
                0x000076f8       0x1c ..\obj\packetbuf.o
                0x000076f8                packetbuf_totlen
 .text.packetbuf_attr_clear
                0x00007714       0x58 ..\obj\packetbuf.o
                0x00007714                packetbuf_attr_clear
 .text.packetbuf_attr_copyto
                0x0000776c       0x3c ..\obj\packetbuf.o
                0x0000776c                packetbuf_attr_copyto
 .text.packetbuf_attr_copyfrom
                0x000077a8       0x3c ..\obj\packetbuf.o
                0x000077a8                packetbuf_attr_copyfrom
 .text.packetbuf_set_attr
                0x000077e4       0x30 ..\obj\packetbuf.o
                0x000077e4                packetbuf_set_attr
 .text.packetbuf_attr
                0x00007814       0x24 ..\obj\packetbuf.o
                0x00007814                packetbuf_attr
 .text.packetbuf_set_addr
                0x00007838       0x34 ..\obj\packetbuf.o
                0x00007838                packetbuf_set_addr
 .text.packetbuf_addr
                0x0000786c       0x24 ..\obj\packetbuf.o
                0x0000786c                packetbuf_addr
 .text.packetbuf_holds_broadcast
                0x00007890       0x20 ..\obj\packetbuf.o
                0x00007890                packetbuf_holds_broadcast
 .text.watchdog_periodic
                0x000078b0        0x8 ..\obj\watchdog.o
                0x000078b0                watchdog_periodic
 .text.uip_nd6_init
                0x000078b8        0x8 ..\obj\uip-nd6.o
                0x000078b8                uip_nd6_init
 .text.SysCtlPeripheralEnable
                0x000078c0       0x50 ..\obj\xsysctl.o
                0x000078c0                SysCtlPeripheralEnable
 .text.SysCtlPeripheralClockSourceSet
                0x00007910      0x314 ..\obj\xsysctl.o
                0x00007910                SysCtlPeripheralClockSourceSet
 .text.set_packet_attrs
                0x00007c24       0x8c ..\obj\sicslowpan.o
 .text.addr_context_lookup_by_prefix
                0x00007cb0       0x6c ..\obj\sicslowpan.o
 .text.addr_context_lookup_by_number
                0x00007d1c       0x68 ..\obj\sicslowpan.o
 .text.compress_addr_64
                0x00007d84      0x114 ..\obj\sicslowpan.o
 .text.uncompress_addr
                0x00007e98      0x15c ..\obj\sicslowpan.o
 .text.compress_hdr_hc06
                0x00007ff4      0x90c ..\obj\sicslowpan.o
 .text.uncompress_hdr_hc06
                0x00008900      0x8ac ..\obj\sicslowpan.o
 .text.compress_hdr_ipv6
                0x000091ac       0x64 ..\obj\sicslowpan.o
 .text.packet_sent
                0x00009210       0x40 ..\obj\sicslowpan.o
 .text.send_packet
                0x00009250       0x30 ..\obj\sicslowpan.o
 .text.output   0x00009280      0x3dc ..\obj\sicslowpan.o
 .text.input    0x0000965c      0x518 ..\obj\sicslowpan.o
 .text.sicslowpan_init
                0x00009b74       0x58 ..\obj\sicslowpan.o
                0x00009b74                sicslowpan_init
 .text.rpl_get_nbr
                0x00009bcc       0x48 ..\obj\rpl-dag.o
                0x00009bcc                rpl_get_nbr
 .text.nbr_callback
                0x00009c14       0x18 ..\obj\rpl-dag.o
 .text.rpl_dag_init
                0x00009c2c       0x20 ..\obj\rpl-dag.o
                0x00009c2c                rpl_dag_init
 .text.rpl_get_parent
                0x00009c4c       0x28 ..\obj\rpl-dag.o
                0x00009c4c                rpl_get_parent
 .text.rpl_get_parent_ipaddr
                0x00009c74       0x30 ..\obj\rpl-dag.o
                0x00009c74                rpl_get_parent_ipaddr
 .text.rpl_set_preferred_parent
                0x00009ca4       0x90 ..\obj\rpl-dag.o
 .text.lollipop_greater_than
                0x00009d34       0x64 ..\obj\rpl-dag.o
 .text.remove_parents
                0x00009d98       0x70 ..\obj\rpl-dag.o
 .text.nullify_parents
                0x00009e08       0x70 ..\obj\rpl-dag.o
 .text.should_send_dao
                0x00009e78       0x4c ..\obj\rpl-dag.o
 .text.acceptable_rank
                0x00009ec4       0x78 ..\obj\rpl-dag.o
 .text.get_dag  0x00009f3c       0x74 ..\obj\rpl-dag.o
 .text.rpl_repair_root
                0x00009fb0       0xd4 ..\obj\rpl-dag.o
                0x00009fb0                rpl_repair_root
 .text.set_ip_from_prefix
                0x0000a084       0x4c ..\obj\rpl-dag.o
 .text.check_prefix
                0x0000a0d0       0xdc ..\obj\rpl-dag.o
 .text.rpl_set_prefix
                0x0000a1ac       0xcc ..\obj\rpl-dag.o
                0x0000a1ac                rpl_set_prefix
 .text.rpl_set_default_route
                0x0000a278       0xc4 ..\obj\rpl-dag.o
                0x0000a278                rpl_set_default_route
 .text.rpl_alloc_instance
                0x0000a33c       0x78 ..\obj\rpl-dag.o
                0x0000a33c                rpl_alloc_instance
 .text.rpl_alloc_dag
                0x0000a3b4       0x94 ..\obj\rpl-dag.o
                0x0000a3b4                rpl_alloc_dag
 .text.rpl_add_parent
                0x0000a448       0xac ..\obj\rpl-dag.o
                0x0000a448                rpl_add_parent
 .text.find_parent_any_dag_any_instance
                0x0000a4f4       0x3c ..\obj\rpl-dag.o
 .text.rpl_find_parent
                0x0000a530       0x34 ..\obj\rpl-dag.o
                0x0000a530                rpl_find_parent
 .text.find_parent_dag
                0x0000a564       0x2c ..\obj\rpl-dag.o
 .text.rpl_find_parent_any_dag
                0x0000a590       0x40 ..\obj\rpl-dag.o
                0x0000a590                rpl_find_parent_any_dag
 .text.rpl_select_dag
                0x0000a5d0      0x2b4 ..\obj\rpl-dag.o
                0x0000a5d0                rpl_select_dag
 .text.best_parent
                0x0000a884       0x7c ..\obj\rpl-dag.o
 .text.rpl_select_parent
                0x0000a900       0x54 ..\obj\rpl-dag.o
                0x0000a900                rpl_select_parent
 .text.rpl_remove_parent
                0x0000a954       0x40 ..\obj\rpl-dag.o
                0x0000a954                rpl_remove_parent
 .text.rpl_nullify_parent
                0x0000a994       0xa4 ..\obj\rpl-dag.o
                0x0000a994                rpl_nullify_parent
 .text.rpl_move_parent
                0x0000aa38       0xb8 ..\obj\rpl-dag.o
                0x0000aa38                rpl_move_parent
 .text.rpl_get_any_dag
                0x0000aaf0       0x64 ..\obj\rpl-dag.o
                0x0000aaf0                rpl_get_any_dag
 .text.rpl_get_instance
                0x0000ab54       0x6c ..\obj\rpl-dag.o
                0x0000ab54                rpl_get_instance
 .text.rpl_find_of
                0x0000abc0       0x3c ..\obj\rpl-dag.o
                0x0000abc0                rpl_find_of
 .text.rpl_join_instance
                0x0000abfc      0x248 ..\obj\rpl-dag.o
                0x0000abfc                rpl_join_instance
 .text.rpl_add_dag
                0x0000ae44      0x21c ..\obj\rpl-dag.o
                0x0000ae44                rpl_add_dag
 .text.global_repair
                0x0000b060      0x138 ..\obj\rpl-dag.o
 .text.rpl_local_repair
                0x0000b198       0x90 ..\obj\rpl-dag.o
                0x0000b198                rpl_local_repair
 .text.rpl_recalculate_ranks
                0x0000b228       0x90 ..\obj\rpl-dag.o
                0x0000b228                rpl_recalculate_ranks
 .text.rpl_process_parent_event
                0x0000b2b8       0x84 ..\obj\rpl-dag.o
                0x0000b2b8                rpl_process_parent_event
 .text.rpl_process_dio
                0x0000b33c      0x458 ..\obj\rpl-dag.o
                0x0000b33c                rpl_process_dio
 .text.rpl_lock_parent
                0x0000b794       0x20 ..\obj\rpl-dag.o
                0x0000b794                rpl_lock_parent
 .text.TickTimerSetup
                0x0000b7b4       0x30 ..\obj\HAL.o
                0x0000b7b4                TickTimerSetup
 .text.TickTimer
                0x0000b7e4       0x1c ..\obj\HAL.o
                0x0000b7e4                TickTimer
 .text.SwitchContext
                0x0000b800       0xb8 ..\obj\HAL.o
                0x0000b800                SwitchContext
 .text.SwitchContextToFirstTask
                0x0000b8b8       0x48 ..\obj\HAL.o
                0x0000b8b8                SwitchContextToFirstTask
 .text.CreateVirtualStack
                0x0000b900      0x134 ..\obj\HAL.o
                0x0000b900                CreateVirtualStack
 .text.OS_CPU_SR_Save
                0x0000ba34       0x18 ..\obj\HAL.o
                0x0000ba34                OS_CPU_SR_Save
 .text.OS_CPU_SR_Restore
                0x0000ba4c       0x14 ..\obj\HAL.o
                0x0000ba4c                OS_CPU_SR_Restore
 .text.bootstrap
                0x0000ba60       0x14 ..\obj\nullsec.o
 .text.send     0x0000ba74       0x2c ..\obj\nullsec.o
 .text.on_frame_created
                0x0000baa0        0xc ..\obj\nullsec.o
 .text.input    0x0000baac       0x14 ..\obj\nullsec.o
 .text.get_overhead
                0x0000bac0        0xc ..\obj\nullsec.o
 .text.rpl_verify_header
                0x0000bacc      0x2a8 ..\obj\rpl-ext-header.o
                0x0000bacc                rpl_verify_header
 .text.set_rpl_opt
                0x0000bd74      0x13c ..\obj\rpl-ext-header.o
 .text.rpl_update_header_empty
                0x0000beb0      0x2e0 ..\obj\rpl-ext-header.o
                0x0000beb0                rpl_update_header_empty
 .text.rpl_update_header_final
                0x0000c190      0x150 ..\obj\rpl-ext-header.o
                0x0000c190                rpl_update_header_final
 .text.rpl_invert_header
                0x0000c2e0      0x164 ..\obj\rpl-ext-header.o
                0x0000c2e0                rpl_invert_header
 .text.rpl_insert_header
                0x0000c444       0x24 ..\obj\rpl-ext-header.o
                0x0000c444                rpl_insert_header
 .text.System_Time
                0x0000c468       0x44 ..\obj\tasks.o
                0x0000c468                System_Time
 .text.handle_periodic_timer
                0x0000c4ac       0x50 ..\obj\rpl-timers.o
 .text.new_dio_interval
                0x0000c4fc      0x100 ..\obj\rpl-timers.o
 .text.handle_dio_timer
                0x0000c5fc      0x144 ..\obj\rpl-timers.o
 .text.rpl_reset_periodic_timer
                0x0000c740       0x58 ..\obj\rpl-timers.o
                0x0000c740                rpl_reset_periodic_timer
 .text.rpl_reset_dio_timer
                0x0000c798       0x3c ..\obj\rpl-timers.o
                0x0000c798                rpl_reset_dio_timer
 .text.set_dao_lifetime_timer
                0x0000c7d4       0xac ..\obj\rpl-timers.o
 .text.handle_dao_timer
                0x0000c880       0xb4 ..\obj\rpl-timers.o
 .text.schedule_dao
                0x0000c934       0xcc ..\obj\rpl-timers.o
 .text.rpl_schedule_dao
                0x0000ca00       0x20 ..\obj\rpl-timers.o
                0x0000ca00                rpl_schedule_dao
 .text.get_probing_target
                0x0000ca20      0x198 ..\obj\rpl-timers.o
 .text.handle_probing_timer
                0x0000cbb8       0x74 ..\obj\rpl-timers.o
 .text.rpl_schedule_probing
                0x0000cc2c       0x50 ..\obj\rpl-timers.o
                0x0000cc2c                rpl_schedule_probing
 .text.calculate_path_metric
                0x0000cc7c       0x40 ..\obj\rpl-mrhof.o
 .text.reset    0x0000ccbc       0x1c ..\obj\rpl-mrhof.o
 .text.neighbor_link_callback
                0x0000ccd8       0xf8 ..\obj\rpl-mrhof.o
 .text.calculate_rank
                0x0000cdd0       0x9c ..\obj\rpl-mrhof.o
 .text.best_dag
                0x0000ce6c       0x64 ..\obj\rpl-mrhof.o
 .text.best_parent
                0x0000ced0       0xd4 ..\obj\rpl-mrhof.o
 .text.update_metric_container
                0x0000cfa4       0x14 ..\obj\rpl-mrhof.o
 .text.rtimer_init
                0x0000cfb8        0xc ..\obj\rtimer.o
                0x0000cfb8                rtimer_init
 .text.queuebuf_load_to_ram
                0x0000cfc4       0x14 ..\obj\queuebuf.o
 .text.queuebuf_init
                0x0000cfd8       0x20 ..\obj\queuebuf.o
                0x0000cfd8                queuebuf_init
 .text.queuebuf_numfree
                0x0000cff8       0x18 ..\obj\queuebuf.o
                0x0000cff8                queuebuf_numfree
 .text.queuebuf_new_from_packetbuf
                0x0000d010       0x7c ..\obj\queuebuf.o
                0x0000d010                queuebuf_new_from_packetbuf
 .text.queuebuf_free
                0x0000d08c       0x40 ..\obj\queuebuf.o
                0x0000d08c                queuebuf_free
 .text.queuebuf_to_packetbuf
                0x0000d0cc       0x50 ..\obj\queuebuf.o
                0x0000d0cc                queuebuf_to_packetbuf
 .text.tcpip_handler
                0x0000d11c       0x48 ..\obj\udp-client.o
 .text.timeout_handler
                0x0000d164       0x74 ..\obj\udp-client.o
 .text.print_local_addresses
                0x0000d1d8       0x80 ..\obj\udp-client.o
 .text.set_global_address
                0x0000d258       0x5c ..\obj\udp-client.o
 .text.set_connection_address
                0x0000d2b4      0x100 ..\obj\udp-client.o
 .text.process_thread_udp_client_process
                0x0000d3b4      0x1d8 ..\obj\udp-client.o
 .text.uip_debug_ipaddr_print
                0x0000d58c       0xb8 ..\obj\uip-debug.o
                0x0000d58c                uip_debug_ipaddr_print
 .text.memb_init
                0x0000d644       0x3c ..\obj\memb.o
                0x0000d644                memb_init
 .text.memb_alloc
                0x0000d680       0x5c ..\obj\memb.o
                0x0000d680                memb_alloc
 .text.memb_free
                0x0000d6dc       0x70 ..\obj\memb.o
                0x0000d6dc                memb_free
 .text.memb_inmemb
                0x0000d74c       0x3c ..\obj\memb.o
                0x0000d74c                memb_inmemb
 .text.memb_numfree
                0x0000d788       0x44 ..\obj\memb.o
                0x0000d788                memb_numfree
 .text.process_alloc_event
                0x0000d7cc       0x1c ..\obj\process.o
                0x0000d7cc                process_alloc_event
 .text.process_start
                0x0000d7e8       0x64 ..\obj\process.o
                0x0000d7e8                process_start
 .text.exit_process
                0x0000d84c       0xc4 ..\obj\process.o
 .text.call_process
                0x0000d910       0x80 ..\obj\process.o
 .text.process_init
                0x0000d990       0x40 ..\obj\process.o
                0x0000d990                process_init
 .text.do_poll  0x0000d9d0       0x50 ..\obj\process.o
 .text.do_event
                0x0000da20      0x110 ..\obj\process.o
 .text.process_run
                0x0000db30       0x34 ..\obj\process.o
                0x0000db30                process_run
 .text.process_post
                0x0000db64       0xa8 ..\obj\process.o
                0x0000db64                process_post
 .text.process_post_synch
                0x0000dc0c       0x3c ..\obj\process.o
                0x0000dc0c                process_post_synch
 .text.process_poll
                0x0000dc48       0x34 ..\obj\process.o
                0x0000dc48                process_poll
 .text.process_is_running
                0x0000dc7c       0x1c ..\obj\process.o
                0x0000dc7c                process_is_running
 .text.printchar
                0x0000dc98       0x3c ..\obj\printf_lib.o
 .text.prints   0x0000dcd4       0xb0 ..\obj\printf_lib.o
 .text.printi   0x0000dd84      0x104 ..\obj\printf_lib.o
 .text.print    0x0000de88      0x1dc ..\obj\printf_lib.o
 .text.printf_lib
                0x0000e064       0x2c ..\obj\printf_lib.o
                0x0000e064                printf_lib
 .text.list_init
                0x0000e090       0x14 ..\obj\list.o
                0x0000e090                list_init
 .text.list_head
                0x0000e0a4       0x14 ..\obj\list.o
                0x0000e0a4                list_head
 .text.list_tail
                0x0000e0b8       0x34 ..\obj\list.o
                0x0000e0b8                list_tail
 .text.list_add
                0x0000e0ec       0x44 ..\obj\list.o
                0x0000e0ec                list_add
 .text.list_push
                0x0000e130       0x2c ..\obj\list.o
                0x0000e130                list_push
 .text.list_remove
                0x0000e15c       0x60 ..\obj\list.o
                0x0000e15c                list_remove
 .text.list_length
                0x0000e1bc       0x30 ..\obj\list.o
                0x0000e1bc                list_length
 .text.list_item_next
                0x0000e1ec       0x20 ..\obj\list.o
                0x0000e1ec                list_item_next
 .text._sbrk    0x0000e20c       0x3c ..\obj\syscalls.o
                0x0000e20c                _sbrk
 .text.framer_canonical_create_and_secure
                0x0000e248       0x3c ..\obj\framer.o
                0x0000e248                framer_canonical_create_and_secure
 .text.OSSemCreate
                0x0000e284       0xcc ..\obj\semaphore.o
                0x0000e284                OSSemCreate
 .text.OSSemBinaryCreate
                0x0000e350       0xdc ..\obj\semaphore.o
                0x0000e350                OSSemBinaryCreate
 .text.OSSemPend
                0x0000e42c      0x234 ..\obj\semaphore.o
                0x0000e42c                OSSemPend
 .text.OSSemPost
                0x0000e660       0xe0 ..\obj\semaphore.o
                0x0000e660                OSSemPost
 .text.uip_nameserver_get
                0x0000e740       0x28 ..\obj\uip-nameserver.o
                0x0000e740                uip_nameserver_get
 .text.rpl_get_mode
                0x0000e768       0x14 ..\obj\rpl.o
                0x0000e768                rpl_get_mode
 .text.rpl_purge_routes
                0x0000e77c       0xd0 ..\obj\rpl.o
                0x0000e77c                rpl_purge_routes
 .text.rpl_remove_routes
                0x0000e84c       0x48 ..\obj\rpl.o
                0x0000e84c                rpl_remove_routes
 .text.rpl_remove_routes_by_nexthop
                0x0000e894       0x64 ..\obj\rpl.o
                0x0000e894                rpl_remove_routes_by_nexthop
 .text.rpl_add_route
                0x0000e8f8       0x94 ..\obj\rpl.o
                0x0000e8f8                rpl_add_route
 .text.rpl_link_neighbor_callback
                0x0000e98c       0xe8 ..\obj\rpl.o
                0x0000e98c                rpl_link_neighbor_callback
 .text.rpl_ipv6_neighbor_callback
                0x0000ea74       0x8c ..\obj\rpl.o
                0x0000ea74                rpl_ipv6_neighbor_callback
 .text.rpl_init
                0x0000eb00       0x78 ..\obj\rpl.o
                0x0000eb00                rpl_init
 .text.OSQueueCreate
                0x0000eb78      0x1b8 ..\obj\queue.o
                0x0000eb78                OSQueueCreate
 .text.OSUpdateUptime
                0x0000ed30       0x90 ..\obj\OS_RTC.o
                0x0000ed30                OSUpdateUptime
 .text.OSResetTime
                0x0000edc0       0x38 ..\obj\OS_RTC.o
                0x0000edc0                OSResetTime
 .text.random_init
                0x0000edf8       0x1c ..\obj\random.o
                0x0000edf8                random_init
 .text.random_rand
                0x0000ee14       0x14 ..\obj\random.o
                0x0000ee14                random_rand
 .text.send_packet
                0x0000ee28       0x24 ..\obj\nullmac.o
 .text.packet_input
                0x0000ee4c       0x14 ..\obj\nullmac.o
 .text.on       0x0000ee60       0x18 ..\obj\nullmac.o
 .text.off      0x0000ee78       0x20 ..\obj\nullmac.o
 .text.channel_check_interval
                0x0000ee98        0xc ..\obj\nullmac.o
 .text.init     0x0000eea4        0x8 ..\obj\nullmac.o
 .text.rxbuf_init
                0x0000eeac       0x34 ..\obj\slip.o
 .text.slip_poll_handler
                0x0000eee0      0x1d0 ..\obj\slip.o
 .text.process_thread_slip_process
                0x0000f0b0       0xbc ..\obj\slip.o
 .text.slip_input_byte
                0x0000f16c      0x188 ..\obj\slip.o
                0x0000f16c                slip_input_byte
 .text.process_thread_ctimer_process
                0x0000f2f4      0x10c ..\obj\ctimer.o
 .text.ctimer_init
                0x0000f400       0x30 ..\obj\ctimer.o
                0x0000f400                ctimer_init
 .text.ctimer_set
                0x0000f430       0x80 ..\obj\ctimer.o
                0x0000f430                ctimer_set
 .text.ctimer_reset
                0x0000f4b0       0x50 ..\obj\ctimer.o
                0x0000f4b0                ctimer_reset
 .text.ctimer_stop
                0x0000f500       0x44 ..\obj\ctimer.o
                0x0000f500                ctimer_stop
 .text.mac_call_sent_callback
                0x0000f544       0x28 ..\obj\mac.o
                0x0000f544                mac_call_sent_callback
 .text.send_one_packet
                0x0000f56c       0x98 ..\obj\nullrdc.o
 .text.send_packet
                0x0000f604       0x1c ..\obj\nullrdc.o
 .text.send_list
                0x0000f620       0x48 ..\obj\nullrdc.o
 .text.packet_input
                0x0000f668       0x54 ..\obj\nullrdc.o
 .text.on       0x0000f6bc       0x18 ..\obj\nullrdc.o
 .text.off      0x0000f6d4       0x2c ..\obj\nullrdc.o
 .text.channel_check_interval
                0x0000f700        0xc ..\obj\nullrdc.o
 .text.init     0x0000f70c        0xc ..\obj\nullrdc.o
 .text.uip_ds6_init
                0x0000f718      0x188 ..\obj\uip-ds6.o
                0x0000f718                uip_ds6_init
 .text.uip_ds6_periodic
                0x0000f8a0       0x78 ..\obj\uip-ds6.o
                0x0000f8a0                uip_ds6_periodic
 .text.uip_ds6_list_loop
                0x0000f918       0xa0 ..\obj\uip-ds6.o
                0x0000f918                uip_ds6_list_loop
 .text.uip_ds6_prefix_add
                0x0000f9b8       0xd4 ..\obj\uip-ds6.o
                0x0000f9b8                uip_ds6_prefix_add
 .text.uip_ds6_is_addr_onlink
                0x0000fa8c       0x6c ..\obj\uip-ds6.o
                0x0000fa8c                uip_ds6_is_addr_onlink
 .text.uip_ds6_addr_add
                0x0000faf8       0xec ..\obj\uip-ds6.o
                0x0000faf8                uip_ds6_addr_add
 .text.uip_ds6_addr_rm
                0x0000fbe4       0x8c ..\obj\uip-ds6.o
                0x0000fbe4                uip_ds6_addr_rm
 .text.uip_ds6_addr_lookup
                0x0000fc70       0x3c ..\obj\uip-ds6.o
                0x0000fc70                uip_ds6_addr_lookup
 .text.uip_ds6_get_link_local
                0x0000fcac       0x80 ..\obj\uip-ds6.o
                0x0000fcac                uip_ds6_get_link_local
 .text.uip_ds6_maddr_add
                0x0000fd2c       0x58 ..\obj\uip-ds6.o
                0x0000fd2c                uip_ds6_maddr_add
 .text.uip_ds6_maddr_rm
                0x0000fd84       0x1c ..\obj\uip-ds6.o
                0x0000fd84                uip_ds6_maddr_rm
 .text.uip_ds6_maddr_lookup
                0x0000fda0       0x3c ..\obj\uip-ds6.o
                0x0000fda0                uip_ds6_maddr_lookup
 .text.uip_ds6_select_src
                0x0000fddc      0x120 ..\obj\uip-ds6.o
                0x0000fddc                uip_ds6_select_src
 .text.uip_ds6_set_addr_iid
                0x0000fefc       0x30 ..\obj\uip-ds6.o
                0x0000fefc                uip_ds6_set_addr_iid
 .text.get_match_length
                0x0000ff2c       0xd8 ..\obj\uip-ds6.o
                0x0000ff2c                get_match_length
 .text.uip_ds6_compute_reachable_time
                0x00010004       0x4c ..\obj\uip-ds6.o
                0x00010004                uip_ds6_compute_reachable_time
 .text.USART0IntHandler
                0x00010050       0xb8 ..\obj\UART.o
                0x00010050                USART0IntHandler
 .text.UARTPutChar
                0x00010108       0xac ..\obj\UART.o
                0x00010108                UARTPutChar
 .text.Init_UART0
                0x000101b4       0xcc ..\obj\UART.o
                0x000101b4                Init_UART0
 .text.linkaddr_copy
                0x00010280       0x20 ..\obj\linkaddr.o
                0x00010280                linkaddr_copy
 .text.linkaddr_cmp
                0x000102a0       0x28 ..\obj\linkaddr.o
                0x000102a0                linkaddr_cmp
 .text.linkaddr_set_node_addr
                0x000102c8       0x20 ..\obj\linkaddr.o
                0x000102c8                linkaddr_set_node_addr
 .text.autostart_start
                0x000102e8       0x3c ..\obj\autostart.o
                0x000102e8                autostart_start
 .text.init_net
                0x00010324      0x42c ..\obj\init-net.o
                0x00010324                init_net
 .text.stimer_set
                0x00010750       0x20 ..\obj\stimer.o
                0x00010750                stimer_set
 .text.stimer_expired
                0x00010770       0x30 ..\obj\stimer.o
                0x00010770                stimer_expired
 .text.UART0SEIntHandler
                0x000107a0       0x58 ..\obj\xuart.o
                0x000107a0                UART0SEIntHandler
 .text.UART1SEIntHandler
                0x000107f8       0x58 ..\obj\xuart.o
                0x000107f8                UART1SEIntHandler
 .text.UART2SEIntHandler
                0x00010850       0x58 ..\obj\xuart.o
                0x00010850                UART2SEIntHandler
 .text.UARTConfigSet
                0x000108a8      0x380 ..\obj\xuart.o
                0x000108a8                UARTConfigSet
 .text.UARTEnable
                0x00010c28       0x28 ..\obj\xuart.o
                0x00010c28                UARTEnable
 .text.UARTDisable
                0x00010c50       0x2c ..\obj\xuart.o
                0x00010c50                UARTDisable
 .text.UARTIntEnable
                0x00010c7c       0x94 ..\obj\xuart.o
                0x00010c7c                UARTIntEnable
 .text.UARTIntDisable
                0x00010d10       0xa0 ..\obj\xuart.o
                0x00010d10                UARTIntDisable
 .text.UARTIntCallbackInit
                0x00010db0       0x50 ..\obj\xuart.o
                0x00010db0                UARTIntCallbackInit
 .text.skip_name
                0x00010e00       0x60 ..\obj\resolv.o
 .text.encode_name
                0x00010e60       0x8c ..\obj\resolv.o
 .text.try_next_server
                0x00010eec       0x3c ..\obj\resolv.o
 .text.check_entries
                0x00010f28      0x168 ..\obj\resolv.o
 .text.newdata  0x00011090      0x218 ..\obj\resolv.o
 .text.process_thread_resolv_process
                0x000112a8       0xf8 ..\obj\resolv.o
 .text.init     0x000113a0       0x28 ..\obj\resolv.o
 .text.resolv_query
                0x000113c8      0x110 ..\obj\resolv.o
                0x000113c8                resolv_query
 .text.resolv_lookup
                0x000114d8       0xac ..\obj\resolv.o
                0x000114d8                resolv_lookup
 .text.resolv_found
                0x00011584       0x24 ..\obj\resolv.o
 .text.is_broadcast_addr
                0x000115a8       0x44 ..\obj\framer-802154.o
 .text.create_frame
                0x000115ec      0x1b4 ..\obj\framer-802154.o
 .text.hdr_length
                0x000117a0       0x14 ..\obj\framer-802154.o
 .text.create   0x000117b4       0x14 ..\obj\framer-802154.o
 .text.parse    0x000117c8       0xc4 ..\obj\framer-802154.o
 .text.addr_len
                0x0001188c       0x2c ..\obj\frame802154.o
 .text.field_len
                0x000118b8       0xa8 ..\obj\frame802154.o
 .text.frame802154_hdrlen
                0x00011960       0x48 ..\obj\frame802154.o
                0x00011960                frame802154_hdrlen
 .text.frame802154_create
                0x000119a8      0x1c0 ..\obj\frame802154.o
                0x000119a8                frame802154_create
 .text.frame802154_parse
                0x00011b68      0x27c ..\obj\frame802154.o
                0x00011b68                frame802154_parse
 .text.get_global_addr
                0x00011de4       0x94 ..\obj\rpl-icmp6.o
 .text.get32    0x00011e78       0x44 ..\obj\rpl-icmp6.o
 .text.set32    0x00011ebc       0x60 ..\obj\rpl-icmp6.o
 .text.get16    0x00011f1c       0x34 ..\obj\rpl-icmp6.o
 .text.set16    0x00011f50       0x40 ..\obj\rpl-icmp6.o
 .text.dis_input
                0x00011f90       0x98 ..\obj\rpl-icmp6.o
 .text.dis_output
                0x00012028       0xac ..\obj\rpl-icmp6.o
                0x00012028                dis_output
 .text.dio_input
                0x000120d4      0xb58 ..\obj\rpl-icmp6.o
 .text.dio_output
                0x00012c2c      0x510 ..\obj\rpl-icmp6.o
                0x00012c2c                dio_output
 .text.dao_input
                0x0001313c      0x584 ..\obj\rpl-icmp6.o
 .text.dao_output
                0x000136c0       0x44 ..\obj\rpl-icmp6.o
                0x000136c0                dao_output
 .text.dao_output_target
                0x00013704      0x280 ..\obj\rpl-icmp6.o
                0x00013704                dao_output_target
 .text.dao_ack_input
                0x00013984       0x14 ..\obj\rpl-icmp6.o
 .text.dao_ack_output
                0x00013998       0x7c ..\obj\rpl-icmp6.o
                0x00013998                dao_ack_output
 .text.rpl_icmp6_register_handlers
                0x00013a14       0x38 ..\obj\rpl-icmp6.o
                0x00013a14                rpl_icmp6_register_handlers
 .text.clock_init
                0x00013a4c       0x18 ..\obj\clock.o
                0x00013a4c                clock_init
 .text.clock_time
                0x00013a64       0x18 ..\obj\clock.o
                0x00013a64                clock_time
 .text.clock_seconds
                0x00013a7c       0x28 ..\obj\clock.o
                0x00013a7c                clock_seconds
 .text.clock_delay_usec
                0x00013aa4       0x38 ..\obj\clock.o
                0x00013aa4                clock_delay_usec
 .text.BRTOS_TimerHook
                0x00013adc       0x68 ..\obj\clock.o
                0x00013adc                BRTOS_TimerHook
 .text          0x00013b44      0x120 c:/program files (x86)/gnu tools arm embedded/4.9 2015q3/bin/../lib/gcc/arm-none-eabi/4.9.3/armv6-m\libgcc.a(_udivsi3.o)
                0x00013b44                __aeabi_uidiv
                0x00013b44                __udivsi3
                0x00013c50                __aeabi_uidivmod
 .text          0x00013c64      0x1e0 c:/program files (x86)/gnu tools arm embedded/4.9 2015q3/bin/../lib/gcc/arm-none-eabi/4.9.3/armv6-m\libgcc.a(_divsi3.o)
                0x00013c64                __divsi3
                0x00013c64                __aeabi_idiv
                0x00013e30                __aeabi_idivmod
 .text          0x00013e44        0x4 c:/program files (x86)/gnu tools arm embedded/4.9 2015q3/bin/../lib/gcc/arm-none-eabi/4.9.3/armv6-m\libgcc.a(_dvmd_tls.o)
                0x00013e44                __aeabi_idiv0
                0x00013e44                __aeabi_ldiv0
 .text          0x00013e48       0x40 c:/program files (x86)/gnu tools arm embedded/4.9 2015q3/bin/../lib/gcc/arm-none-eabi/4.9.3/armv6-m\libgcc.a(_aeabi_uldivmod.o)
                0x00013e48                __aeabi_uldivmod
 .text          0x00013e88       0x54 c:/program files (x86)/gnu tools arm embedded/4.9 2015q3/bin/../lib/gcc/arm-none-eabi/4.9.3/armv6-m\libgcc.a(_muldi3.o)
                0x00013e88                __muldi3
                0x00013e88                __aeabi_lmul
 .text          0x00013edc       0x6c c:/program files (x86)/gnu tools arm embedded/4.9 2015q3/bin/../lib/gcc/arm-none-eabi/4.9.3/armv6-m\libgcc.a(bpabi.o)
                0x00013edc                __gnu_ldivmod_helper
                0x00013f14                __gnu_uldivmod_helper
 .text          0x00013f48      0x1f0 c:/program files (x86)/gnu tools arm embedded/4.9 2015q3/bin/../lib/gcc/arm-none-eabi/4.9.3/armv6-m\libgcc.a(_divdi3.o)
                0x00013f48                __divdi3
 .text          0x00014138      0x158 c:/program files (x86)/gnu tools arm embedded/4.9 2015q3/bin/../lib/gcc/arm-none-eabi/4.9.3/armv6-m\libgcc.a(_udivdi3.o)
                0x00014138                __udivdi3
 .text          0x00014290       0x18 c:/program files (x86)/gnu tools arm embedded/4.9 2015q3/bin/../lib/gcc/arm-none-eabi/4.9.3/armv6-m\libgcc.a(_clzdi2.o)
                0x00014290                __clzdi2
 .text          0x000142a8       0x3c c:/program files (x86)/gnu tools arm embedded/4.9 2015q3/bin/../lib/gcc/arm-none-eabi/4.9.3/armv6-m\libgcc.a(_clzsi2.o)
                0x000142a8                __clzsi2
 .text.memcmp   0x000142e4       0x1e c:/program files (x86)/gnu tools arm embedded/4.9 2015q3/bin/../lib/gcc/arm-none-eabi/4.9.3/../../../../arm-none-eabi/lib/armv6-m\libg_nano.a(lib_a-memcmp.o)
                0x000142e4                memcmp
 .text.memcpy   0x00014302       0x12 c:/program files (x86)/gnu tools arm embedded/4.9 2015q3/bin/../lib/gcc/arm-none-eabi/4.9.3/../../../../arm-none-eabi/lib/armv6-m\libg_nano.a(lib_a-memcpy.o)
                0x00014302                memcpy
 .text.memmove  0x00014314       0x28 c:/program files (x86)/gnu tools arm embedded/4.9 2015q3/bin/../lib/gcc/arm-none-eabi/4.9.3/../../../../arm-none-eabi/lib/armv6-m\libg_nano.a(lib_a-memmove.o)
                0x00014314                memmove
 .text.memset   0x0001433c       0x10 c:/program files (x86)/gnu tools arm embedded/4.9 2015q3/bin/../lib/gcc/arm-none-eabi/4.9.3/../../../../arm-none-eabi/lib/armv6-m\libg_nano.a(lib_a-memset.o)
                0x0001433c                memset
 .text.srand    0x0001434c       0x5c c:/program files (x86)/gnu tools arm embedded/4.9 2015q3/bin/../lib/gcc/arm-none-eabi/4.9.3/../../../../arm-none-eabi/lib/armv6-m\libg_nano.a(lib_a-rand.o)
                0x0001434c                srand
 .text.rand     0x000143a8       0x78 c:/program files (x86)/gnu tools arm embedded/4.9 2015q3/bin/../lib/gcc/arm-none-eabi/4.9.3/../../../../arm-none-eabi/lib/armv6-m\libg_nano.a(lib_a-rand.o)
                0x000143a8                rand
 .text.sprintf  0x00014420       0x44 c:/program files (x86)/gnu tools arm embedded/4.9 2015q3/bin/../lib/gcc/arm-none-eabi/4.9.3/../../../../arm-none-eabi/lib/armv6-m\libg_nano.a(lib_a-sprintf.o)
                0x00014420                siprintf
                0x00014420                sprintf
 .text.strcasecmp
                0x00014464       0x3c c:/program files (x86)/gnu tools arm embedded/4.9 2015q3/bin/../lib/gcc/arm-none-eabi/4.9.3/../../../../arm-none-eabi/lib/armv6-m\libg_nano.a(lib_a-strcasecmp.o)
                0x00014464                strcasecmp
 .text.strlen   0x000144a0        0xe c:/program files (x86)/gnu tools arm embedded/4.9 2015q3/bin/../lib/gcc/arm-none-eabi/4.9.3/../../../../arm-none-eabi/lib/armv6-m\libg_nano.a(lib_a-strlen.o)
                0x000144a0                strlen
 .text.strncpy  0x000144ae       0x28 c:/program files (x86)/gnu tools arm embedded/4.9 2015q3/bin/../lib/gcc/arm-none-eabi/4.9.3/../../../../arm-none-eabi/lib/armv6-m\libg_nano.a(lib_a-strncpy.o)
                0x000144ae                strncpy
 *fill*         0x000144d6        0x2 
 .text.malloc   0x000144d8       0x14 c:/program files (x86)/gnu tools arm embedded/4.9 2015q3/bin/../lib/gcc/arm-none-eabi/4.9.3/../../../../arm-none-eabi/lib/armv6-m\libg_nano.a(lib_a-malloc.o)
                0x000144d8                malloc
 .text._free_r  0x000144ec       0x8c c:/program files (x86)/gnu tools arm embedded/4.9 2015q3/bin/../lib/gcc/arm-none-eabi/4.9.3/../../../../arm-none-eabi/lib/armv6-m\libg_nano.a(lib_a-nano-freer.o)
                0x000144ec                _free_r
 .text._malloc_r
                0x00014578       0xb0 c:/program files (x86)/gnu tools arm embedded/4.9 2015q3/bin/../lib/gcc/arm-none-eabi/4.9.3/../../../../arm-none-eabi/lib/armv6-m\libg_nano.a(lib_a-nano-mallocr.o)
                0x00014578                _malloc_r
 .text.__ssputs_r
                0x00014628       0xc0 c:/program files (x86)/gnu tools arm embedded/4.9 2015q3/bin/../lib/gcc/arm-none-eabi/4.9.3/../../../../arm-none-eabi/lib/armv6-m\libg_nano.a(lib_a-nano-svfprintf.o)
                0x00014628                __ssputs_r
 .text._svfprintf_r
                0x000146e8      0x1ec c:/program files (x86)/gnu tools arm embedded/4.9 2015q3/bin/../lib/gcc/arm-none-eabi/4.9.3/../../../../arm-none-eabi/lib/armv6-m\libg_nano.a(lib_a-nano-svfprintf.o)
                0x000146e8                _svfiprintf_r
                0x000146e8                _svfprintf_r
 .text._printf_common
                0x000148d4       0xdc c:/program files (x86)/gnu tools arm embedded/4.9 2015q3/bin/../lib/gcc/arm-none-eabi/4.9.3/../../../../arm-none-eabi/lib/armv6-m\libg_nano.a(lib_a-nano-vfprintf_i.o)
                0x000148d4                _printf_common
 .text._printf_i
                0x000149b0      0x230 c:/program files (x86)/gnu tools arm embedded/4.9 2015q3/bin/../lib/gcc/arm-none-eabi/4.9.3/../../../../arm-none-eabi/lib/armv6-m\libg_nano.a(lib_a-nano-vfprintf_i.o)
                0x000149b0                _printf_i
 .text._sbrk_r  0x00014be0       0x24 c:/program files (x86)/gnu tools arm embedded/4.9 2015q3/bin/../lib/gcc/arm-none-eabi/4.9.3/../../../../arm-none-eabi/lib/armv6-m\libg_nano.a(lib_a-sbrkr.o)
                0x00014be0                _sbrk_r
 .text.memchr   0x00014c04       0x16 c:/program files (x86)/gnu tools arm embedded/4.9 2015q3/bin/../lib/gcc/arm-none-eabi/4.9.3/../../../../arm-none-eabi/lib/armv6-m\libg_nano.a(lib_a-memchr.o)
                0x00014c04                memchr
 .text._realloc_r
                0x00014c1a       0x4c c:/program files (x86)/gnu tools arm embedded/4.9 2015q3/bin/../lib/gcc/arm-none-eabi/4.9.3/../../../../arm-none-eabi/lib/armv6-m\libg_nano.a(lib_a-nano-reallocr.o)
                0x00014c1a                _realloc_r
 .text._malloc_usable_size_r
                0x00014c66       0x16 c:/program files (x86)/gnu tools arm embedded/4.9 2015q3/bin/../lib/gcc/arm-none-eabi/4.9.3/../../../../arm-none-eabi/lib/armv6-m\libg_nano.a(lib_a-nano-msizer.o)
                0x00014c66                _malloc_usable_size_r
 *(.init)
 *(.fini)
 *crtbegin.o(.ctors)
 *crtbegin?.o(.ctors)
 *(EXCLUDE_FILE(*crtend.o *crtend?.o) .ctors)
 *(SORT(.ctors.*))
 *(.ctors)
 *crtbegin.o(.dtors)
 *crtbegin?.o(.dtors)
 *(EXCLUDE_FILE(*crtend.o *crtend?.o) .dtors)
 *(SORT(.dtors.*))
 *(.dtors)
 *(.rodata*)
 .rodata        0x00014c7c      0x3e0 ..\obj\uip-ds6-route.o
 .rodata        0x0001505c       0x14 ..\obj\main_app.o
 .rodata        0x00015070       0x14 ..\obj\xgpio.o
 .rodata        0x00015084       0x7e ..\obj\tcpip.o
 *fill*         0x00015102        0x2 
 .rodata        0x00015104      0x6dc ..\obj\uip6.o
 .rodata        0x000157e0       0x90 ..\obj\BRTOS.o
                0x000157f0                PriorityMask
 .rodata        0x00015870       0xb1 ..\obj\uip-ds6-nbr.o
 *fill*         0x00015921        0x3 
 .rodata        0x00015924       0x92 ..\obj\contiki-main.o
                0x00015974                addr
 *fill*         0x000159b6        0x2 
 .rodata        0x000159b8       0x53 ..\obj\uiplib.o
 *fill*         0x00015a0b        0x1 
 .rodata        0x00015a0c        0xc ..\obj\etimer.o
 .rodata        0x00015a18       0x48 ..\obj\mrf24j40.o
                0x00015a28                mrf24j40_driver
 .rodata        0x00015a60       0xe8 ..\obj\xsysctl.o
 .rodata        0x00015b48      0x544 ..\obj\sicslowpan.o
                0x00015b48                unc_llconf
                0x00015b4c                unc_ctxconf
                0x00015b50                unc_mxconf
                0x00015b54                llprefix
                0x00016080                sicslowpan_driver
 .rodata        0x0001608c      0xab3 ..\obj\rpl-dag.o
 *fill*         0x00016b3f        0x1 
 .rodata        0x00016b40       0x20 ..\obj\nullsec.o
                0x00016b48                nullsec_driver
 .rodata        0x00016b60      0x4b4 ..\obj\rpl-ext-header.o
 .rodata        0x00017014      0x23a ..\obj\rpl-timers.o
 *fill*         0x0001724e        0x2 
 .rodata        0x00017250       0x6f ..\obj\rpl-mrhof.o
 *fill*         0x000172bf        0x1 
 .rodata        0x000172c0      0x1ae ..\obj\udp-client.o
                0x000172d4                autostart_processes
 *fill*         0x0001746e        0x2 
 .rodata        0x00017470       0x31 ..\obj\uip-debug.o
 *fill*         0x000174a1        0x3 
 .rodata        0x000174a4        0x7 ..\obj\printf_lib.o
 *fill*         0x000174ab        0x1 
 .rodata        0x000174ac      0x149 ..\obj\rpl.o
 *fill*         0x000175f5        0x3 
 .rodata        0x000175f8       0x24 ..\obj\nullmac.o
                0x00017600                nullmac_driver
 .rodata        0x0001761c       0x22 ..\obj\slip.o
 *fill*         0x0001763e        0x2 
 .rodata        0x00017640        0xf ..\obj\ctimer.o
 *fill*         0x0001764f        0x1 
 .rodata        0x00017650       0x28 ..\obj\nullrdc.o
                0x00017658                nullrdc_driver
 .rodata        0x00017678      0x10a ..\obj\uip-ds6.o
 *fill*         0x00017782        0x2 
 .rodata        0x00017784        0x8 ..\obj\linkaddr.o
                0x00017784                linkaddr_null
 .rodata        0x0001778c       0xf2 ..\obj\init-net.o
 *fill*         0x0001787e        0x2 
 .rodata        0x00017880        0xd ..\obj\resolv.o
 *fill*         0x0001788d        0x3 
 .rodata        0x00017890       0x14 ..\obj\framer-802154.o
                0x00017894                framer_802154
 .rodata        0x000178a4      0x87b ..\obj\rpl-icmp6.o
 .rodata.str1.1
                0x0001811f        0x2 c:/program files (x86)/gnu tools arm embedded/4.9 2015q3/bin/../lib/gcc/arm-none-eabi/4.9.3/../../../../arm-none-eabi/lib/armv6-m\libg_nano.a(lib_a-impure.o)
 .rodata._ctype_
                0x00018121      0x101 c:/program files (x86)/gnu tools arm embedded/4.9 2015q3/bin/../lib/gcc/arm-none-eabi/4.9.3/../../../../arm-none-eabi/lib/armv6-m\libg_nano.a(lib_a-ctype_.o)
                0x00018121                _ctype_
 *fill*         0x00018222        0x2 
 .rodata.__sf_fake_stdin
                0x00018224       0x20 c:/program files (x86)/gnu tools arm embedded/4.9 2015q3/bin/../lib/gcc/arm-none-eabi/4.9.3/../../../../arm-none-eabi/lib/armv6-m\libg_nano.a(lib_a-findfp.o)
                0x00018224                __sf_fake_stdin
 .rodata.__sf_fake_stdout
                0x00018244       0x20 c:/program files (x86)/gnu tools arm embedded/4.9 2015q3/bin/../lib/gcc/arm-none-eabi/4.9.3/../../../../arm-none-eabi/lib/armv6-m\libg_nano.a(lib_a-findfp.o)
                0x00018244                __sf_fake_stdout
 .rodata.__sf_fake_stderr
                0x00018264       0x20 c:/program files (x86)/gnu tools arm embedded/4.9 2015q3/bin/../lib/gcc/arm-none-eabi/4.9.3/../../../../arm-none-eabi/lib/armv6-m\libg_nano.a(lib_a-findfp.o)
                0x00018264                __sf_fake_stderr
 .rodata.str1.1
                0x00018284       0x11 c:/program files (x86)/gnu tools arm embedded/4.9 2015q3/bin/../lib/gcc/arm-none-eabi/4.9.3/../../../../arm-none-eabi/lib/armv6-m\libg_nano.a(lib_a-nano-svfprintf.o)
 .rodata.str1.1
                0x00018295       0x22 c:/program files (x86)/gnu tools arm embedded/4.9 2015q3/bin/../lib/gcc/arm-none-eabi/4.9.3/../../../../arm-none-eabi/lib/armv6-m\libg_nano.a(lib_a-nano-vfprintf_i.o)
 *(.eh_fram e*)

.glue_7         0x000182b8        0x0
 .glue_7        0x00000000        0x0 linker stubs

.glue_7t        0x000182b8        0x0
 .glue_7t       0x00000000        0x0 linker stubs

.vfp11_veneer   0x000182b8        0x0
 .vfp11_veneer  0x00000000        0x0 linker stubs

.v4_bx          0x000182b8        0x0
 .v4_bx         0x00000000        0x0 linker stubs

.iplt           0x000182b8        0x0
 .iplt          0x00000000        0x0 ..\obj\slip-arch.o

.ARM.extab
 *(.ARM.extab* .gnu.linkonce.armextab.*)
                0x000182b8                __exidx_start = .

.ARM.exidx      0x000182b8        0x8
 *(.ARM.exidx* .gnu.linkonce.armexidx.*)
 .ARM.exidx     0x000182b8        0x8 c:/program files (x86)/gnu tools arm embedded/4.9 2015q3/bin/../lib/gcc/arm-none-eabi/4.9.3/armv6-m\libgcc.a(_divdi3.o)
 .ARM.exidx     0x000182c0        0x0 c:/program files (x86)/gnu tools arm embedded/4.9 2015q3/bin/../lib/gcc/arm-none-eabi/4.9.3/armv6-m\libgcc.a(_udivdi3.o)
                                  0x8 (size before relaxing)
                0x000182c0                __exidx_end = .
                0x000182c0                __etext = .
                0x000182c0                _sidata = __etext

.rel.dyn        0x000182c0        0x0
 .rel.iplt      0x00000000        0x0 ..\obj\slip-arch.o

.data           0x1ffff000      0x20c load address 0x000182c0
                0x1ffff000                __data_start__ = .
                0x1ffff000                _sdata = __data_start__
 *(vtable)
 *(.data*)
 .data          0x1ffff000       0x44 ..\obj\uip-ds6-route.o
 .data          0x1ffff044       0x20 ..\obj\uip-icmp6.o
 .data          0x1ffff064       0x10 ..\obj\tcpip.o
                0x1ffff064                tcpip_process
 .data          0x1ffff074        0xd ..\obj\BRTOS.o
                0x1ffff074                version
                0x1ffff078                StackAddress
                0x1ffff07c                OSBlockedList
                0x1ffff080                flag_load
 *fill*         0x1ffff081        0x3 
 .data          0x1ffff084       0x14 ..\obj\uip-ds6-nbr.o
                0x1ffff094                ds6_neighbors
 .data          0x1ffff098        0x8 ..\obj\contiki-main.o
                0x1ffff098                procinit
 .data          0x1ffff0a0        0xc ..\obj\uip-packetqueue.o
 .data          0x1ffff0ac       0x10 ..\obj\nbr-table.o
 .data          0x1ffff0bc       0x10 ..\obj\etimer.o
                0x1ffff0bc                etimer_process
 .data          0x1ffff0cc       0x10 ..\obj\mrf24j40.o
                0x1ffff0cc                mrf24j40_process
 .data          0x1ffff0dc        0x4 ..\obj\packetbuf.o
 .data          0x1ffff0e0       0x14 ..\obj\rpl-dag.o
                0x1ffff0f0                rpl_parents
 .data          0x1ffff0f4       0x1c ..\obj\rpl-mrhof.o
                0x1ffff0f4                rpl_mrhof
 .data          0x1ffff110       0x18 ..\obj\queuebuf.o
 .data          0x1ffff128       0x11 ..\obj\udp-client.o
                0x1ffff128                udp_client_process
 *fill*         0x1ffff139        0x3 
 .data          0x1ffff13c       0x10 ..\obj\slip.o
                0x1ffff13c                slip_process
 .data          0x1ffff14c       0x14 ..\obj\ctimer.o
                0x1ffff150                ctimer_process
 .data          0x1ffff160       0x10 ..\obj\resolv.o
                0x1ffff160                resolv_process
 .data          0x1ffff170       0x34 ..\obj\rpl-icmp6.o
 .data.impure_data
                0x1ffff1a4       0x60 c:/program files (x86)/gnu tools arm embedded/4.9 2015q3/bin/../lib/gcc/arm-none-eabi/4.9.3/../../../../arm-none-eabi/lib/armv6-m\libg_nano.a(lib_a-impure.o)
 .data._impure_ptr
                0x1ffff204        0x4 c:/program files (x86)/gnu tools arm embedded/4.9 2015q3/bin/../lib/gcc/arm-none-eabi/4.9.3/../../../../arm-none-eabi/lib/armv6-m\libg_nano.a(lib_a-impure.o)
                0x1ffff204                _impure_ptr
 .data.__ctype_ptr__
                0x1ffff208        0x4 c:/program files (x86)/gnu tools arm embedded/4.9 2015q3/bin/../lib/gcc/arm-none-eabi/4.9.3/../../../../arm-none-eabi/lib/armv6-m\libg_nano.a(lib_a-ctype_.o)
                0x1ffff208                __ctype_ptr__
                0x1ffff20c                . = ALIGN (0x4)
                0x1ffff20c                PROVIDE (__preinit_array_start, .)
 *(.preinit_array)
                0x1ffff20c                PROVIDE (__preinit_array_end, .)
                0x1ffff20c                . = ALIGN (0x4)
                0x1ffff20c                PROVIDE (__init_array_start, .)
 *(SORT(.init_array.*))
 *(.init_array)
                0x1ffff20c                PROVIDE (__init_array_end, .)
                0x1ffff20c                . = ALIGN (0x4)
                0x1ffff20c                PROVIDE (__fini_array_start, .)
 *(SORT(.fini_array.*))
 *(.fini_array)
                0x1ffff20c                PROVIDE (__fini_array_end, .)
 *(.jcr*)
                0x1ffff20c                . = ALIGN (0x4)
                0x1ffff20c                __data_end__ = .
                0x1ffff20c                _edata = __data_end__

.igot.plt       0x1ffff20c        0x0 load address 0x000184cc
 .igot.plt      0x00000000        0x0 ..\obj\slip-arch.o

.bss            0x1ffff210     0x3504 load address 0x000184d0
                0x1ffff210                . = ALIGN (0x4)
                0x1ffff210                __bss_start__ = .
                0x1ffff210                _sbss = __bss_start__
 *(.bss*)
 .bss           0x1ffff210        0x1 ..\obj\slip-arch.o
                0x1ffff210                buffer_send_i
 *fill*         0x1ffff211        0x3 
 .bss           0x1ffff214      0x284 ..\obj\uip-ds6-route.o
 .bss           0x1ffff498       0x18 ..\obj\uip-icmp6.o
 .bss           0x1ffff4b0       0x40 ..\obj\xgpio.o
 .bss           0x1ffff4f0       0x3d ..\obj\tcpip.o
 *fill*         0x1ffff52d        0x3 
 .bss           0x1ffff530      0x220 ..\obj\uip6.o
                0x1ffff530                uip_ext_bitmap
                0x1ffff531                uip_ext_len
                0x1ffff532                uip_ext_opt_offset
 .bss           0x1ffff750        0x2 ..\obj\spi_cox.o
                0x1ffff750                SPI0Data
                0x1ffff751                SPI1Data
 *fill*         0x1ffff752        0x2 
 .bss           0x1ffff754       0x21 ..\obj\BRTOS.o
                0x1ffff754                iStackAddress
                0x1ffff756                iQueueAddress
                0x1ffff758                OSReadyList
                0x1ffff760                OSDuty
                0x1ffff764                OSDutyTmp
                0x1ffff768                LastOSDuty
                0x1ffff76c                DutyCnt
                0x1ffff770                TaskAlloc
                0x1ffff774                iNesting
 *fill*         0x1ffff775        0x3 
 .bss           0x1ffff778      0x134 ..\obj\uip-ds6-nbr.o
 *fill*         0x1ffff8ac        0x4 
 .bss           0x1ffff8b0      0x488 ..\obj\uip-packetqueue.o
 .bss           0x1ffffd38       0x94 ..\obj\nbr-table.o
 .bss           0x1ffffdcc        0x4 ..\obj\xwdt.o
 .bss           0x1ffffdd0       0x10 ..\obj\etimer.o
 .bss           0x1ffffde0        0x6 ..\obj\mrf24j40.o
                0x1ffffde0                int_status
 *fill*         0x1ffffde6        0x2 
 .bss           0x1ffffde8       0xbc ..\obj\packetbuf.o
 *fill*         0x1ffffea4        0x4 
 .bss           0x1ffffea8      0x254 ..\obj\sicslowpan.o
 *fill*         0x200000fc        0x4 
 .bss           0x20000100       0xe0 ..\obj\rpl-dag.o
 .bss           0x200001e0       0x33 ..\obj\rpl-timers.o
 *fill*         0x20000213        0x1 
 .bss           0x20000214      0xb60 ..\obj\queuebuf.o
 *fill*         0x20000d74        0x4 
 .bss           0x20000d78       0x48 ..\obj\udp-client.o
 .bss           0x20000dc0       0x95 ..\obj\process.o
                0x20000dc0                process_list
                0x20000dc4                process_current
 *fill*         0x20000e55        0x3 
 .bss           0x20000e58        0x4 ..\obj\syscalls.o
 .bss           0x20000e5c       0x14 ..\obj\uip-nameserver.o
 .bss           0x20000e70        0x1 ..\obj\rpl.o
 *fill*         0x20000e71        0x3 
 .bss           0x20000e74       0x18 ..\obj\OS_RTC.o
 .bss           0x20000e8c      0x220 ..\obj\slip.o
 .bss           0x200010ac        0x5 ..\obj\ctimer.o
 *fill*         0x200010b1        0x3 
 .bss           0x200010b4       0x20 ..\obj\uip-ds6.o
 .bss           0x200010d4        0x1 ..\obj\UART.o
                0x200010d4                buffer_rcvd_i
 *fill*         0x200010d5        0x3 
 .bss           0x200010d8        0xc ..\obj\xuart.o
 *fill*         0x200010e4        0x4 
 .bss           0x200010e8      0x12b ..\obj\resolv.o
 .bss           0x20001213        0x2 ..\obj\framer-802154.o
 *fill*         0x20001215        0x3 
 .bss           0x20001218        0x8 ..\obj\clock.o
 .bss.__malloc_sbrk_start
                0x20001220        0x4 c:/program files (x86)/gnu tools arm embedded/4.9 2015q3/bin/../lib/gcc/arm-none-eabi/4.9.3/../../../../arm-none-eabi/lib/armv6-m\libg_nano.a(lib_a-nano-mallocr.o)
                0x20001220                __malloc_sbrk_start
 .bss.__malloc_free_list
                0x20001224        0x4 c:/program files (x86)/gnu tools arm embedded/4.9 2015q3/bin/../lib/gcc/arm-none-eabi/4.9.3/../../../../arm-none-eabi/lib/armv6-m\libg_nano.a(lib_a-nano-mallocr.o)
                0x20001224                __malloc_free_list
 *(COMMON)
 COMMON         0x20001228      0x100 ..\obj\slip-arch.o
                0x20001228                buffer_send
 COMMON         0x20001328        0x1 ..\obj\tcpip.o
                0x20001328                tcpip_event
 *fill*         0x20001329        0x7 
 COMMON         0x20001330      0x514 ..\obj\uip6.o
                0x20001330                uip_len
                0x20001334                uip_sappdata
                0x20001338                uip_acc32
                0x2000133c                uip_lladdr
                0x20001344                uip_aligned_buf
                0x20001544                uip_flags
                0x20001548                uip_next_hdr
                0x2000154c                uip_udp_conn
                0x20001550                uip_appdata
                0x20001554                uip_conn
                0x20001558                uip_conns
                0x200016d8                uip_reass_on
                0x200016dc                uip_listenports
                0x200016e8                uip_reass_timer
                0x20001700                uip_slen
                0x20001704                uip_udp_conns
 COMMON         0x20001844      0x8fc ..\obj\BRTOS.o
                0x20001844                BRTOS_Sem_Table
                0x20001864                BRTOS_Queue_Table
                0x20001888                NumberOfInstalledTasks
                0x2000188c                PriorityVector
                0x200018ac                SelectedTask
                0x200018ad                currentTask
                0x200018b0                QUEUE_STACK
                0x200018b0                BRTOS_Mutex_Table
                0x200018c8                STACK
                0x20002048                Head
                0x2000204c                ContextTask
                0x2000213c                Tail
 COMMON         0x20002140        0x4 ..\obj\contiki-main.o
                0x20002140                Contiki_Sem
 COMMON         0x20002144       0x2e ..\obj\packetbuf.o
                0x20002144                packetbuf_addrs
                0x20002154                packetbuf_attrs
 *fill*         0x20002172        0x2 
 COMMON         0x20002174        0x8 ..\obj\sicslowpan.o
                0x20002174                frag_sender
 *fill*         0x2000217c        0x4 
 COMMON         0x20002180      0x170 ..\obj\rpl-dag.o
                0x20002180                default_instance
                0x20002188                instance_table
 COMMON         0x200022f0        0x4 ..\obj\HAL.o
                0x200022f0                SPvalue
 COMMON         0x200022f4        0xa ..\obj\slip.o
                0x200022f4                slip_active
                0x200022f6                slip_ip_drop
                0x200022f8                slip_rubbish
                0x200022fa                slip_twopackets
                0x200022fc                slip_overflow
 *fill*         0x200022fe        0x2 
 COMMON         0x20002300      0x1b0 ..\obj\uip-ds6.o
                0x20002300                uip_ds6_timer_ra
                0x20002308                uip_ds6_if
                0x20002450                uip_ds6_netif_addr_list_offset
                0x20002451                uip_ds6_addr_size
                0x20002454                uip_ds6_prefix_list
                0x20002498                uip_ds6_timer_periodic
 COMMON         0x200024b0      0x254 ..\obj\UART.o
                0x200024b0                SerialTX2
                0x200024b4                Serial1
                0x200024b8                buffer_rcvd
                0x200026b8                Serial0
                0x200026bc                SerialPortBuffer1
                0x200026d0                SerialPortBuffer0
                0x200026e4                SerialTX1
                0x200026e8                SerialTX0
                0x200026ec                SerialPortBuffer2
                0x20002700                Serial2
 COMMON         0x20002704        0x8 ..\obj\linkaddr.o
                0x20002704                linkaddr_node_addr
 COMMON         0x2000270c        0x1 ..\obj\resolv.o
                0x2000270c                resolv_event_found
 *fill*         0x2000270d        0x3 
 COMMON         0x20002710        0x4 c:/program files (x86)/gnu tools arm embedded/4.9 2015q3/bin/../lib/gcc/arm-none-eabi/4.9.3/../../../../arm-none-eabi/lib/armv6-m\libg_nano.a(lib_a-reent.o)
                0x20002710                errno
                0x20002714                . = ALIGN (0x4)
                0x20002714                __bss_end__ = .
                0x20002714                _ebss = __bss_end__

.heap           0x20002714        0x0
                0x20002714                __end__ = .
                0x20002714                _end = __end__
                0x20002714                end = __end__
 *(.heap*)
                0x20002714                __HeapLimit = .

.co_stack       0x20002714      0x184 load address 0x0001b9d4
                0x20002718                . = ALIGN (0x8)
 *fill*         0x20002714        0x4 
 *(.co_stack .co_stack.*)
 .co_stack      0x20002718      0x180 ..\obj\startup_coide.o
                0x20002718                pulStack
                0x20003000                __StackTop = (ORIGIN (ram) + 0x4000)
                0x20002e7c                __StackLimit = (__StackTop - SIZEOF (.co_stack))
                0x20003000                PROVIDE (__stack, __StackTop)
                0x00000001                ASSERT ((__StackLimit >= __HeapLimit), region ram  overflowed with stack)
LOAD ..\obj\slip-arch.o
LOAD ..\obj\startup_coide.o
LOAD ..\obj\anti-replay.o
LOAD ..\obj\uip-udp-packet.o
LOAD ..\obj\rtimer-arch.o
LOAD ..\obj\xdebug.o
LOAD ..\obj\leds-arch.o
LOAD ..\obj\uip-ds6-route.o
LOAD ..\obj\ip64-addr.o
LOAD ..\obj\xcore.o
LOAD ..\obj\timer.o
LOAD ..\obj\uip-icmp6.o
LOAD ..\obj\main_app.o
LOAD ..\obj\xgpio.o
LOAD ..\obj\nullradio.o
LOAD ..\obj\roll-tm.o
LOAD ..\obj\udp-socket.o
LOAD ..\obj\me.o
LOAD ..\obj\tcp-socket.o
LOAD ..\obj\mmem.o
LOAD ..\obj\tcpip.o
LOAD ..\obj\DAC.o
LOAD ..\obj\compower.o
LOAD ..\obj\uip6.o
LOAD ..\obj\spi_cox.o
LOAD ..\obj\BRTOS.o
LOAD ..\obj\uip-mcast6-route.o
LOAD ..\obj\uip-ds6-nbr.o
LOAD ..\obj\contiki-main.o
LOAD ..\obj\ringbuf.o
LOAD ..\obj\petsciiconv.o
LOAD ..\obj\assert.o
LOAD ..\obj\psock.o
LOAD ..\obj\strncasecmp.o
LOAD ..\obj\uip-packetqueue.o
LOAD ..\obj\main.o
LOAD ..\obj\procinit.o
LOAD ..\obj\contikimac.o
LOAD ..\obj\utils.o
LOAD ..\obj\noncoresec.o
LOAD ..\obj\phase.o
LOAD ..\obj\nbr-table.o
LOAD ..\obj\FLASH.o
LOAD ..\obj\timers.o
LOAD ..\obj\slipdev.o
LOAD ..\obj\me_tabs.o
LOAD ..\obj\system.o
LOAD ..\obj\print-stats.o
LOAD ..\obj\rpl-dag-root.o
LOAD ..\obj\xwdt.o
LOAD ..\obj\mac-sequence.o
LOAD ..\obj\ccm-star.o
LOAD ..\obj\uiplib.o
LOAD ..\obj\uip-split.o
LOAD ..\obj\etimer.o
LOAD ..\obj\mtarch.o
LOAD ..\obj\mrf24j40.o
LOAD ..\obj\packetbuf.o
LOAD ..\obj\framer-nullmac.o
LOAD ..\obj\ccm-star-packetbuf.o
LOAD ..\obj\energest.o
LOAD ..\obj\watchdog.o
LOAD ..\obj\uip-nd6.o
LOAD ..\obj\xsysctl.o
LOAD ..\obj\mbox.o
LOAD ..\obj\cxmac.o
LOAD ..\obj\sicslowpan.o
LOAD ..\obj\rpl-dag.o
LOAD ..\obj\HAL.o
LOAD ..\obj\nullsec.o
LOAD ..\obj\rpl-ext-header.o
LOAD ..\obj\tasks.o
LOAD ..\obj\netstack.o
LOAD ..\obj\rpl-timers.o
LOAD ..\obj\rpl-mrhof.o
LOAD ..\obj\rtimer.o
LOAD ..\obj\xmem.o
LOAD ..\obj\dhcpc.o
LOAD ..\obj\queuebuf.o
LOAD ..\obj\leds.o
LOAD ..\obj\udp-client.o
LOAD ..\obj\sicslowmac.o
LOAD ..\obj\uip-debug.o
LOAD ..\obj\memb.o
LOAD ..\obj\trickle-timer.o
LOAD ..\obj\aes-128.o
LOAD ..\obj\simple-udp.o
LOAD ..\obj\process.o
LOAD ..\obj\printf_lib.o
LOAD ..\obj\list.o
LOAD ..\obj\rpl-of0.o
LOAD ..\obj\syscalls.o
LOAD ..\obj\framer.o
LOAD ..\obj\LPO.o
LOAD ..\obj\semaphore.o
LOAD ..\obj\uip-nameserver.o
LOAD ..\obj\rpl.o
LOAD ..\obj\queue.o
LOAD ..\obj\mutex.o
LOAD ..\obj\OS_RTC.o
LOAD ..\obj\settings.o
LOAD ..\obj\contikimac-framer.o
LOAD ..\obj\smrf.o
LOAD ..\obj\accel.o
LOAD ..\obj\mt.o
LOAD ..\obj\arg.o
LOAD ..\obj\random.o
LOAD ..\obj\nullmac.o
LOAD ..\obj\slip.o
LOAD ..\obj\uip-mcast6-stats.o
LOAD ..\obj\ctimer.o
LOAD ..\obj\mac.o
LOAD ..\obj\csma.o
LOAD ..\obj\nullrdc.o
LOAD ..\obj\crc16.o
LOAD ..\obj\nullrdc-noframer.o
LOAD ..\obj\sensors.o
LOAD ..\obj\uip-ds6.o
LOAD ..\obj\UART.o
LOAD ..\obj\linkaddr.o
LOAD ..\obj\autostart.o
LOAD ..\obj\FLASH1.o
LOAD ..\obj\cpu.o
LOAD ..\obj\init-net.o
LOAD ..\obj\stimer.o
LOAD ..\obj\cfs-coffee.o
LOAD ..\obj\serial-line.o
LOAD ..\obj\xuart.o
LOAD ..\obj\gcr.o
LOAD ..\obj\OSInfo.o
LOAD ..\obj\resolv.o
LOAD ..\obj\framer-802154.o
LOAD ..\obj\ifft.o
LOAD ..\obj\frame802154.o
LOAD ..\obj\rpl-icmp6.o
LOAD ..\obj\clock.o
START GROUP
LOAD c:/program files (x86)/gnu tools arm embedded/4.9 2015q3/bin/../lib/gcc/arm-none-eabi/4.9.3/armv6-m\libgcc.a
LOAD c:/program files (x86)/gnu tools arm embedded/4.9 2015q3/bin/../lib/gcc/arm-none-eabi/4.9.3/../../../../arm-none-eabi/lib/armv6-m\libg_nano.a
LOAD c:/program files (x86)/gnu tools arm embedded/4.9 2015q3/bin/../lib/gcc/arm-none-eabi/4.9.3/../../../../arm-none-eabi/lib/armv6-m\libc_nano.a
END GROUP
START GROUP
LOAD c:/program files (x86)/gnu tools arm embedded/4.9 2015q3/bin/../lib/gcc/arm-none-eabi/4.9.3/armv6-m\libgcc.a
LOAD c:/program files (x86)/gnu tools arm embedded/4.9 2015q3/bin/../lib/gcc/arm-none-eabi/4.9.3/../../../../arm-none-eabi/lib/armv6-m\libc_nano.a
END GROUP
OUTPUT(BRTOS_FRDM_KL25Z.elf elf32-littlearm)

.debug_info     0x00000000    0x1a4e8
 .debug_info    0x00000000      0x15d ..\obj\slip-arch.o
 .debug_info    0x0000015d      0x14a ..\obj\startup_coide.o
 .debug_info    0x000002a7      0x396 ..\obj\uip-udp-packet.o
 .debug_info    0x0000063d       0xa9 ..\obj\rtimer-arch.o
 .debug_info    0x000006e6      0xcef ..\obj\uip-ds6-route.o
 .debug_info    0x000013d5      0x441 ..\obj\xcore.o
 .debug_info    0x00001816      0x16f ..\obj\timer.o
 .debug_info    0x00001985      0x7a8 ..\obj\uip-icmp6.o
 .debug_info    0x0000212d       0x88 ..\obj\main_app.o
 .debug_info    0x000021b5      0x8c6 ..\obj\xgpio.o
 .debug_info    0x00002a7b     0x135c ..\obj\tcpip.o
 .debug_info    0x00003dd7     0x1117 ..\obj\uip6.o
 .debug_info    0x00004eee      0x4ac ..\obj\spi_cox.o
 .debug_info    0x0000539a      0xa01 ..\obj\BRTOS.o
 .debug_info    0x00005d9b      0x837 ..\obj\uip-ds6-nbr.o
 .debug_info    0x000065d2      0x6c2 ..\obj\contiki-main.o
 .debug_info    0x00006c94      0x491 ..\obj\uip-packetqueue.o
 .debug_info    0x00007125      0x4a1 ..\obj\main.o
 .debug_info    0x000075c6      0x17d ..\obj\procinit.o
 .debug_info    0x00007743      0x821 ..\obj\nbr-table.o
 .debug_info    0x00007f64      0x591 ..\obj\system.o
 .debug_info    0x000084f5       0x98 ..\obj\xwdt.o
 .debug_info    0x0000858d      0x247 ..\obj\uiplib.o
 .debug_info    0x000087d4      0x472 ..\obj\etimer.o
 .debug_info    0x00008c46      0xebc ..\obj\mrf24j40.o
 .debug_info    0x00009b02      0x5f3 ..\obj\packetbuf.o
 .debug_info    0x0000a0f5       0xcb ..\obj\watchdog.o
 .debug_info    0x0000a1c0      0x351 ..\obj\uip-nd6.o
 .debug_info    0x0000a511      0x9d6 ..\obj\xsysctl.o
 .debug_info    0x0000aee7      0xd22 ..\obj\sicslowpan.o
 .debug_info    0x0000bc09     0x188f ..\obj\rpl-dag.o
 .debug_info    0x0000d498      0x3eb ..\obj\HAL.o
 .debug_info    0x0000d883      0x357 ..\obj\nullsec.o
 .debug_info    0x0000dbda      0xcaa ..\obj\rpl-ext-header.o
 .debug_info    0x0000e884       0x9f ..\obj\tasks.o
 .debug_info    0x0000e923      0xb3c ..\obj\rpl-timers.o
 .debug_info    0x0000f45f      0xad5 ..\obj\rpl-mrhof.o
 .debug_info    0x0000ff34      0x1b2 ..\obj\rtimer.o
 .debug_info    0x000100e6      0x572 ..\obj\queuebuf.o
 .debug_info    0x00010658      0x736 ..\obj\udp-client.o
 .debug_info    0x00010d8e      0x1cb ..\obj\uip-debug.o
 .debug_info    0x00010f59      0x1d3 ..\obj\memb.o
 .debug_info    0x0001112c      0x4c5 ..\obj\process.o
 .debug_info    0x000115f1      0x429 ..\obj\printf_lib.o
 .debug_info    0x00011a1a      0x2e9 ..\obj\list.o
 .debug_info    0x00011d03      0x3ee ..\obj\syscalls.o
 .debug_info    0x000120f1      0x1e3 ..\obj\framer.o
 .debug_info    0x000122d4      0x3d1 ..\obj\semaphore.o
 .debug_info    0x000126a5      0x1d2 ..\obj\uip-nameserver.o
 .debug_info    0x00012877      0xca1 ..\obj\rpl.o
 .debug_info    0x00013518      0x6a5 ..\obj\queue.o
 .debug_info    0x00013bbd      0x4f7 ..\obj\OS_RTC.o
 .debug_info    0x000140b4       0xaf ..\obj\random.o
 .debug_info    0x00014163      0x38d ..\obj\nullmac.o
 .debug_info    0x000144f0      0x50b ..\obj\slip.o
 .debug_info    0x000149fb      0x41f ..\obj\ctimer.o
 .debug_info    0x00014e1a      0x10e ..\obj\mac.o
 .debug_info    0x00014f28      0x6ef ..\obj\nullrdc.o
 .debug_info    0x00015617      0xa7d ..\obj\uip-ds6.o
 .debug_info    0x00016094      0x579 ..\obj\UART.o
 .debug_info    0x0001660d      0x16c ..\obj\linkaddr.o
 .debug_info    0x00016779      0x1a1 ..\obj\autostart.o
 .debug_info    0x0001691a      0x742 ..\obj\init-net.o
 .debug_info    0x0001705c      0x17c ..\obj\stimer.o
 .debug_info    0x000171d8      0xb10 ..\obj\xuart.o
 .debug_info    0x00017ce8      0x899 ..\obj\resolv.o
 .debug_info    0x00018581      0x525 ..\obj\framer-802154.o
 .debug_info    0x00018aa6      0x4bd ..\obj\frame802154.o
 .debug_info    0x00018f63     0x13ad ..\obj\rpl-icmp6.o
 .debug_info    0x0001a310      0x1d8 ..\obj\clock.o

.debug_abbrev   0x00000000     0x6d96
 .debug_abbrev  0x00000000       0xc0 ..\obj\slip-arch.o
 .debug_abbrev  0x000000c0       0xbd ..\obj\startup_coide.o
 .debug_abbrev  0x0000017d      0x193 ..\obj\uip-udp-packet.o
 .debug_abbrev  0x00000310       0x74 ..\obj\rtimer-arch.o
 .debug_abbrev  0x00000384      0x2d6 ..\obj\uip-ds6-route.o
 .debug_abbrev  0x0000065a      0x140 ..\obj\xcore.o
 .debug_abbrev  0x0000079a       0xf3 ..\obj\timer.o
 .debug_abbrev  0x0000088d      0x252 ..\obj\uip-icmp6.o
 .debug_abbrev  0x00000adf       0x65 ..\obj\main_app.o
 .debug_abbrev  0x00000b44      0x186 ..\obj\xgpio.o
 .debug_abbrev  0x00000cca      0x339 ..\obj\tcpip.o
 .debug_abbrev  0x00001003      0x2e7 ..\obj\uip6.o
 .debug_abbrev  0x000012ea      0x144 ..\obj\spi_cox.o
 .debug_abbrev  0x0000142e      0x218 ..\obj\BRTOS.o
 .debug_abbrev  0x00001646      0x267 ..\obj\uip-ds6-nbr.o
 .debug_abbrev  0x000018ad      0x25c ..\obj\contiki-main.o
 .debug_abbrev  0x00001b09      0x1d4 ..\obj\uip-packetqueue.o
 .debug_abbrev  0x00001cdd       0xd2 ..\obj\main.o
 .debug_abbrev  0x00001daf       0xf1 ..\obj\procinit.o
 .debug_abbrev  0x00001ea0      0x1db ..\obj\nbr-table.o
 .debug_abbrev  0x0000207b       0xe8 ..\obj\system.o
 .debug_abbrev  0x00002163       0x6d ..\obj\xwdt.o
 .debug_abbrev  0x000021d0       0xda ..\obj\uiplib.o
 .debug_abbrev  0x000022aa      0x1ef ..\obj\etimer.o
 .debug_abbrev  0x00002499      0x377 ..\obj\mrf24j40.o
 .debug_abbrev  0x00002810      0x285 ..\obj\packetbuf.o
 .debug_abbrev  0x00002a95       0x58 ..\obj\watchdog.o
 .debug_abbrev  0x00002aed      0x171 ..\obj\uip-nd6.o
 .debug_abbrev  0x00002c5e      0x19d ..\obj\xsysctl.o
 .debug_abbrev  0x00002dfb      0x2b0 ..\obj\sicslowpan.o
 .debug_abbrev  0x000030ab      0x359 ..\obj\rpl-dag.o
 .debug_abbrev  0x00003404      0x1c7 ..\obj\HAL.o
 .debug_abbrev  0x000035cb      0x140 ..\obj\nullsec.o
 .debug_abbrev  0x0000370b      0x240 ..\obj\rpl-ext-header.o
 .debug_abbrev  0x0000394b       0x5c ..\obj\tasks.o
 .debug_abbrev  0x000039a7      0x267 ..\obj\rpl-timers.o
 .debug_abbrev  0x00003c0e      0x204 ..\obj\rpl-mrhof.o
 .debug_abbrev  0x00003e12      0x122 ..\obj\rtimer.o
 .debug_abbrev  0x00003f34      0x1dc ..\obj\queuebuf.o
 .debug_abbrev  0x00004110      0x1c6 ..\obj\udp-client.o
 .debug_abbrev  0x000042d6       0xcb ..\obj\uip-debug.o