Archive member included to satisfy reference by file (symbol)

c:/program files (x86)/gnu tools arm embedded/5.2 2015q4/bin/../lib/gcc/arm-none-eabi/5.2.1/armv6-m\libgcc.a(_udivsi3.o)
                              ..\obj\BRTOS.o (__aeabi_uidiv)
c:/program files (x86)/gnu tools arm embedded/5.2 2015q4/bin/../lib/gcc/arm-none-eabi/5.2.1/armv6-m\libgcc.a(_divsi3.o)
                              ..\obj\utils.o (__aeabi_idiv)
c:/program files (x86)/gnu tools arm embedded/5.2 2015q4/bin/../lib/gcc/arm-none-eabi/5.2.1/armv6-m\libgcc.a(_dvmd_tls.o)
                              c:/program files (x86)/gnu tools arm embedded/5.2 2015q4/bin/../lib/gcc/arm-none-eabi/5.2.1/armv6-m\libgcc.a(_udivsi3.o) (__aeabi_idiv0)
c:/program files (x86)/gnu tools arm embedded/5.2 2015q4/bin/../lib/gcc/arm-none-eabi/5.2.1/armv6-m\libgcc.a(_aeabi_uldivmod.o)
                              ..\obj\roll-tm.o (__aeabi_uldivmod)
c:/program files (x86)/gnu tools arm embedded/5.2 2015q4/bin/../lib/gcc/arm-none-eabi/5.2.1/armv6-m\libgcc.a(_muldi3.o)
                              ..\obj\rpl-timers.o (__aeabi_lmul)
c:/program files (x86)/gnu tools arm embedded/5.2 2015q4/bin/../lib/gcc/arm-none-eabi/5.2.1/armv6-m\libgcc.a(_udivmoddi4.o)
                              c:/program files (x86)/gnu tools arm embedded/5.2 2015q4/bin/../lib/gcc/arm-none-eabi/5.2.1/armv6-m\libgcc.a(_aeabi_uldivmod.o) (__udivmoddi4)
c:/program files (x86)/gnu tools arm embedded/5.2 2015q4/bin/../lib/gcc/arm-none-eabi/5.2.1/armv6-m\libgcc.a(_clzdi2.o)
                              c:/program files (x86)/gnu tools arm embedded/5.2 2015q4/bin/../lib/gcc/arm-none-eabi/5.2.1/armv6-m\libgcc.a(_udivmoddi4.o) (__clzdi2)
c:/program files (x86)/gnu tools arm embedded/5.2 2015q4/bin/../lib/gcc/arm-none-eabi/5.2.1/armv6-m\libgcc.a(_clzsi2.o)
                              c:/program files (x86)/gnu tools arm embedded/5.2 2015q4/bin/../lib/gcc/arm-none-eabi/5.2.1/armv6-m\libgcc.a(_clzdi2.o) (__clzsi2)
c:/program files (x86)/gnu tools arm embedded/5.2 2015q4/bin/../lib/gcc/arm-none-eabi/5.2.1/../../../../arm-none-eabi/lib/armv6-m\libg_nano.a(lib_a-exit.o)
                              ..\obj\watchdog.o (exit)
c:/program files (x86)/gnu tools arm embedded/5.2 2015q4/bin/../lib/gcc/arm-none-eabi/5.2.1/../../../../arm-none-eabi/lib/armv6-m\libg_nano.a(lib_a-impure.o)
                              c:/program files (x86)/gnu tools arm embedded/5.2 2015q4/bin/../lib/gcc/arm-none-eabi/5.2.1/../../../../arm-none-eabi/lib/armv6-m\libg_nano.a(lib_a-exit.o) (_global_impure_ptr)
c:/program files (x86)/gnu tools arm embedded/5.2 2015q4/bin/../lib/gcc/arm-none-eabi/5.2.1/../../../../arm-none-eabi/lib/armv6-m\libg_nano.a(lib_a-memcmp.o)
                              ..\obj\uip-ds6-route.o (memcmp)
c:/program files (x86)/gnu tools arm embedded/5.2 2015q4/bin/../lib/gcc/arm-none-eabi/5.2.1/../../../../arm-none-eabi/lib/armv6-m\libg_nano.a(lib_a-memcpy-stub.o)
                              ..\obj\uip-udp-packet.o (memcpy)
c:/program files (x86)/gnu tools arm embedded/5.2 2015q4/bin/../lib/gcc/arm-none-eabi/5.2.1/../../../../arm-none-eabi/lib/armv6-m\libg_nano.a(lib_a-memmove.o)
                              ..\obj\uip-icmp6.o (memmove)
c:/program files (x86)/gnu tools arm embedded/5.2 2015q4/bin/../lib/gcc/arm-none-eabi/5.2.1/../../../../arm-none-eabi/lib/armv6-m\libg_nano.a(lib_a-memset.o)
                              ..\obj\uip-ds6-route.o (memset)
c:/program files (x86)/gnu tools arm embedded/5.2 2015q4/bin/../lib/gcc/arm-none-eabi/5.2.1/../../../../arm-none-eabi/lib/armv6-m\libg_nano.a(lib_a-printf.o)
                              ..\obj\tcp-socket.o (printf)
c:/program files (x86)/gnu tools arm embedded/5.2 2015q4/bin/../lib/gcc/arm-none-eabi/5.2.1/../../../../arm-none-eabi/lib/armv6-m\libg_nano.a(lib_a-rand.o)
                              ..\obj\random.o (srand)
c:/program files (x86)/gnu tools arm embedded/5.2 2015q4/bin/../lib/gcc/arm-none-eabi/5.2.1/../../../../arm-none-eabi/lib/armv6-m\libg_nano.a(lib_a-sprintf.o)
                              ..\obj\udp-client.o (sprintf)
c:/program files (x86)/gnu tools arm embedded/5.2 2015q4/bin/../lib/gcc/arm-none-eabi/5.2.1/../../../../arm-none-eabi/lib/armv6-m\libg_nano.a(lib_a-strcasecmp.o)
                              ..\obj\resolv.o (strcasecmp)
c:/program files (x86)/gnu tools arm embedded/5.2 2015q4/bin/../lib/gcc/arm-none-eabi/5.2.1/../../../../arm-none-eabi/lib/armv6-m\libg_nano.a(lib_a-strcmp.o)
                              ..\obj\cfs-coffee.o (strcmp)
c:/program files (x86)/gnu tools arm embedded/5.2 2015q4/bin/../lib/gcc/arm-none-eabi/5.2.1/../../../../arm-none-eabi/lib/armv6-m\libg_nano.a(lib_a-strlen.o)
                              ..\obj\tcp-socket.o (strlen)
c:/program files (x86)/gnu tools arm embedded/5.2 2015q4/bin/../lib/gcc/arm-none-eabi/5.2.1/../../../../arm-none-eabi/lib/armv6-m\libg_nano.a(lib_a-strncmp.o)
                              ..\obj\strncasecmp.o (strncmp)
[...]
Memory Configuration

Name             Origin             Length             Attributes
rom              0x00000000         0x00020000         xr
ram              0x1ffff000         0x00004000         xrw
*default*        0x00000000         0xffffffff

Linker script and memory map

                0x20003000                _eram = 0x20003000

.text           0x00000000     0xfdf3
 *(.isr_vector)
 .isr_vector    0x00000000      0x410 ..\obj\startup_coide.o
                0x00000000                g_pfnVectors
 *(.text*)
 .text.slip_arch_writeb
                0x00000410       0x28 ..\obj\slip-arch.o
                0x00000410                slip_arch_writeb
 .text.DefaultIntHandler
                0x00000438        0x4 ..\obj\startup_coide.o
                0x00000438                SysTickIntHandler
                0x00000438                BusFaultIntHandler
                0x00000438                NMIIntHandler
                0x00000438                UsageFaultIntHandler
                0x00000438                MemManageIntHandler
                0x00000438                SVCIntHandler
                0x00000438                DebugMonIntHandler
                0x00000438                PendSVIntHandler
 .text.DefaultIntHandler2
                0x0000043c        0x4 ..\obj\startup_coide.o
                0x0000043c                HardFaultIntHandler
 .text.Default_ResetHandler
                0x00000440       0x70 ..\obj\startup_coide.o
                0x00000440                RTCSIntHandler
                0x00000440                FTM1IntHandler
                0x00000440                USBOTGIntHandler
                0x00000440                FTM2IntHandler
                0x00000440                I2C1IntHandler
                0x00000440                Default_ResetHandler
                0x00000440                DMA1IntHandler
                0x00000440                DACIntHandler
                0x00000440                ACMPIntHandler
                0x00000440                ResetHandler
                0x00000440                LVDIntHandler
                0x00000440                SPI1IntHandler
                0x00000440                FTFAIntHandler
                0x00000440                ADCIntHandler
                0x00000440                DMA0IntHandler
                0x00000440                I2C0IntHandler
                0x00000440                FTM0IntHandler
                0x00000440                LLWUIntHandler
                0x00000440                MCGIntHandler
                0x00000440                RTCAIntHandler
                0x00000440                SPI0IntHandler
                0x00000440                TSIIntHandler
                0x00000440                LPTMRIntHandler
                0x00000440                PITIntHandler
                0x00000440                DMA3IntHandler
                0x00000440                DMA2IntHandler
 .text.uip_udp_packet_send
                0x000004b0       0x3c ..\obj\uip-udp-packet.o
                0x000004b0                uip_udp_packet_send
 .text.uip_udp_packet_sendto
                0x000004ec       0x5c ..\obj\uip-udp-packet.o
                0x000004ec                uip_udp_packet_sendto
 .text.rtimer_arch_init
                0x00000548        0x4 ..\obj\rtimer-arch.o
                0x00000548                rtimer_arch_init
 .text.call_route_callback
                0x0000054c       0x54 ..\obj\uip-ds6-route.o
 .text.uip_ds6_route_init
                0x000005a0       0x40 ..\obj\uip-ds6-route.o
                0x000005a0                uip_ds6_route_init
 .text.uip_ds6_route_nexthop
                0x000005e0       0x20 ..\obj\uip-ds6-route.o
                0x000005e0                uip_ds6_route_nexthop
 .text.uip_ds6_route_head
                0x00000600       0x10 ..\obj\uip-ds6-route.o
                0x00000600                uip_ds6_route_head
 .text.uip_ds6_route_next
                0x00000610       0x10 ..\obj\uip-ds6-route.o
                0x00000610                uip_ds6_route_next
 .text.uip_ds6_route_lookup
                0x00000620       0xb4 ..\obj\uip-ds6-route.o
                0x00000620                uip_ds6_route_lookup
 .text.uip_ds6_route_rm
                0x000006d4       0xd8 ..\obj\uip-ds6-route.o
                0x000006d4                uip_ds6_route_rm
 .text.rm_routelist
                0x000007ac       0x40 ..\obj\uip-ds6-route.o
 .text.rm_routelist_callback
                0x000007ec        0x8 ..\obj\uip-ds6-route.o
 .text.uip_ds6_route_add
                0x000007f4      0x178 ..\obj\uip-ds6-route.o
                0x000007f4                uip_ds6_route_add
 .text.uip_ds6_defrt_rm
                0x0000096c       0x58 ..\obj\uip-ds6-route.o
                0x0000096c                uip_ds6_defrt_rm
 .text.uip_ds6_defrt_lookup
                0x000009c4       0x38 ..\obj\uip-ds6-route.o
                0x000009c4                uip_ds6_defrt_lookup
 .text.uip_ds6_defrt_add
                0x000009fc       0x94 ..\obj\uip-ds6-route.o
                0x000009fc                uip_ds6_defrt_add
 .text.uip_ds6_defrt_choose
                0x00000a90       0x74 ..\obj\uip-ds6-route.o
                0x00000a90                uip_ds6_defrt_choose
 .text.uip_ds6_defrt_periodic
                0x00000b04       0x50 ..\obj\uip-ds6-route.o
                0x00000b04                uip_ds6_defrt_periodic
 .text.xIntEnable
                0x00000b54       0x8c ..\obj\xcore.o
                0x00000b54                xIntEnable
 .text.timer_set
                0x00000be0       0x14 ..\obj\timer.o
                0x00000be0                timer_set
 .text.timer_reset
                0x00000bf4       0x14 ..\obj\timer.o
                0x00000bf4                timer_reset
 .text.timer_restart
                0x00000c08       0x10 ..\obj\timer.o
                0x00000c08                timer_restart
 .text.timer_expired
                0x00000c18       0x30 ..\obj\timer.o
                0x00000c18                timer_expired
 .text.echo_reply_input
                0x00000c48      0x104 ..\obj\uip-icmp6.o
 .text.echo_request_input
                0x00000d4c      0x118 ..\obj\uip-icmp6.o
 .text.uip_icmp6_input
                0x00000e64       0x4c ..\obj\uip-icmp6.o
                0x00000e64                uip_icmp6_input
 .text.uip_icmp6_register_input_handler
                0x00000eb0       0x14 ..\obj\uip-icmp6.o
                0x00000eb0                uip_icmp6_register_input_handler
 .text.uip_icmp6_error_output
                0x00000ec4      0x1a4 ..\obj\uip-icmp6.o
                0x00000ec4                uip_icmp6_error_output
 .text.uip_icmp6_send
                0x00001068       0x84 ..\obj\uip-icmp6.o
                0x00001068                uip_icmp6_send
 .text.uip_icmp6_init
                0x000010ec       0x18 ..\obj\uip-icmp6.o
                0x000010ec                uip_icmp6_init
 .text.main_app
                0x00001104       0x60 ..\obj\main_app.o
                0x00001104                main_app
 .text.GPIOToPortGet
                0x00001164       0x60 ..\obj\xgpio.o
 .text.PORTAIntHandler
                0x000011c4       0x5c ..\obj\xgpio.o
                0x000011c4                PORTAIntHandler
 .text.GPIODirModeSet
                0x00001220       0x18 ..\obj\xgpio.o
                0x00001220                GPIODirModeSet
 .text.xGPIODirModeSet
                0x00001238       0x2c ..\obj\xgpio.o
                0x00001238                xGPIODirModeSet
 .text.GPIOPinIntEnable
                0x00001264       0x34 ..\obj\xgpio.o
                0x00001264                GPIOPinIntEnable
 .text.GPIOPinIntDisable
                0x00001298       0x2c ..\obj\xgpio.o
                0x00001298                GPIOPinIntDisable
 .text.GPIOPinSet
                0x000012c4        0x4 ..\obj\xgpio.o
                0x000012c4                GPIOPinSet
 .text.GPIOPinReset
                0x000012c8        0x4 ..\obj\xgpio.o
                0x000012c8                GPIOPinReset
 .text.GPIOPadConfigSet
                0x000012cc       0x30 ..\obj\xgpio.o
                0x000012cc                GPIOPadConfigSet
 .text.GPIOPinConfigure
                0x000012fc       0x34 ..\obj\xgpio.o
                0x000012fc                GPIOPinConfigure
 .text.start_periodic_tcp_timer
                0x00001330       0x18 ..\obj\tcpip.o
 .text.tcpip_output
                0x00001348       0x18 ..\obj\tcpip.o
                0x00001348                tcpip_output
 .text.tcpip_set_outputfunc
                0x00001360        0xc ..\obj\tcpip.o
                0x00001360                tcpip_set_outputfunc
 .text.udp_new  0x0000136c       0x1c ..\obj\tcpip.o
                0x0000136c                udp_new
 .text.tcpip_input
                0x00001388       0x24 ..\obj\tcpip.o
                0x00001388                tcpip_input
 .text.tcpip_ipv6_output
                0x000013ac      0x14c ..\obj\tcpip.o
                0x000013ac                tcpip_ipv6_output
 .text.process_thread_tcpip_process
                0x000014f8      0x224 ..\obj\tcpip.o
 .text.tcpip_uipcall
                0x0000171c       0x90 ..\obj\tcpip.o
                0x0000171c                tcpip_uipcall
 .text.chksum   0x000017ac       0x4c ..\obj\uip6.o
 .text.ext_hdr_options_process
                0x000017f8      0x110 ..\obj\uip6.o
 .text.upper_layer_chksum
                0x00001908       0x6c ..\obj\uip6.o
 .text.uip_add32
                0x00001974       0x60 ..\obj\uip6.o
                0x00001974                uip_add32
 .text.uip_add_rcv_nxt
                0x000019d4       0x2c ..\obj\uip6.o
 .text.uip_icmp6chksum
                0x00001a00        0xc ..\obj\uip6.o
                0x00001a00                uip_icmp6chksum
 .text.uip_tcpchksum
                0x00001a0c        0xc ..\obj\uip6.o
                0x00001a0c                uip_tcpchksum
 .text.uip_udpchksum
                0x00001a18        0xc ..\obj\uip6.o
                0x00001a18                uip_udpchksum
 .text.uip_init
                0x00001a24       0x5c ..\obj\uip6.o
                0x00001a24                uip_init
 .text.remove_ext_hdr
                0x00001a80       0x78 ..\obj\uip6.o
                0x00001a80                remove_ext_hdr
 .text.uip_udp_new
                0x00001af8       0xe8 ..\obj\uip6.o
                0x00001af8                uip_udp_new
 .text.uip_unlisten
                0x00001be0       0x54 ..\obj\uip6.o
                0x00001be0                uip_unlisten
 .text.uip_reass_over
                0x00001c34       0x6c ..\obj\uip6.o
                0x00001c34                uip_reass_over
 .text.uip_process
                0x00001ca0     0x15d4 ..\obj\uip6.o
                0x00001ca0                uip_process
 .text.uip_htonl
                0x00003274       0x18 ..\obj\uip6.o
                0x00003274                uip_htonl
 .text.init_SPI
                0x0000328c       0xa8 ..\obj\spi_cox.o
                0x0000328c                init_SPI
 .text.SPI0_SendChar
                0x00003334       0x38 ..\obj\spi_cox.o
                0x00003334                SPI0_SendChar
 .text.SPI0_GetChar
                0x0000336c       0x30 ..\obj\spi_cox.o
                0x0000336c                SPI0_GetChar
 .text.Idle     0x0000339c        0x4 ..\obj\BRTOS.o
                0x0000339c                Idle
 .text.OSGetCount
                0x000033a0        0xc ..\obj\BRTOS.o
                0x000033a0                OSGetCount
 .text.OSIncCounter
                0x000033ac       0x24 ..\obj\BRTOS.o
                0x000033ac                OSIncCounter
 .text.DelayTask
                0x000033d0       0xe8 ..\obj\BRTOS.o
                0x000033d0                DelayTask
 .text.OS_TICK_HANDLER
                0x000034b8       0xa4 ..\obj\BRTOS.o
                0x000034b8                OS_TICK_HANDLER
 .text.PreInstallTasks
                0x0000355c       0x48 ..\obj\BRTOS.o
                0x0000355c                PreInstallTasks
 .text.InstallTask
                0x000035a4      0x1dc ..\obj\BRTOS.o
                0x000035a4                InstallTask
 .text.InstallIdle
                0x00003780       0xdc ..\obj\BRTOS.o
                0x00003780                InstallIdle
 .text.initEvents
                0x0000385c       0x28 ..\obj\BRTOS.o
                0x0000385c                initEvents
 .text.BRTOS_Init
                0x00003884       0x10 ..\obj\BRTOS.o
                0x00003884                BRTOS_Init
 .text.SAScheduler
                0x00003894      0x164 ..\obj\BRTOS.o
                0x00003894                SAScheduler
 .text.OSSchedule
                0x000039f8       0x24 ..\obj\BRTOS.o
                0x000039f8                OSSchedule
 .text.BRTOSStart
                0x00003a1c       0x44 ..\obj\BRTOS.o
                0x00003a1c                BRTOSStart
 .text.uip_ds6_nbr_rm
                0x00003a60       0x24 ..\obj\uip-ds6-nbr.o
                0x00003a60                uip_ds6_nbr_rm
 .text.uip_ds6_neighbors_init
                0x00003a84       0x18 ..\obj\uip-ds6-nbr.o
                0x00003a84                uip_ds6_neighbors_init
 .text.uip_ds6_nbr_add
                0x00003a9c       0x9c ..\obj\uip-ds6-nbr.o
                0x00003a9c                uip_ds6_nbr_add
 .text.uip_ds6_nbr_get_ll
                0x00003b38       0x14 ..\obj\uip-ds6-nbr.o
                0x00003b38                uip_ds6_nbr_get_ll
 .text.uip_ds6_nbr_lookup
                0x00003b4c       0x48 ..\obj\uip-ds6-nbr.o
                0x00003b4c                uip_ds6_nbr_lookup
 .text.uip_ds6_nbr_ll_lookup
                0x00003b94       0x14 ..\obj\uip-ds6-nbr.o
                0x00003b94                uip_ds6_nbr_ll_lookup
 .text.uip_ds6_nbr_ipaddr_from_lladdr
                0x00003ba8        0x8 ..\obj\uip-ds6-nbr.o
                0x00003ba8                uip_ds6_nbr_ipaddr_from_lladdr
 .text.uip_ds6_nbr_lladdr_from_ipaddr
                0x00003bb0       0x14 ..\obj\uip-ds6-nbr.o
                0x00003bb0                uip_ds6_nbr_lladdr_from_ipaddr
 .text.uip_ds6_link_neighbor_callback
                0x00003bc4       0x28 ..\obj\uip-ds6-nbr.o
                0x00003bc4                uip_ds6_link_neighbor_callback
 .text.uip_ds6_neighbor_periodic
                0x00003bec       0x84 ..\obj\uip-ds6-nbr.o
                0x00003bec                uip_ds6_neighbor_periodic
 .text.another_net
                0x00003c70       0x68 ..\obj\contiki-main.o
                0x00003c70                another_net
 .text.contiki_main
                0x00003cd8        0x8 ..\obj\contiki-main.o
                0x00003cd8                contiki_main
 .text.uip_packetqueue_new
                0x00003ce0        0x8 ..\obj\uip-packetqueue.o
                0x00003ce0                uip_packetqueue_new
 .text.uip_packetqueue_free
                0x00003ce8       0x28 ..\obj\uip-packetqueue.o
                0x00003ce8                uip_packetqueue_free
 .text.uip_packetqueue_buf
                0x00003d10       0x10 ..\obj\uip-packetqueue.o
                0x00003d10                uip_packetqueue_buf
 .text.uip_packetqueue_buflen
                0x00003d20       0x14 ..\obj\uip-packetqueue.o
                0x00003d20                uip_packetqueue_buflen
 .text.main     0x00003d34       0xf8 ..\obj\main.o
                0x00003d34                main
 .text.procinit_init
                0x00003e2c       0x20 ..\obj\procinit.o
                0x00003e2c                procinit_init
 .text.item_from_index
                0x00003e4c       0x1c ..\obj\nbr-table.o
 .text.index_from_key
                0x00003e68       0x20 ..\obj\nbr-table.o
 .text.index_from_item
                0x00003e88       0x24 ..\obj\nbr-table.o
 .text.nbr_get_bit
                0x00003eac       0x2c ..\obj\nbr-table.o
 .text.nbr_set_bit
                0x00003ed8       0x48 ..\obj\nbr-table.o
 .text.index_from_lladdr
                0x00003f20       0x48 ..\obj\nbr-table.o
 .text.nbr_table_register
                0x00003f68       0x28 ..\obj\nbr-table.o
                0x00003f68                nbr_table_register
 .text.nbr_table_next
                0x00003f90       0x58 ..\obj\nbr-table.o
                0x00003f90                nbr_table_next
 .text.nbr_table_head
                0x00003fe8       0x3c ..\obj\nbr-table.o
                0x00003fe8                nbr_table_head
 .text.nbr_table_add_lladdr
                0x00004024      0x16c ..\obj\nbr-table.o
                0x00004024                nbr_table_add_lladdr
 .text.nbr_table_get_from_lladdr
                0x00004190       0x30 ..\obj\nbr-table.o
                0x00004190                nbr_table_get_from_lladdr
 .text.nbr_table_remove
                0x000041c0       0x30 ..\obj\nbr-table.o
                0x000041c0                nbr_table_remove
 .text.nbr_table_lock
                0x000041f0       0x18 ..\obj\nbr-table.o
                0x000041f0                nbr_table_lock
 .text.nbr_table_unlock
                0x00004208       0x18 ..\obj\nbr-table.o
                0x00004208                nbr_table_unlock
 .text.nbr_table_get_lladdr
                0x00004220       0x28 ..\obj\nbr-table.o
                0x00004220                nbr_table_get_lladdr
 .text.Enable_INT_Pin
                0x00004248       0x3c ..\obj\system.o
                0x00004248                Enable_INT_Pin
 .text.WDTimerInit
                0x00004284        0xc ..\obj\xwdt.o
                0x00004284                WDTimerInit
 .text.WDTimerEnable
                0x00004290       0x14 ..\obj\xwdt.o
                0x00004290                WDTimerEnable
 .text.WDTimerRestart
                0x000042a4       0x10 ..\obj\xwdt.o
                0x000042a4                WDTimerRestart
 .text.update_time
                0x000042b4       0x80 ..\obj\etimer.o
 .text.etimer_request_poll
                0x00004334       0x10 ..\obj\etimer.o
                0x00004334                etimer_request_poll
 .text.process_thread_etimer_process
                0x00004344       0xcc ..\obj\etimer.o
 .text.add_timer
                0x00004410       0x50 ..\obj\etimer.o
 .text.etimer_set
                0x00004460       0x10 ..\obj\etimer.o
                0x00004460                etimer_set
 .text.etimer_reset
                0x00004470       0x10 ..\obj\etimer.o
                0x00004470                etimer_reset
 .text.etimer_restart
                0x00004480       0x10 ..\obj\etimer.o
                0x00004480                etimer_restart
 .text.etimer_expired
                0x00004490        0x8 ..\obj\etimer.o
                0x00004490                etimer_expired
 .text.etimer_expiration_time
                0x00004498       0x14 ..\obj\etimer.o
                0x00004498                etimer_expiration_time
 .text.etimer_next_expiration_time
                0x000044ac       0x18 ..\obj\etimer.o
                0x000044ac                etimer_next_expiration_time
 .text.etimer_stop
                0x000044c4       0x48 ..\obj\etimer.o
                0x000044c4                etimer_stop
 .text.mrf24j40_receiving_packet
                0x0000450c        0x4 ..\obj\mrf24j40.o
                0x0000450c                mrf24j40_receiving_packet
 .text.mrf24j40_pending_packet
                0x00004510        0xc ..\obj\mrf24j40.o
                0x00004510                mrf24j40_pending_packet
 .text.get_short_add_mem
                0x0000451c       0x4c ..\obj\mrf24j40.o
 .text.set_short_add_mem
                0x00004568       0x40 ..\obj\mrf24j40.o
 .text.mrf24j40_off
                0x000045a8       0x48 ..\obj\mrf24j40.o
                0x000045a8                mrf24j40_off
 .text.set_long_add_mem
                0x000045f0       0x54 ..\obj\mrf24j40.o
 .text.get_long_add_mem
                0x00004644       0x50 ..\obj\mrf24j40.o
 .text.reset_rf_state_machine
                0x00004694       0x30 ..\obj\mrf24j40.o
 .text.mrf24j40_on
                0x000046c4       0x40 ..\obj\mrf24j40.o
                0x000046c4                mrf24j40_on
 .text.mrf24j40_transmit
                0x00004704       0x48 ..\obj\mrf24j40.o
                0x00004704                mrf24j40_transmit
 .text.start_radio_task
                0x0000474c       0x10 ..\obj\mrf24j40.o
                0x0000474c                start_radio_task
 .text.flush_rx_fifo
                0x0000475c       0x18 ..\obj\mrf24j40.o
                0x0000475c                flush_rx_fifo
 .text.mrf24j40_set_channel
                0x00004774       0x1c ..\obj\mrf24j40.o
                0x00004774                mrf24j40_set_channel
 .text.mrf24j40_set_panid
                0x00004790       0x18 ..\obj\mrf24j40.o
                0x00004790                mrf24j40_set_panid
 .text.mrf24j40_set_short_mac_addr
                0x000047a8       0x18 ..\obj\mrf24j40.o
                0x000047a8                mrf24j40_set_short_mac_addr
 .text.mrf24j40_set_extended_mac_addr
                0x000047c0       0x74 ..\obj\mrf24j40.o
                0x000047c0                mrf24j40_set_extended_mac_addr
 .text.mrf24j40_set_tx_power
                0x00004834       0x10 ..\obj\mrf24j40.o
                0x00004834                mrf24j40_set_tx_power
 .text.mrf24j40_init
                0x00004844      0x1d8 ..\obj\mrf24j40.o
                0x00004844                mrf24j40_init
 .text.mrf24j40_get_rssi
                0x00004a1c       0x58 ..\obj\mrf24j40.o
                0x00004a1c                mrf24j40_get_rssi
 .text.mrf24j40_cca
                0x00004a74       0x2c ..\obj\mrf24j40.o
                0x00004a74                mrf24j40_cca
 .text.mrf24j40_set_txfifo
                0x00004aa0       0x4c ..\obj\mrf24j40.o
                0x00004aa0                mrf24j40_set_txfifo
 .text.mrf24j40_prepare
                0x00004aec       0x28 ..\obj\mrf24j40.o
                0x00004aec                mrf24j40_prepare
 .text.mrf24j40_write
                0x00004b14       0x1c ..\obj\mrf24j40.o
                0x00004b14                mrf24j40_write
 .text.mrf24j40_get_rxfifo
                0x00004b30      0x100 ..\obj\mrf24j40.o
                0x00004b30                mrf24j40_get_rxfifo
 .text.mrf24j40_read
                0x00004c30        0xc ..\obj\mrf24j40.o
                0x00004c30                mrf24j40_read
 .text.process_thread_mrf24j40_process
                0x00004c3c       0x6c ..\obj\mrf24j40.o
 .text.MRF24J40_ISR
                0x00004ca8       0x60 ..\obj\mrf24j40.o
                0x00004ca8                MRF24J40_ISR
 .text.Radio_Interrupt
                0x00004d08       0x20 ..\obj\mrf24j40.o
                0x00004d08                Radio_Interrupt
 .text.packetbuf_compact
                0x00004d28       0x30 ..\obj\packetbuf.o
                0x00004d28                packetbuf_compact
 .text.packetbuf_copyto
                0x00004d58       0x48 ..\obj\packetbuf.o
                0x00004d58                packetbuf_copyto
 .text.packetbuf_hdrreduce
                0x00004da0       0x24 ..\obj\packetbuf.o
                0x00004da0                packetbuf_hdrreduce
 .text.packetbuf_set_datalen
                0x00004dc4        0xc ..\obj\packetbuf.o
                0x00004dc4                packetbuf_set_datalen
 .text.packetbuf_dataptr
                0x00004dd0       0x10 ..\obj\packetbuf.o
                0x00004dd0                packetbuf_dataptr
 .text.packetbuf_hdrptr
                0x00004de0       0x10 ..\obj\packetbuf.o
                0x00004de0                packetbuf_hdrptr
 .text.packetbuf_datalen
                0x00004df0        0xc ..\obj\packetbuf.o
                0x00004df0                packetbuf_datalen
 .text.packetbuf_hdrlen
                0x00004dfc       0x18 ..\obj\packetbuf.o
                0x00004dfc                packetbuf_hdrlen
 .text.packetbuf_totlen
                0x00004e14       0x14 ..\obj\packetbuf.o
                0x00004e14                packetbuf_totlen
 .text.packetbuf_hdralloc
                0x00004e28       0x28 ..\obj\packetbuf.o
                0x00004e28                packetbuf_hdralloc
 .text.packetbuf_attr_clear
                0x00004e50       0x38 ..\obj\packetbuf.o
                0x00004e50                packetbuf_attr_clear
 .text.packetbuf_clear
                0x00004e88       0x24 ..\obj\packetbuf.o
                0x00004e88                packetbuf_clear
 .text.packetbuf_copyfrom
                0x00004eac       0x30 ..\obj\packetbuf.o
                0x00004eac                packetbuf_copyfrom
 .text.packetbuf_attr_copyto
                0x00004edc       0x20 ..\obj\packetbuf.o
                0x00004edc                packetbuf_attr_copyto
 .text.packetbuf_attr_copyfrom
                0x00004efc       0x24 ..\obj\packetbuf.o
                0x00004efc                packetbuf_attr_copyfrom
 .text.packetbuf_set_attr
                0x00004f20       0x10 ..\obj\packetbuf.o
                0x00004f20                packetbuf_set_attr
 .text.packetbuf_attr
                0x00004f30        0xc ..\obj\packetbuf.o
                0x00004f30                packetbuf_attr
 .text.packetbuf_set_addr
                0x00004f3c       0x18 ..\obj\packetbuf.o
                0x00004f3c                packetbuf_set_addr
 .text.packetbuf_addr
                0x00004f54       0x10 ..\obj\packetbuf.o
                0x00004f54                packetbuf_addr
 .text.packetbuf_holds_broadcast
                0x00004f64       0x14 ..\obj\packetbuf.o
                0x00004f64                packetbuf_holds_broadcast
 .text.watchdog_periodic
                0x00004f78        0x4 ..\obj\watchdog.o
                0x00004f78                watchdog_periodic
 .text.uip_nd6_init
                0x00004f7c        0x4 ..\obj\uip-nd6.o
                0x00004f7c                uip_nd6_init
 .text.SysCtlPeripheralEnable
                0x00004f80       0x24 ..\obj\xsysctl.o
                0x00004f80                SysCtlPeripheralEnable
 .text.SysCtlPeripheralClockSourceSet
                0x00004fa4      0x268 ..\obj\xsysctl.o
                0x00004fa4                SysCtlPeripheralClockSourceSet
 .text.sicslowpan_init
                0x0000520c       0x24 ..\obj\sicslowpan.o
                0x0000520c                sicslowpan_init
 .text.set_packet_attrs
                0x00005230       0x54 ..\obj\sicslowpan.o
 .text.compress_addr_64
                0x00005284       0xa0 ..\obj\sicslowpan.o
 .text.addr_context_lookup_by_prefix
                0x00005324       0x50 ..\obj\sicslowpan.o
 .text.send_packet
                0x00005374       0x24 ..\obj\sicslowpan.o
 .text.output   0x00005398      0x74c ..\obj\sicslowpan.o
 .text.packet_sent
                0x00005ae4       0x24 ..\obj\sicslowpan.o
 .text.uncompress_addr
                0x00005b08       0xd4 ..\obj\sicslowpan.o
 .text.input    0x00005bdc      0x8b8 ..\obj\sicslowpan.o
 .text.lollipop_greater_than
                0x00006494       0x38 ..\obj\rpl-dag.o
 .text.rpl_set_preferred_parent
                0x000064cc       0x64 ..\obj\rpl-dag.o
 .text.set_ip_from_prefix
                0x00006530       0x2c ..\obj\rpl-dag.o
 .text.check_prefix
                0x0000655c       0xa4 ..\obj\rpl-dag.o
 .text.find_parent_any_dag_any_instance
                0x00006600       0x1c ..\obj\rpl-dag.o
 .text.rpl_get_nbr
                0x0000661c       0x28 ..\obj\rpl-dag.o
                0x0000661c                rpl_get_nbr
 .text.rpl_dag_init
                0x00006644       0x18 ..\obj\rpl-dag.o
                0x00006644                rpl_dag_init
 .text.rpl_get_parent
                0x0000665c       0x14 ..\obj\rpl-dag.o
                0x0000665c                rpl_get_parent
 .text.rpl_get_parent_ipaddr
                0x00006670       0x18 ..\obj\rpl-dag.o
                0x00006670                rpl_get_parent_ipaddr
 .text.rpl_set_prefix
                0x00006688       0xa8 ..\obj\rpl-dag.o
                0x00006688                rpl_set_prefix
 .text.rpl_set_default_route
                0x00006730       0x84 ..\obj\rpl-dag.o
                0x00006730                rpl_set_default_route
 .text.rpl_alloc_instance
                0x000067b4       0x38 ..\obj\rpl-dag.o
                0x000067b4                rpl_alloc_instance
 .text.rpl_add_parent
                0x000067ec       0x6c ..\obj\rpl-dag.o
                0x000067ec                rpl_add_parent
 .text.rpl_find_parent
                0x00006858       0x20 ..\obj\rpl-dag.o
                0x00006858                rpl_find_parent
 .text.rpl_find_parent_any_dag
                0x00006878       0x2c ..\obj\rpl-dag.o
                0x00006878                rpl_find_parent_any_dag
 .text.rpl_select_parent
                0x000068a4       0x80 ..\obj\rpl-dag.o
                0x000068a4                rpl_select_parent
 .text.rpl_select_dag
                0x00006924      0x204 ..\obj\rpl-dag.o
                0x00006924                rpl_select_dag
 .text.rpl_nullify_parent
                0x00006b28       0x74 ..\obj\rpl-dag.o
                0x00006b28                rpl_nullify_parent
 .text.rpl_remove_parent
                0x00006b9c       0x30 ..\obj\rpl-dag.o
                0x00006b9c                rpl_remove_parent
 .text.nbr_callback
                0x00006bcc        0x8 ..\obj\rpl-dag.o
 .text.remove_parents
                0x00006bd4       0x44 ..\obj\rpl-dag.o
 .text.rpl_move_parent
                0x00006c18       0x80 ..\obj\rpl-dag.o
                0x00006c18                rpl_move_parent
 .text.rpl_get_any_dag
                0x00006c98       0x20 ..\obj\rpl-dag.o
                0x00006c98                rpl_get_any_dag
 .text.rpl_get_instance
                0x00006cb8       0x24 ..\obj\rpl-dag.o
                0x00006cb8                rpl_get_instance
 .text.rpl_repair_root
                0x00006cdc       0x70 ..\obj\rpl-dag.o
                0x00006cdc                rpl_repair_root
 .text.rpl_alloc_dag
                0x00006d4c       0x60 ..\obj\rpl-dag.o
                0x00006d4c                rpl_alloc_dag
 .text.rpl_find_of
                0x00006dac       0x14 ..\obj\rpl-dag.o
                0x00006dac                rpl_find_of
 .text.rpl_join_instance
                0x00006dc0      0x180 ..\obj\rpl-dag.o
                0x00006dc0                rpl_join_instance
 .text.rpl_local_repair
                0x00006f40       0x88 ..\obj\rpl-dag.o
                0x00006f40                rpl_local_repair
 .text.rpl_process_parent_event
                0x00006fc8       0x9c ..\obj\rpl-dag.o
                0x00006fc8                rpl_process_parent_event
 .text.rpl_add_dag
                0x00007064      0x148 ..\obj\rpl-dag.o
                0x00007064                rpl_add_dag
 .text.rpl_recalculate_ranks
                0x000071ac       0x5c ..\obj\rpl-dag.o
                0x000071ac                rpl_recalculate_ranks
 .text.rpl_process_dio
                0x00007208      0x474 ..\obj\rpl-dag.o
                0x00007208                rpl_process_dio
 .text.rpl_lock_parent
                0x0000767c       0x14 ..\obj\rpl-dag.o
                0x0000767c                rpl_lock_parent
 .text.TickTimerSetup
                0x00007690       0x20 ..\obj\HAL.o
                0x00007690                TickTimerSetup
 .text.TickTimer
                0x000076b0       0x18 ..\obj\HAL.o
                0x000076b0                TickTimer
 .text.SwitchContext
                0x000076c8       0x9c ..\obj\HAL.o
                0x000076c8                SwitchContext
 .text.SwitchContextToFirstTask
                0x00007764       0x44 ..\obj\HAL.o
                0x00007764                SwitchContextToFirstTask
 .text.CreateVirtualStack
                0x000077a8       0xb4 ..\obj\HAL.o
                0x000077a8                CreateVirtualStack
 .text.OS_CPU_SR_Save
                0x0000785c        0x8 ..\obj\HAL.o
                0x0000785c                OS_CPU_SR_Save
 .text.OS_CPU_SR_Restore
                0x00007864        0x8 ..\obj\HAL.o
                0x00007864                OS_CPU_SR_Restore
 .text.bootstrap
                0x0000786c        0x8 ..\obj\nullsec.o
 .text.on_frame_created
                0x00007874        0x4 ..\obj\nullsec.o
 .text.input    0x00007878       0x10 ..\obj\nullsec.o
 .text.get_overhead
                0x00007888        0x4 ..\obj\nullsec.o
 .text.send     0x0000788c       0x20 ..\obj\nullsec.o
 .text.rpl_verify_header
                0x000078ac      0x184 ..\obj\rpl-ext-header.o
                0x000078ac                rpl_verify_header
 .text.rpl_update_header_empty
                0x00007a30      0x238 ..\obj\rpl-ext-header.o
                0x00007a30                rpl_update_header_empty
 .text.rpl_update_header_final
                0x00007c68       0xc4 ..\obj\rpl-ext-header.o
                0x00007c68                rpl_update_header_final
 .text.rpl_invert_header
                0x00007d2c       0xa0 ..\obj\rpl-ext-header.o
                0x00007d2c                rpl_invert_header
 .text.rpl_insert_header
                0x00007dcc       0x20 ..\obj\rpl-ext-header.o
                0x00007dcc                rpl_insert_header
 .text.System_Time
                0x00007dec       0x2c ..\obj\tasks.o
                0x00007dec                System_Time
 .text.handle_periodic_timer
                0x00007e18       0x3c ..\obj\rpl-timers.o
 .text.new_dio_interval
                0x00007e54       0x98 ..\obj\rpl-timers.o
 .text.handle_dio_timer
                0x00007eec       0xe0 ..\obj\rpl-timers.o
 .text.set_dao_lifetime_timer
                0x00007fcc       0x68 ..\obj\rpl-timers.o
 .text.schedule_dao
                0x00008034       0x88 ..\obj\rpl-timers.o
 .text.handle_dao_timer
                0x000080bc       0x90 ..\obj\rpl-timers.o
 .text.rpl_reset_periodic_timer
                0x0000814c       0x40 ..\obj\rpl-timers.o
                0x0000814c                rpl_reset_periodic_timer
 .text.rpl_reset_dio_timer
                0x0000818c       0x20 ..\obj\rpl-timers.o
                0x0000818c                rpl_reset_dio_timer
 .text.rpl_schedule_dao
                0x000081ac       0x10 ..\obj\rpl-timers.o
                0x000081ac                rpl_schedule_dao
 .text.rpl_schedule_probing
                0x000081bc       0x34 ..\obj\rpl-timers.o
                0x000081bc                rpl_schedule_probing
 .text.handle_probing_timer
                0x000081f0      0x168 ..\obj\rpl-timers.o
 .text.best_dag
                0x00008358       0x2c ..\obj\rpl-mrhof.o
 .text.update_metric_container
                0x00008384        0x8 ..\obj\rpl-mrhof.o
 .text.calculate_rank
                0x0000838c       0x40 ..\obj\rpl-mrhof.o
 .text.calculate_path_metric
                0x000083cc       0x24 ..\obj\rpl-mrhof.o
 .text.best_parent
                0x000083f0       0x58 ..\obj\rpl-mrhof.o
 .text.neighbor_link_callback
                0x00008448       0x60 ..\obj\rpl-mrhof.o
 .text.reset    0x000084a8       0x10 ..\obj\rpl-mrhof.o
 .text.rtimer_init
                0x000084b8        0x8 ..\obj\rtimer.o
                0x000084b8                rtimer_init
 .text.queuebuf_init
                0x000084c0       0x18 ..\obj\queuebuf.o
                0x000084c0                queuebuf_init
 .text.queuebuf_numfree
                0x000084d8       0x10 ..\obj\queuebuf.o
                0x000084d8                queuebuf_numfree
 .text.queuebuf_new_from_packetbuf
                0x000084e8       0x48 ..\obj\queuebuf.o
                0x000084e8                queuebuf_new_from_packetbuf
 .text.queuebuf_free
                0x00008530       0x2c ..\obj\queuebuf.o
                0x00008530                queuebuf_free
 .text.queuebuf_to_packetbuf
                0x0000855c       0x30 ..\obj\queuebuf.o
                0x0000855c                queuebuf_to_packetbuf
 .text.send_packet
                0x0000858c       0x4c ..\obj\udp-client.o
 .text.process_thread_udp_client_process
                0x000085d8      0x1d8 ..\obj\udp-client.o
 .text.uip_debug_ipaddr_print
                0x000087b0       0x70 ..\obj\uip-debug.o
                0x000087b0                uip_debug_ipaddr_print
 .text.memb_init
                0x00008820       0x20 ..\obj\memb.o
                0x00008820                memb_init
 .text.memb_alloc
                0x00008840       0x44 ..\obj\memb.o
                0x00008840                memb_alloc
 .text.memb_free
                0x00008884       0x44 ..\obj\memb.o
                0x00008884                memb_free
 .text.memb_inmemb
                0x000088c8       0x1c ..\obj\memb.o
                0x000088c8                memb_inmemb
 .text.memb_numfree
                0x000088e4       0x24 ..\obj\memb.o
                0x000088e4                memb_numfree
 .text.exit_process
                0x00008908       0x9c ..\obj\process.o
 .text.call_process
                0x000089a4       0x40 ..\obj\process.o
 .text.do_poll  0x000089e4       0x34 ..\obj\process.o
 .text.process_alloc_event
                0x00008a18       0x10 ..\obj\process.o
                0x00008a18                process_alloc_event
 .text.process_init
                0x00008a28       0x18 ..\obj\process.o
                0x00008a28                process_init
 .text.process_run
                0x00008a40       0xa0 ..\obj\process.o
                0x00008a40                process_run
 .text.process_post
                0x00008ae0       0x48 ..\obj\process.o
                0x00008ae0                process_post
 .text.process_post_synch
                0x00008b28       0x14 ..\obj\process.o
                0x00008b28                process_post_synch
 .text.process_start
                0x00008b3c       0x3c ..\obj\process.o
                0x00008b3c                process_start
 .text.process_poll
                0x00008b78       0x1c ..\obj\process.o
                0x00008b78                process_poll
 .text.putchar_buf
                0x00008b94       0x24 ..\obj\printf_lib.o
                0x00008b94                putchar_buf
 .text.printchar
                0x00008bb8       0x1c ..\obj\printf_lib.o
 .text.prints   0x00008bd4       0xb0 ..\obj\printf_lib.o
 .text.printi   0x00008c84       0xd0 ..\obj\printf_lib.o
 .text.print    0x00008d54      0x178 ..\obj\printf_lib.o
 .text.printf_lib
                0x00008ecc       0x1c ..\obj\printf_lib.o
                0x00008ecc                printf_lib
 .text.list_init
                0x00008ee8        0x8 ..\obj\list.o
                0x00008ee8                list_init
 .text.list_head
                0x00008ef0        0x4 ..\obj\list.o
                0x00008ef0                list_head
 .text.list_tail
                0x00008ef4       0x18 ..\obj\list.o
                0x00008ef4                list_tail
 .text.list_remove
                0x00008f0c       0x34 ..\obj\list.o
                0x00008f0c                list_remove
 .text.list_add
                0x00008f40       0x20 ..\obj\list.o
                0x00008f40                list_add
 .text.list_push
                0x00008f60       0x14 ..\obj\list.o
                0x00008f60                list_push
 .text.list_length
                0x00008f74       0x18 ..\obj\list.o
                0x00008f74                list_length
 .text.list_item_next
                0x00008f8c        0xc ..\obj\list.o
                0x00008f8c                list_item_next
 .text._sbrk    0x00008f98       0x24 ..\obj\syscalls.o
                0x00008f98                _sbrk
 .text.framer_canonical_create_and_secure
                0x00008fbc       0x30 ..\obj\framer.o
                0x00008fbc                framer_canonical_create_and_secure
 .text.OSSemCreate
                0x00008fec       0x98 ..\obj\semaphore.o
                0x00008fec                OSSemCreate
 .text.OSSemBinaryCreate
                0x00009084       0xb8 ..\obj\semaphore.o
                0x00009084                OSSemBinaryCreate
 .text.OSSemPend
                0x0000913c      0x1d8 ..\obj\semaphore.o
                0x0000913c                OSSemPend
 .text.OSSemPost
                0x00009314       0x84 ..\obj\semaphore.o
                0x00009314                OSSemPost
 .text.rpl_get_mode
                0x00009398        0xc ..\obj\rpl.o
                0x00009398                rpl_get_mode
 .text.rpl_purge_routes
                0x000093a4       0x98 ..\obj\rpl.o
                0x000093a4                rpl_purge_routes
 .text.rpl_remove_routes
                0x0000943c       0x28 ..\obj\rpl.o
                0x0000943c                rpl_remove_routes
 .text.rpl_remove_routes_by_nexthop
                0x00009464       0x44 ..\obj\rpl.o
                0x00009464                rpl_remove_routes_by_nexthop
 .text.rpl_add_route
                0x000094a8       0x5c ..\obj\rpl.o
                0x000094a8                rpl_add_route
 .text.rpl_link_neighbor_callback
                0x00009504       0x74 ..\obj\rpl.o
                0x00009504                rpl_link_neighbor_callback
 .text.rpl_ipv6_neighbor_callback
                0x00009578       0x4c ..\obj\rpl.o
                0x00009578                rpl_ipv6_neighbor_callback
 .text.rpl_init
                0x000095c4       0x58 ..\obj\rpl.o
                0x000095c4                rpl_init
 .text.OSQueueCreate
                0x0000961c      0x12c ..\obj\queue.o
                0x0000961c                OSQueueCreate
 .text.OSUpdateUptime
                0x00009748       0x50 ..\obj\OS_RTC.o
                0x00009748                OSUpdateUptime
 .text.OSResetTime
                0x00009798       0x1c ..\obj\OS_RTC.o
                0x00009798                OSResetTime
 .text.random_init
                0x000097b4        0x8 ..\obj\random.o
                0x000097b4                random_init
 .text.random_rand
                0x000097bc        0xc ..\obj\random.o
                0x000097bc                random_rand
 .text.send_packet
                0x000097c8       0x10 ..\obj\nullmac.o
 .text.packet_input
                0x000097d8       0x10 ..\obj\nullmac.o
 .text.on       0x000097e8       0x10 ..\obj\nullmac.o
 .text.off      0x000097f8       0x10 ..\obj\nullmac.o
 .text.channel_check_interval
                0x00009808        0x4 ..\obj\nullmac.o
 .text.init     0x0000980c        0x4 ..\obj\nullmac.o
 .text.process_thread_slip_process
                0x00009810      0x1a4 ..\obj\slip.o
 .text.slip_input_byte
                0x000099b4      0x104 ..\obj\slip.o
                0x000099b4                slip_input_byte
 .text.process_thread_ctimer_process
                0x00009ab8       0x98 ..\obj\ctimer.o
 .text.ctimer_init
                0x00009b50       0x20 ..\obj\ctimer.o
                0x00009b50                ctimer_init
 .text.ctimer_set
                0x00009b70       0x5c ..\obj\ctimer.o
                0x00009b70                ctimer_set
 .text.ctimer_reset
                0x00009bcc       0x34 ..\obj\ctimer.o
                0x00009bcc                ctimer_reset
 .text.ctimer_stop
                0x00009c00       0x28 ..\obj\ctimer.o
                0x00009c00                ctimer_stop
 .text.mac_call_sent_callback
                0x00009c28       0x14 ..\obj\mac.o
                0x00009c28                mac_call_sent_callback
 .text.on       0x00009c3c       0x10 ..\obj\nullrdc.o
 .text.off      0x00009c4c       0x1c ..\obj\nullrdc.o
 .text.channel_check_interval
                0x00009c68        0x4 ..\obj\nullrdc.o
 .text.init     0x00009c6c        0x8 ..\obj\nullrdc.o
 .text.packet_input
                0x00009c74       0x38 ..\obj\nullrdc.o
 .text.send_one_packet
                0x00009cac       0x64 ..\obj\nullrdc.o
 .text.send_list
                0x00009d10       0x24 ..\obj\nullrdc.o
 .text.send_packet
                0x00009d34        0x8 ..\obj\nullrdc.o
 .text.uip_ds6_list_loop
                0x00009d3c       0x54 ..\obj\uip-ds6.o
                0x00009d3c                uip_ds6_list_loop
 .text.uip_ds6_prefix_add
                0x00009d90       0x80 ..\obj\uip-ds6.o
                0x00009d90                uip_ds6_prefix_add
 .text.uip_ds6_is_addr_onlink
                0x00009e10       0x40 ..\obj\uip-ds6.o
                0x00009e10                uip_ds6_is_addr_onlink
 .text.uip_ds6_addr_lookup
                0x00009e50       0x34 ..\obj\uip-ds6.o
                0x00009e50                uip_ds6_addr_lookup
 .text.uip_ds6_get_link_local
                0x00009e84       0x44 ..\obj\uip-ds6.o
                0x00009e84                uip_ds6_get_link_local
 .text.uip_ds6_maddr_add
                0x00009ec8       0x48 ..\obj\uip-ds6.o
                0x00009ec8                uip_ds6_maddr_add
 .text.uip_ds6_addr_add
                0x00009f10       0x94 ..\obj\uip-ds6.o
                0x00009f10                uip_ds6_addr_add
 .text.uip_ds6_maddr_rm
                0x00009fa4        0xc ..\obj\uip-ds6.o
                0x00009fa4                uip_ds6_maddr_rm
 .text.uip_ds6_maddr_lookup
                0x00009fb0       0x34 ..\obj\uip-ds6.o
                0x00009fb0                uip_ds6_maddr_lookup
 .text.uip_ds6_addr_rm
                0x00009fe4       0x48 ..\obj\uip-ds6.o
                0x00009fe4                uip_ds6_addr_rm
 .text.uip_ds6_periodic
                0x0000a02c       0x54 ..\obj\uip-ds6.o
                0x0000a02c                uip_ds6_periodic
 .text.uip_ds6_set_addr_iid
                0x0000a080       0x18 ..\obj\uip-ds6.o
                0x0000a080                uip_ds6_set_addr_iid
 .text.get_match_length
                0x0000a098       0x5c ..\obj\uip-ds6.o
                0x0000a098                get_match_length
 .text.uip_ds6_select_src
                0x0000a0f4       0xa8 ..\obj\uip-ds6.o
                0x0000a0f4                uip_ds6_select_src
 .text.uip_ds6_compute_reachable_time
                0x0000a19c       0x28 ..\obj\uip-ds6.o
                0x0000a19c                uip_ds6_compute_reachable_time
 .text.uip_ds6_init
                0x0000a1c4      0x118 ..\obj\uip-ds6.o
                0x0000a1c4                uip_ds6_init
 .text.USART0IntHandler
                0x0000a2dc       0x78 ..\obj\UART.o
                0x0000a2dc                USART0IntHandler
 .text.UARTPutChar
                0x0000a354       0x60 ..\obj\UART.o
                0x0000a354                UARTPutChar
 .text.Init_UART0
                0x0000a3b4       0xa4 ..\obj\UART.o
                0x0000a3b4                Init_UART0
 .text.linkaddr_copy
                0x0000a458        0xc ..\obj\linkaddr.o
                0x0000a458                linkaddr_copy
 .text.linkaddr_cmp
                0x0000a464       0x10 ..\obj\linkaddr.o
                0x0000a464                linkaddr_cmp
 .text.linkaddr_set_node_addr
                0x0000a474       0x10 ..\obj\linkaddr.o
                0x0000a474                linkaddr_set_node_addr
 .text.autostart_start
                0x0000a484       0x20 ..\obj\autostart.o
                0x0000a484                autostart_start
 .text.init_net
                0x0000a4a4      0x188 ..\obj\init-net.o
                0x0000a4a4                init_net
 .text.stimer_set
                0x0000a62c       0x10 ..\obj\stimer.o
                0x0000a62c                stimer_set
 .text.stimer_expired
                0x0000a63c       0x20 ..\obj\stimer.o
                0x0000a63c                stimer_expired
 .text.UART0SEIntHandler
                0x0000a65c       0x30 ..\obj\xuart.o
                0x0000a65c                UART0SEIntHandler
 .text.UART1SEIntHandler
                0x0000a68c       0x30 ..\obj\xuart.o
                0x0000a68c                UART1SEIntHandler
 .text.UART2SEIntHandler
                0x0000a6bc       0x30 ..\obj\xuart.o
                0x0000a6bc                UART2SEIntHandler
 .text.UARTConfigSet
                0x0000a6ec      0x1d0 ..\obj\xuart.o
                0x0000a6ec                UARTConfigSet
 .text.UARTEnable
                0x0000a8bc        0xc ..\obj\xuart.o
                0x0000a8bc                UARTEnable
 .text.UARTDisable
                0x0000a8c8        0x8 ..\obj\xuart.o
                0x0000a8c8                UARTDisable
 .text.UARTIntEnable
                0x0000a8d0       0x2c ..\obj\xuart.o
                0x0000a8d0                UARTIntEnable
 .text.UARTIntDisable
                0x0000a8fc       0x24 ..\obj\xuart.o
                0x0000a8fc                UARTIntDisable
 .text.UARTIntCallbackInit
                0x0000a920       0x34 ..\obj\xuart.o
                0x0000a920                UARTIntCallbackInit
 .text.parse    0x0000a954       0xa8 ..\obj\framer-802154.o
 .text.create_frame
                0x0000a9fc      0x11c ..\obj\framer-802154.o
 .text.create   0x0000ab18        0xc ..\obj\framer-802154.o
 .text.hdr_length
                0x0000ab24        0xc ..\obj\framer-802154.o
 .text.field_len
                0x0000ab30       0x70 ..\obj\frame802154.o
 .text.frame802154_hdrlen
                0x0000aba0       0x2c ..\obj\frame802154.o
                0x0000aba0                frame802154_hdrlen
 .text.frame802154_create
                0x0000abcc       0xd8 ..\obj\frame802154.o
                0x0000abcc                frame802154_create
 .text.frame802154_parse
                0x0000aca4      0x138 ..\obj\frame802154.o
                0x0000aca4                frame802154_parse
 .text.get32    0x0000addc       0x1c ..\obj\rpl-icmp6.o
 .text.set32    0x0000adf8       0x14 ..\obj\rpl-icmp6.o
 .text.get16    0x0000ae0c        0xc ..\obj\rpl-icmp6.o
 .text.set16    0x0000ae18        0xc ..\obj\rpl-icmp6.o
 .text.dao_ack_input
                0x0000ae24        0xc ..\obj\rpl-icmp6.o
 .text.dio_input
                0x0000ae30      0x3f0 ..\obj\rpl-icmp6.o
 .text.dis_output
                0x0000b220       0x68 ..\obj\rpl-icmp6.o
                0x0000b220                dis_output
 .text.dio_output
                0x0000b288      0x260 ..\obj\rpl-icmp6.o
                0x0000b288                dio_output
 .text.dis_input
                0x0000b4e8       0x64 ..\obj\rpl-icmp6.o
 .text.dao_output_target
                0x0000b54c      0x11c ..\obj\rpl-icmp6.o
                0x0000b54c                dao_output_target
 .text.dao_output
                0x0000b668       0x60 ..\obj\rpl-icmp6.o
                0x0000b668                dao_output
 .text.dao_ack_output
                0x0000b6c8       0x4c ..\obj\rpl-icmp6.o
                0x0000b6c8                dao_ack_output
 .text.dao_input
                0x0000b714      0x390 ..\obj\rpl-icmp6.o
 .text.rpl_icmp6_register_handlers
                0x0000baa4       0x28 ..\obj\rpl-icmp6.o
                0x0000baa4                rpl_icmp6_register_handlers
 .text.clock_init
                0x0000bacc       0x10 ..\obj\clock.o
                0x0000bacc                clock_init
 .text.clock_time
                0x0000badc        0xc ..\obj\clock.o
                0x0000badc                clock_time
 .text.clock_seconds
                0x0000bae8       0x18 ..\obj\clock.o
                0x0000bae8                clock_seconds
 .text.clock_delay_usec
                0x0000bb00       0x14 ..\obj\clock.o
                0x0000bb00                clock_delay_usec
 .text.BRTOS_TimerHook
                0x0000bb14       0x44 ..\obj\clock.o
                0x0000bb14                BRTOS_TimerHook
 .text          0x0000bb58      0x114 c:/program files (x86)/gnu tools arm embedded/5.2 2015q4/bin/../lib/gcc/arm-none-eabi/5.2.1/armv6-m\libgcc.a(_udivsi3.o)
                0x0000bb58                __aeabi_uidiv
                0x0000bb58                __udivsi3
                0x0000bc64                __aeabi_uidivmod
 .text          0x0000bc6c      0x1d4 c:/program files (x86)/gnu tools arm embedded/5.2 2015q4/bin/../lib/gcc/arm-none-eabi/5.2.1/armv6-m\libgcc.a(_divsi3.o)
                0x0000bc6c                __divsi3
                0x0000bc6c                __aeabi_idiv
                0x0000be38                __aeabi_idivmod
 .text          0x0000be40        0x4 c:/program files (x86)/gnu tools arm embedded/5.2 2015q4/bin/../lib/gcc/arm-none-eabi/5.2.1/armv6-m\libgcc.a(_dvmd_tls.o)
                0x0000be40                __aeabi_idiv0
                0x0000be40                __aeabi_ldiv0
 .text          0x0000be44       0x40 c:/program files (x86)/gnu tools arm embedded/5.2 2015q4/bin/../lib/gcc/arm-none-eabi/5.2.1/armv6-m\libgcc.a(_aeabi_uldivmod.o)
                0x0000be44                __aeabi_uldivmod
 .text          0x0000be84       0x58 c:/program files (x86)/gnu tools arm embedded/5.2 2015q4/bin/../lib/gcc/arm-none-eabi/5.2.1/armv6-m\libgcc.a(_muldi3.o)
                0x0000be84                __muldi3
                0x0000be84                __aeabi_lmul
 .text          0x0000bedc      0x180 c:/program files (x86)/gnu tools arm embedded/5.2 2015q4/bin/../lib/gcc/arm-none-eabi/5.2.1/armv6-m\libgcc.a(_udivmoddi4.o)
                0x0000bedc                __udivmoddi4
 .text          0x0000c05c       0x18 c:/program files (x86)/gnu tools arm embedded/5.2 2015q4/bin/../lib/gcc/arm-none-eabi/5.2.1/armv6-m\libgcc.a(_clzdi2.o)
                0x0000c05c                __clzdi2
 .text          0x0000c074       0x3c c:/program files (x86)/gnu tools arm embedded/5.2 2015q4/bin/../lib/gcc/arm-none-eabi/5.2.1/armv6-m\libgcc.a(_clzsi2.o)
                0x0000c074                __clzsi2
 .text.memcmp   0x0000c0b0       0x1e c:/program files (x86)/gnu tools arm embedded/5.2 2015q4/bin/../lib/gcc/arm-none-eabi/5.2.1/../../../../arm-none-eabi/lib/armv6-m\libg_nano.a(lib_a-memcmp.o)
                0x0000c0b0                memcmp
 .text.memcpy   0x0000c0ce       0x12 c:/program files (x86)/gnu tools arm embedded/5.2 2015q4/bin/../lib/gcc/arm-none-eabi/5.2.1/../../../../arm-none-eabi/lib/armv6-m\libg_nano.a(lib_a-memcpy-stub.o)
                0x0000c0ce                memcpy
 .text.memmove  0x0000c0e0       0x2a c:/program files (x86)/gnu tools arm embedded/5.2 2015q4/bin/../lib/gcc/arm-none-eabi/5.2.1/../../../../arm-none-eabi/lib/armv6-m\libg_nano.a(lib_a-memmove.o)
                0x0000c0e0                memmove
 .text.memset   0x0000c10a       0x10 c:/program files (x86)/gnu tools arm embedded/5.2 2015q4/bin/../lib/gcc/arm-none-eabi/5.2.1/../../../../arm-none-eabi/lib/armv6-m\libg_nano.a(lib_a-memset.o)
                0x0000c10a                memset
 *fill*         0x0000c11a        0x2 
 .text.srand    0x0000c11c       0x5c c:/program files (x86)/gnu tools arm embedded/5.2 2015q4/bin/../lib/gcc/arm-none-eabi/5.2.1/../../../../arm-none-eabi/lib/armv6-m\libg_nano.a(lib_a-rand.o)
                0x0000c11c                srand
 .text.rand     0x0000c178       0x78 c:/program files (x86)/gnu tools arm embedded/5.2 2015q4/bin/../lib/gcc/arm-none-eabi/5.2.1/../../../../arm-none-eabi/lib/armv6-m\libg_nano.a(lib_a-rand.o)
                0x0000c178                rand
 .text.sprintf  0x0000c1f0       0x44 c:/program files (x86)/gnu tools arm embedded/5.2 2015q4/bin/../lib/gcc/arm-none-eabi/5.2.1/../../../../arm-none-eabi/lib/armv6-m\libg_nano.a(lib_a-sprintf.o)
                0x0000c1f0                siprintf
                0x0000c1f0                sprintf
 .text          0x0000c234        0xe c:/program files (x86)/gnu tools arm embedded/5.2 2015q4/bin/../lib/gcc/arm-none-eabi/5.2.1/../../../../arm-none-eabi/lib/armv6-m\libg_nano.a(lib_a-strlen.o)
                0x0000c234                strlen
 *fill*         0x0000c242        0x2 
 .text.malloc   0x0000c244       0x14 c:/program files (x86)/gnu tools arm embedded/5.2 2015q4/bin/../lib/gcc/arm-none-eabi/5.2.1/../../../../arm-none-eabi/lib/armv6-m\libg_nano.a(lib_a-malloc.o)
                0x0000c244                malloc
 .text._free_r  0x0000c258       0x8c c:/program files (x86)/gnu tools arm embedded/5.2 2015q4/bin/../lib/gcc/arm-none-eabi/5.2.1/../../../../arm-none-eabi/lib/armv6-m\libg_nano.a(lib_a-nano-freer.o)
                0x0000c258                _free_r
 .text._malloc_r
                0x0000c2e4       0xac c:/program files (x86)/gnu tools arm embedded/5.2 2015q4/bin/../lib/gcc/arm-none-eabi/5.2.1/../../../../arm-none-eabi/lib/armv6-m\libg_nano.a(lib_a-nano-mallocr.o)
                0x0000c2e4                _malloc_r
 .text.__ssputs_r
                0x0000c390       0xc4 c:/program files (x86)/gnu tools arm embedded/5.2 2015q4/bin/../lib/gcc/arm-none-eabi/5.2.1/../../../../arm-none-eabi/lib/armv6-m\libg_nano.a(lib_a-nano-svfprintf.o)
                0x0000c390                __ssputs_r
 .text._svfprintf_r
                0x0000c454      0x1fc c:/program files (x86)/gnu tools arm embedded/5.2 2015q4/bin/../lib/gcc/arm-none-eabi/5.2.1/../../../../arm-none-eabi/lib/armv6-m\libg_nano.a(lib_a-nano-svfprintf.o)
                0x0000c454                _svfiprintf_r
                0x0000c454                _svfprintf_r
 .text._printf_common
                0x0000c650       0xdc c:/program files (x86)/gnu tools arm embedded/5.2 2015q4/bin/../lib/gcc/arm-none-eabi/5.2.1/../../../../arm-none-eabi/lib/armv6-m\libg_nano.a(lib_a-nano-vfprintf_i.o)
                0x0000c650                _printf_common
 .text._printf_i
                0x0000c72c      0x244 c:/program files (x86)/gnu tools arm embedded/5.2 2015q4/bin/../lib/gcc/arm-none-eabi/5.2.1/../../../../arm-none-eabi/lib/armv6-m\libg_nano.a(lib_a-nano-vfprintf_i.o)
                0x0000c72c                _printf_i
 .text._sbrk_r  0x0000c970       0x24 c:/program files (x86)/gnu tools arm embedded/5.2 2015q4/bin/../lib/gcc/arm-none-eabi/5.2.1/../../../../arm-none-eabi/lib/armv6-m\libg_nano.a(lib_a-sbrkr.o)
                0x0000c970                _sbrk_r
 .text.memchr   0x0000c994       0x16 c:/program files (x86)/gnu tools arm embedded/5.2 2015q4/bin/../lib/gcc/arm-none-eabi/5.2.1/../../../../arm-none-eabi/lib/armv6-m\libg_nano.a(lib_a-memchr-stub.o)
                0x0000c994                memchr
 .text._realloc_r
                0x0000c9aa       0x4c c:/program files (x86)/gnu tools arm embedded/5.2 2015q4/bin/../lib/gcc/arm-none-eabi/5.2.1/../../../../arm-none-eabi/lib/armv6-m\libg_nano.a(lib_a-nano-reallocr.o)
                0x0000c9aa                _realloc_r
 .text._malloc_usable_size_r
                0x0000c9f6       0x16 c:/program files (x86)/gnu tools arm embedded/5.2 2015q4/bin/../lib/gcc/arm-none-eabi/5.2.1/../../../../arm-none-eabi/lib/armv6-m\libg_nano.a(lib_a-nano-msizer.o)
                0x0000c9f6                _malloc_usable_size_r
 *(.init)
 *(.fini)
 *crtbegin.o(.ctors)
 *crtbegin?.o(.ctors)
 *(EXCLUDE_FILE(*crtend.o *crtend?.o) .ctors)
 *(SORT(.ctors.*))
 *(.ctors)
 *crtbegin.o(.dtors)
 *crtbegin?.o(.dtors)
 *(EXCLUDE_FILE(*crtend.o *crtend?.o) .dtors)
 *(SORT(.dtors.*))
 *(.dtors)
 *(.rodata*)
 .rodata.str1.4
                0x0000ca0c      0x3dc ..\obj\uip-ds6-route.o
                                0x3e0 (size before relaxing)
 .rodata.str1.4
                0x0000cde8       0x14 ..\obj\main_app.o
 .rodata        0x0000cdfc       0x14 ..\obj\xgpio.o
 .rodata.str1.4
                0x0000ce10       0x7d ..\obj\tcpip.o
 *fill*         0x0000ce8d        0x1 
 .rodata.cst2   0x0000ce8e        0x2 ..\obj\uip6.o
 .rodata        0x0000ce90      0x180 ..\obj\uip6.o
 .rodata.str1.4
                0x0000d010      0x58c ..\obj\uip6.o
                                0x598 (size before relaxing)
 .rodata        0x0000d59c       0x80 ..\obj\BRTOS.o
                0x0000d59c                PriorityMask
 .rodata.str1.4
                0x0000d61c       0x10 ..\obj\BRTOS.o
 .rodata.str1.4
                0x0000d62c       0xad ..\obj\uip-ds6-nbr.o
                                 0xb1 (size before relaxing)
 *fill*         0x0000d6d9        0x3 
 .rodata.str1.4
                0x0000d6dc       0x82 ..\obj\contiki-main.o
 *fill*         0x0000d75e        0x2 
 .rodata.str1.4
                0x0000d760        0xc ..\obj\etimer.o
 .rodata        0x0000d76c       0x38 ..\obj\mrf24j40.o
                0x0000d76c                mrf24j40_driver
 .rodata.str1.4
                0x0000d7a4       0x10 ..\obj\mrf24j40.o
 .rodata        0x0000d7b4       0xe8 ..\obj\xsysctl.o
 .rodata        0x0000d89c       0x24 ..\obj\sicslowpan.o
                0x0000d8a0                unc_ctxconf
                0x0000d8a4                unc_llconf
                0x0000d8a8                llprefix
                0x0000d8b0                unc_mxconf
                0x0000d8b4                sicslowpan_driver
 .rodata.str1.4
                0x0000d8c0      0x51b ..\obj\sicslowpan.o
                                0x51f (size before relaxing)
 *fill*         0x0000dddb        0x1 
 .rodata.str1.4
                0x0000dddc      0xaa8 ..\obj\rpl-dag.o
                                0xab0 (size before relaxing)
 .rodata        0x0000e884       0x18 ..\obj\nullsec.o
                0x0000e884                nullsec_driver
 .rodata.str1.4
                0x0000e89c        0x8 ..\obj\nullsec.o
 .rodata.str1.4
                0x0000e8a4      0x4b4 ..\obj\rpl-ext-header.o
 .rodata.str1.4
                0x0000ed58      0x23a ..\obj\rpl-timers.o
 *fill*         0x0000ef92        0x2 
 .rodata.str1.4
                0x0000ef94       0x6e ..\obj\rpl-mrhof.o
 *fill*         0x0000f002        0x2 
 .rodata        0x0000f004        0x8 ..\obj\udp-client.o
                0x0000f004                autostart_processes
 .rodata.str1.4
                0x0000f00c      0x107 ..\obj\udp-client.o
                                0x10b (size before relaxing)
 *fill*         0x0000f113        0x1 
 .rodata.str1.4
                0x0000f114       0x2d ..\obj\uip-debug.o
                                 0x31 (size before relaxing)
 *fill*         0x0000f141        0x3 
 .rodata.str1.4
                0x0000f144        0x7 ..\obj\printf_lib.o
 *fill*         0x0000f14b        0x1 
 .rodata.str1.4
                0x0000f14c      0x145 ..\obj\rpl.o
                                0x149 (size before relaxing)
 *fill*         0x0000f291        0x3 
 .rodata        0x0000f294       0x1c ..\obj\nullmac.o
                0x0000f294                nullmac_driver
 .rodata.str1.4
                0x0000f2b0        0x8 ..\obj\nullmac.o
 .rodata.str1.4
                0x0000f2b8       0x24 ..\obj\slip.o
 .rodata.str1.4
                0x0000f2dc        0xf ..\obj\ctimer.o
 *fill*         0x0000f2eb        0x1 
 .rodata        0x0000f2ec       0x20 ..\obj\nullrdc.o
                0x0000f2ec                nullrdc_driver
 .rodata.str1.4
                0x0000f30c        0x8 ..\obj\nullrdc.o
 .rodata.str1.4
                0x0000f314      0x10c ..\obj\uip-ds6.o
 .rodata        0x0000f420        0x8 ..\obj\linkaddr.o
                0x0000f420                linkaddr_null
 .rodata.str1.4
                0x0000f428       0xb3 ..\obj\init-net.o
                                 0xf2 (size before relaxing)
 *fill*         0x0000f4db        0x1 
 .rodata        0x0000f4dc       0x10 ..\obj\framer-802154.o
                0x0000f4dc                framer_802154
 .rodata.str1.4
                0x0000f4ec      0x870 ..\obj\rpl-icmp6.o
                                0x87c (size before relaxing)
 .rodata.str1.1
                0x0000fd5c        0x2 c:/program files (x86)/gnu tools arm embedded/5.2 2015q4/bin/../lib/gcc/arm-none-eabi/5.2.1/../../../../arm-none-eabi/lib/armv6-m\libg_nano.a(lib_a-impure.o)
 *fill*         0x0000fd5e        0x2 
 .rodata.__sf_fake_stdin
                0x0000fd60       0x20 c:/program files (x86)/gnu tools arm embedded/5.2 2015q4/bin/../lib/gcc/arm-none-eabi/5.2.1/../../../../arm-none-eabi/lib/armv6-m\libg_nano.a(lib_a-findfp.o)
                0x0000fd60                __sf_fake_stdin
 .rodata.__sf_fake_stdout
                0x0000fd80       0x20 c:/program files (x86)/gnu tools arm embedded/5.2 2015q4/bin/../lib/gcc/arm-none-eabi/5.2.1/../../../../arm-none-eabi/lib/armv6-m\libg_nano.a(lib_a-findfp.o)
                0x0000fd80                __sf_fake_stdout
 .rodata.__sf_fake_stderr
                0x0000fda0       0x20 c:/program files (x86)/gnu tools arm embedded/5.2 2015q4/bin/../lib/gcc/arm-none-eabi/5.2.1/../../../../arm-none-eabi/lib/armv6-m\libg_nano.a(lib_a-findfp.o)
                0x0000fda0                __sf_fake_stderr
 .rodata.str1.1
                0x0000fdc0       0x11 c:/program files (x86)/gnu tools arm embedded/5.2 2015q4/bin/../lib/gcc/arm-none-eabi/5.2.1/../../../../arm-none-eabi/lib/armv6-m\libg_nano.a(lib_a-nano-svfprintf.o)
 .rodata.str1.1
                0x0000fdd1       0x22 c:/program files (x86)/gnu tools arm embedded/5.2 2015q4/bin/../lib/gcc/arm-none-eabi/5.2.1/../../../../arm-none-eabi/lib/armv6-m\libg_nano.a(lib_a-nano-vfprintf_i.o)
 *(.eh_fram e*)

.glue_7         0x0000fdf4        0x0
 .glue_7        0x0000fdf4        0x0 linker stubs

.glue_7t        0x0000fdf4        0x0
 .glue_7t       0x0000fdf4        0x0 linker stubs

.vfp11_veneer   0x0000fdf4        0x0
 .vfp11_veneer  0x0000fdf4        0x0 linker stubs

.v4_bx          0x0000fdf4        0x0
 .v4_bx         0x0000fdf4        0x0 linker stubs

.iplt           0x0000fdf4        0x0
 .iplt          0x0000fdf4        0x0 ..\obj\slip-arch.o

.ARM.extab
 *(.ARM.extab* .gnu.linkonce.armextab.*)
                0x0000fdf4                __exidx_start = .

.ARM.exidx      0x0000fdf4        0x8
 *(.ARM.exidx* .gnu.linkonce.armexidx.*)
 .ARM.exidx     0x0000fdf4        0x8 c:/program files (x86)/gnu tools arm embedded/5.2 2015q4/bin/../lib/gcc/arm-none-eabi/5.2.1/armv6-m\libgcc.a(_udivmoddi4.o)
                0x0000fdfc                __exidx_end = .
                0x0000fdfc                __etext = .
                0x0000fdfc                _sidata = __etext

.rel.dyn        0x0000fdfc        0x0
 .rel.iplt      0x0000fdfc        0x0 ..\obj\slip-arch.o

.data           0x1ffff000      0x1d0 load address 0x0000fdfc
                0x1ffff000                __data_start__ = .
                0x1ffff000                _sdata = __data_start__
 *(vtable)
 *(.data*)
 .data          0x1ffff000       0x34 ..\obj\uip-ds6-route.o
 .data          0x1ffff034       0x18 ..\obj\uip-icmp6.o
 .data          0x1ffff04c       0x10 ..\obj\tcpip.o
                0x1ffff04c                tcpip_process
 .data          0x1ffff05c       0x10 ..\obj\BRTOS.o
                0x1ffff05c                OSBlockedList
                0x1ffff060                StackAddress
                0x1ffff064                flag_load
                0x1ffff068                version
 .data          0x1ffff06c       0x14 ..\obj\uip-ds6-nbr.o
                0x1ffff06c                ds6_neighbors
 .data          0x1ffff080        0x8 ..\obj\contiki-main.o
                0x1ffff080                procinit
 .data          0x1ffff088        0xc ..\obj\uip-packetqueue.o
 .data          0x1ffff094        0xc ..\obj\nbr-table.o
 .data          0x1ffff0a0       0x10 ..\obj\etimer.o
                0x1ffff0a0                etimer_process
 .data          0x1ffff0b0       0x10 ..\obj\mrf24j40.o
                0x1ffff0b0                mrf24j40_process
 .data          0x1ffff0c0       0x14 ..\obj\rpl-dag.o
                0x1ffff0c0                rpl_parents
 .data          0x1ffff0d4       0x1c ..\obj\rpl-mrhof.o
                0x1ffff0d4                rpl_mrhof
 .data          0x1ffff0f0       0x18 ..\obj\queuebuf.o
 .data          0x1ffff108       0x10 ..\obj\udp-client.o
                0x1ffff108                udp_client_process
 .data          0x1ffff118       0x10 ..\obj\slip.o
                0x1ffff118                slip_process
 .data          0x1ffff128       0x10 ..\obj\ctimer.o
                0x1ffff128                ctimer_process
 .data          0x1ffff138       0x34 ..\obj\rpl-icmp6.o
 .data.impure_data
                0x1ffff16c       0x60 c:/program files (x86)/gnu tools arm embedded/5.2 2015q4/bin/../lib/gcc/arm-none-eabi/5.2.1/../../../../arm-none-eabi/lib/armv6-m\libg_nano.a(lib_a-impure.o)
 .data._impure_ptr
                0x1ffff1cc        0x4 c:/program files (x86)/gnu tools arm embedded/5.2 2015q4/bin/../lib/gcc/arm-none-eabi/5.2.1/../../../../arm-none-eabi/lib/armv6-m\libg_nano.a(lib_a-impure.o)
                0x1ffff1cc                _impure_ptr
                0x1ffff1d0                . = ALIGN (0x4)
                [!provide]                PROVIDE (__preinit_array_start, .)
 *(.preinit_array)
                [!provide]                PROVIDE (__preinit_array_end, .)
                0x1ffff1d0                . = ALIGN (0x4)
                [!provide]                PROVIDE (__init_array_start, .)
 *(SORT(.init_array.*))
 *(.init_array)
                [!provide]                PROVIDE (__init_array_end, .)
                0x1ffff1d0                . = ALIGN (0x4)
                [!provide]                PROVIDE (__fini_array_start, .)
 *(SORT(.fini_array.*))
 *(.fini_array)
                [!provide]                PROVIDE (__fini_array_end, .)
 *(.jcr*)
                0x1ffff1d0                . = ALIGN (0x4)
                0x1ffff1d0                __data_end__ = .
                0x1ffff1d0                _edata = __data_end__

.igot.plt       0x1ffff1d0        0x0 load address 0x0000ffcc
 .igot.plt      0x1ffff1d0        0x0 ..\obj\slip-arch.o

.bss            0x1ffff1d0     0x3318 load address 0x0000ffd0
                0x1ffff1d0                . = ALIGN (0x4)
                0x1ffff1d0                __bss_start__ = .
                0x1ffff1d0                _sbss = __bss_start__
 *(.bss*)
 .bss           0x1ffff1d0        0x1 ..\obj\slip-arch.o
                0x1ffff1d0                buffer_send_i
 *fill*         0x1ffff1d1        0x3 
 .bss           0x1ffff1d4      0x284 ..\obj\uip-ds6-route.o
 .bss           0x1ffff458       0x18 ..\obj\uip-icmp6.o
 .bss           0x1ffff470       0x40 ..\obj\xgpio.o
 .bss           0x1ffff4b0       0x3d ..\obj\tcpip.o
 *fill*         0x1ffff4ed        0x3 
 .bss           0x1ffff4f0      0x224 ..\obj\uip6.o
                0x1ffff4f0                uip_ext_opt_offset
                0x1ffff4f1                uip_ext_len
                0x1ffff700                uip_ext_bitmap
 .bss           0x1ffff714        0x2 ..\obj\spi_cox.o
                0x1ffff714                SPI0Data
                0x1ffff715                SPI1Data
 *fill*         0x1ffff716        0x2 
 .bss           0x1ffff718       0x1e ..\obj\BRTOS.o
                0x1ffff71a                iNesting
                0x1ffff71c                OSReadyList
                0x1ffff720                TaskAlloc
                0x1ffff724                iStackAddress
                0x1ffff726                DutyCnt
                0x1ffff728                LastOSDuty
                0x1ffff72c                OSDutyTmp
                0x1ffff730                OSDuty
                0x1ffff734                iQueueAddress
 *fill*         0x1ffff736        0x2 
 .bss           0x1ffff738      0x134 ..\obj\uip-ds6-nbr.o
 *fill*         0x1ffff86c        0x4 
 .bss           0x1ffff870      0x482 ..\obj\uip-packetqueue.o
 *fill*         0x1ffffcf2        0x2 
 .bss           0x1ffffcf4       0x93 ..\obj\nbr-table.o
 *fill*         0x1ffffd87        0x1 
 .bss           0x1ffffd88        0x4 ..\obj\xwdt.o
 *fill*         0x1ffffd8c        0x4 
 .bss           0x1ffffd90       0x10 ..\obj\etimer.o
 .bss           0x1ffffda0        0x6 ..\obj\mrf24j40.o
                0x1ffffda3                int_status
 *fill*         0x1ffffda6        0x2 
 .bss           0x1ffffda8       0xbc ..\obj\packetbuf.o
 *fill*         0x1ffffe64        0x4 
 .bss           0x1ffffe68      0x250 ..\obj\sicslowpan.o
 .bss           0x200000b8       0xe0 ..\obj\rpl-dag.o
 .bss           0x20000198       0x39 ..\obj\rpl-timers.o
 *fill*         0x200001d1        0x3 
 .bss           0x200001d4      0xb60 ..\obj\queuebuf.o
 *fill*         0x20000d34        0x4 
 .bss           0x20000d38       0x60 ..\obj\udp-client.o
 .bss           0x20000d98       0x90 ..\obj\process.o
                0x20000d98                process_current
                0x20000d9c                process_list
 .bss           0x20000e28        0x4 ..\obj\printf_lib.o
 .bss           0x20000e2c        0x4 ..\obj\syscalls.o
 .bss           0x20000e30        0x1 ..\obj\rpl.o
 *fill*         0x20000e31        0x3 
 .bss           0x20000e34       0x11 ..\obj\OS_RTC.o
 *fill*         0x20000e45        0x3 
 .bss           0x20000e48      0x21c ..\obj\slip.o
 .bss           0x20001064        0x5 ..\obj\ctimer.o
 *fill*         0x20001069        0x3 
 .bss           0x2000106c       0x20 ..\obj\uip-ds6.o
 .bss           0x2000108c        0x1 ..\obj\UART.o
                0x2000108c                buffer_rcvd_i
 *fill*         0x2000108d        0x3 
 .bss           0x20001090        0xc ..\obj\xuart.o
 .bss           0x2000109c        0x2 ..\obj\framer-802154.o
 *fill*         0x2000109e        0x2 
 .bss           0x200010a0        0x8 ..\obj\clock.o
 .bss.__malloc_sbrk_start
                0x200010a8        0x4 c:/program files (x86)/gnu tools arm embedded/5.2 2015q4/bin/../lib/gcc/arm-none-eabi/5.2.1/../../../../arm-none-eabi/lib/armv6-m\libg_nano.a(lib_a-nano-mallocr.o)
                0x200010a8                __malloc_sbrk_start
 .bss.__malloc_free_list
                0x200010ac        0x4 c:/program files (x86)/gnu tools arm embedded/5.2 2015q4/bin/../lib/gcc/arm-none-eabi/5.2.1/../../../../arm-none-eabi/lib/armv6-m\libg_nano.a(lib_a-nano-mallocr.o)
                0x200010ac                __malloc_free_list
 *(COMMON)
 COMMON         0x200010b0      0x100 ..\obj\slip-arch.o
                0x200010b0                buffer_send
 COMMON         0x200011b0        0x1 ..\obj\tcpip.o
                0x200011b0                tcpip_event
 *fill*         0x200011b1        0x7 
 COMMON         0x200011b8      0x514 ..\obj\uip6.o
                0x200011b8                uip_len
                0x200011bc                uip_sappdata
                0x200011c0                uip_acc32
                0x200011c4                uip_lladdr
                0x200011cc                uip_aligned_buf
                0x200013cc                uip_flags
                0x200013d0                uip_next_hdr
                0x200013d4                uip_udp_conn
                0x200013d8                uip_appdata
                0x200013dc                uip_conn
                0x200013e0                uip_conns
                0x20001560                uip_reass_on
                0x20001564                uip_listenports
                0x20001570                uip_reass_timer
                0x20001588                uip_slen
                0x2000158c                uip_udp_conns
 COMMON         0x200016cc      0x7fc ..\obj\BRTOS.o
                0x200016cc                BRTOS_Sem_Table
                0x200016ec                BRTOS_Queue_Table
                0x20001710                NumberOfInstalledTasks
                0x20001714                PriorityVector
                0x20001734                SelectedTask
                0x20001735                currentTask
                0x20001738                QUEUE_STACK
                0x20001738                BRTOS_Mutex_Table
                0x20001750                STACK
                0x20001dd0                Head
                0x20001dd4                ContextTask
                0x20001ec4                Tail
 COMMON         0x20001ec8        0x4 ..\obj\contiki-main.o
                0x20001ec8                Contiki_Sem
 COMMON         0x20001ecc       0x2e ..\obj\packetbuf.o
                0x20001ecc                packetbuf_addrs
                0x20001edc                packetbuf_attrs
 *fill*         0x20001efa        0x2 
 COMMON         0x20001efc        0x8 ..\obj\sicslowpan.o
                0x20001efc                frag_sender
 *fill*         0x20001f04        0x4 
 COMMON         0x20001f08      0x170 ..\obj\rpl-dag.o
                0x20001f08                default_instance
                0x20001f10                instance_table
 COMMON         0x20002078        0x4 ..\obj\HAL.o
                0x20002078                SPvalue
 COMMON         0x2000207c       0x20 ..\obj\printf_lib.o
                0x2000207c                printf_buf
 COMMON         0x2000209c        0xa ..\obj\slip.o
                0x2000209c                slip_active
                0x2000209e                slip_ip_drop
                0x200020a0                slip_rubbish
                0x200020a2                slip_twopackets
                0x200020a4                slip_overflow
 *fill*         0x200020a6        0x2 
 COMMON         0x200020a8      0x1e0 ..\obj\uip-ds6.o
                0x200020a8                uip_ds6_timer_ra
                0x200020b0                uip_ds6_if
                0x2000220c                uip_ds6_netif_addr_list_offset
                0x2000220d                uip_ds6_addr_size
                0x20002210                uip_ds6_prefix_list
                0x20002270                uip_ds6_timer_periodic
 COMMON         0x20002288      0x254 ..\obj\UART.o
                0x20002288                SerialTX2
                0x2000228c                Serial1
                0x20002290                buffer_rcvd
                0x20002490                Serial0
                0x20002494                SerialPortBuffer1
                0x200024a8                SerialPortBuffer0
                0x200024bc                SerialTX1
                0x200024c0                SerialTX0
                0x200024c4                SerialPortBuffer2
                0x200024d8                Serial2
 COMMON         0x200024dc        0x8 ..\obj\linkaddr.o
                0x200024dc                linkaddr_node_addr
 COMMON         0x200024e4        0x4 c:/program files (x86)/gnu tools arm embedded/5.2 2015q4/bin/../lib/gcc/arm-none-eabi/5.2.1/../../../../arm-none-eabi/lib/armv6-m\libg_nano.a(lib_a-reent.o)
                0x200024e4                errno
                0x200024e8                . = ALIGN (0x4)
                0x200024e8                __bss_end__ = .
                0x200024e8                _ebss = __bss_end__

.heap           0x200024e8        0x0
                0x200024e8                __end__ = .
                0x200024e8                _end = __end__
                0x200024e8                end = __end__
 *(.heap*)
                0x200024e8                __HeapLimit = .

.co_stack       0x200024e8      0x180 load address 0x000132e8
                0x200024e8                . = ALIGN (0x8)
 *(.co_stack .co_stack.*)
 .co_stack      0x200024e8      0x180 ..\obj\startup_coide.o
                0x200024e8                pulStack
                0x20003000                __StackTop = (ORIGIN (ram) + LENGTH (ram))
                0x20002e80                __StackLimit = (__StackTop - SIZEOF (.co_stack))
                [!provide]                PROVIDE (__stack, __StackTop)
                0x00000001                ASSERT ((__StackLimit >= __HeapLimit), region ram  overflowed with stack)
LOAD ..\obj\slip-arch.o
LOAD ..\obj\startup_coide.o
LOAD ..\obj\anti-replay.o
LOAD ..\obj\uip-udp-packet.o
LOAD ..\obj\rtimer-arch.o
LOAD ..\obj\xdebug.o
LOAD ..\obj\leds-arch.o
LOAD ..\obj\uip-ds6-route.o
LOAD ..\obj\ip64-addr.o
LOAD ..\obj\xcore.o
LOAD ..\obj\timer.o
LOAD ..\obj\uip-icmp6.o
LOAD ..\obj\main_app.o
LOAD ..\obj\xgpio.o
LOAD ..\obj\nullradio.o
LOAD ..\obj\roll-tm.o
LOAD ..\obj\udp-socket.o
LOAD ..\obj\me.o
LOAD ..\obj\tcp-socket.o
LOAD ..\obj\mmem.o
LOAD ..\obj\tcpip.o
LOAD ..\obj\DAC.o
LOAD ..\obj\compower.o
LOAD ..\obj\uip6.o
LOAD ..\obj\spi_cox.o
LOAD ..\obj\BRTOS.o
LOAD ..\obj\uip-mcast6-route.o
LOAD ..\obj\uip-ds6-nbr.o
LOAD ..\obj\contiki-main.o
LOAD ..\obj\ringbuf.o
LOAD ..\obj\petsciiconv.o
LOAD ..\obj\assert.o
LOAD ..\obj\psock.o
LOAD ..\obj\strncasecmp.o
LOAD ..\obj\uip-packetqueue.o
LOAD ..\obj\main.o
LOAD ..\obj\procinit.o
LOAD ..\obj\contikimac.o
LOAD ..\obj\utils.o
LOAD ..\obj\noncoresec.o
LOAD ..\obj\phase.o
LOAD ..\obj\nbr-table.o
LOAD ..\obj\FLASH.o
LOAD ..\obj\timers.o
LOAD ..\obj\slipdev.o
LOAD ..\obj\me_tabs.o
LOAD ..\obj\system.o
LOAD ..\obj\print-stats.o
LOAD ..\obj\rpl-dag-root.o
LOAD ..\obj\xwdt.o
LOAD ..\obj\mac-sequence.o
LOAD ..\obj\ccm-star.o
LOAD ..\obj\uiplib.o
LOAD ..\obj\uip-split.o
LOAD ..\obj\etimer.o
LOAD ..\obj\mtarch.o
LOAD ..\obj\mrf24j40.o
LOAD ..\obj\packetbuf.o
LOAD ..\obj\framer-nullmac.o
LOAD ..\obj\ccm-star-packetbuf.o
LOAD ..\obj\energest.o
LOAD ..\obj\watchdog.o
LOAD ..\obj\uip-nd6.o
LOAD ..\obj\xsysctl.o
LOAD ..\obj\mbox.o
LOAD ..\obj\cxmac.o
LOAD ..\obj\sicslowpan.o
LOAD ..\obj\rpl-dag.o
LOAD ..\obj\HAL.o
LOAD ..\obj\nullsec.o
LOAD ..\obj\rpl-ext-header.o
LOAD ..\obj\tasks.o
LOAD ..\obj\netstack.o
LOAD ..\obj\rpl-timers.o
LOAD ..\obj\rpl-mrhof.o
LOAD ..\obj\rtimer.o
LOAD ..\obj\xmem.o
LOAD ..\obj\dhcpc.o
LOAD ..\obj\queuebuf.o
LOAD ..\obj\leds.o
LOAD ..\obj\udp-client.o
LOAD ..\obj\sicslowmac.o
LOAD ..\obj\uip-debug.o
LOAD ..\obj\memb.o
LOAD ..\obj\trickle-timer.o
LOAD ..\obj\aes-128.o
LOAD ..\obj\simple-udp.o
LOAD ..\obj\process.o
LOAD ..\obj\printf_lib.o
LOAD ..\obj\list.o
LOAD ..\obj\rpl-of0.o
LOAD ..\obj\syscalls.o
LOAD ..\obj\framer.o
LOAD ..\obj\LPO.o
LOAD ..\obj\semaphore.o
LOAD ..\obj\uip-nameserver.o
LOAD ..\obj\rpl.o
LOAD ..\obj\queue.o
LOAD ..\obj\mutex.o
LOAD ..\obj\OS_RTC.o
LOAD ..\obj\settings.o
LOAD ..\obj\contikimac-framer.o
LOAD ..\obj\smrf.o
LOAD ..\obj\accel.o
LOAD ..\obj\mt.o
LOAD ..\obj\arg.o
LOAD ..\obj\random.o
LOAD ..\obj\nullmac.o
LOAD ..\obj\slip.o
LOAD ..\obj\uip-mcast6-stats.o
LOAD ..\obj\ctimer.o
LOAD ..\obj\mac.o
LOAD ..\obj\csma.o
LOAD ..\obj\nullrdc.o
LOAD ..\obj\crc16.o
LOAD ..\obj\nullrdc-noframer.o
LOAD ..\obj\sensors.o
LOAD ..\obj\uip-ds6.o
LOAD ..\obj\UART.o
LOAD ..\obj\linkaddr.o
LOAD ..\obj\autostart.o
LOAD ..\obj\FLASH1.o
LOAD ..\obj\cpu.o
LOAD ..\obj\init-net.o
LOAD ..\obj\stimer.o
LOAD ..\obj\cfs-coffee.o
LOAD ..\obj\serial-line.o
LOAD ..\obj\xuart.o
LOAD ..\obj\gcr.o
LOAD ..\obj\OSInfo.o
LOAD ..\obj\resolv.o
LOAD ..\obj\framer-802154.o
LOAD ..\obj\ifft.o
LOAD ..\obj\frame802154.o
LOAD ..\obj\rpl-icmp6.o
LOAD ..\obj\clock.o
START GROUP
LOAD c:/program files (x86)/gnu tools arm embedded/5.2 2015q4/bin/../lib/gcc/arm-none-eabi/5.2.1/armv6-m\libgcc.a
LOAD c:/program files (x86)/gnu tools arm embedded/5.2 2015q4/bin/../lib/gcc/arm-none-eabi/5.2.1/../../../../arm-none-eabi/lib/armv6-m\libg_nano.a
LOAD c:/program files (x86)/gnu tools arm embedded/5.2 2015q4/bin/../lib/gcc/arm-none-eabi/5.2.1/../../../../arm-none-eabi/lib/armv6-m\libc_nano.a
END GROUP
START GROUP
LOAD c:/program files (x86)/gnu tools arm embedded/5.2 2015q4/bin/../lib/gcc/arm-none-eabi/5.2.1/armv6-m\libgcc.a
LOAD c:/program files (x86)/gnu tools arm embedded/5.2 2015q4/bin/../lib/gcc/arm-none-eabi/5.2.1/../../../../arm-none-eabi/lib/armv6-m\libc_nano.a
END GROUP
OUTPUT(BRTOS_FRDM_KL25Z.elf elf32-littlearm)

.debug_info     0x00000000    0x25098
 .debug_info    0x00000000      0x1a5 ..\obj\slip-arch.o
 .debug_info    0x000001a5      0x158 ..\obj\startup_coide.o
 .debug_info    0x000002fd      0x42a ..\obj\uip-udp-packet.o
 .debug_info    0x00000727       0xa8 ..\obj\rtimer-arch.o
 .debug_info    0x000007cf     0x18c6 ..\obj\uip-ds6-route.o
 .debug_info    0x00002095      0x486 ..\obj\xcore.o
 .debug_info    0x0000251b      0x1a7 ..\obj\timer.o
 .debug_info    0x000026c2      0xa53 ..\obj\uip-icmp6.o
 .debug_info    0x00003115      0x139 ..\obj\main_app.o
 .debug_info    0x0000324e      0xa32 ..\obj\xgpio.o
 .debug_info    0x00003c80     0x18a0 ..\obj\tcpip.o
 .debug_info    0x00005520     0x1e18 ..\obj\uip6.o
 .debug_info    0x00007338      0x4da ..\obj\spi_cox.o
 .debug_info    0x00007812      0xca1 ..\obj\BRTOS.o
 .debug_info    0x000084b3      0xc80 ..\obj\uip-ds6-nbr.o
 .debug_info    0x00009133      0x938 ..\obj\contiki-main.o
 .debug_info    0x00009a6b      0x529 ..\obj\uip-packetqueue.o
 .debug_info    0x00009f94      0x4ba ..\obj\main.o
 .debug_info    0x0000a44e      0x199 ..\obj\procinit.o
 .debug_info    0x0000a5e7      0xd69 ..\obj\nbr-table.o
 .debug_info    0x0000b350      0x615 ..\obj\system.o
 .debug_info    0x0000b965       0x97 ..\obj\xwdt.o
 .debug_info    0x0000b9fc      0x5ff ..\obj\etimer.o
 .debug_info    0x0000bffb     0x1d5f ..\obj\mrf24j40.o
 .debug_info    0x0000dd5a      0x7c6 ..\obj\packetbuf.o
 .debug_info    0x0000e520       0xf2 ..\obj\watchdog.o
 .debug_info    0x0000e612      0x4c8 ..\obj\uip-nd6.o
 .debug_info    0x0000eada      0xb18 ..\obj\xsysctl.o
 .debug_info    0x0000f5f2     0x1ab7 ..\obj\sicslowpan.o
 .debug_info    0x000110a9     0x3220 ..\obj\rpl-dag.o
 .debug_info    0x000142c9      0x434 ..\obj\HAL.o
 .debug_info    0x000146fd      0x3ae ..\obj\nullsec.o
 .debug_info    0x00014aab     0x11ba ..\obj\rpl-ext-header.o
 .debug_info    0x00015c65      0x13b ..\obj\tasks.o
 .debug_info    0x00015da0     0x1117 ..\obj\rpl-timers.o
 .debug_info    0x00016eb7      0xbbc ..\obj\rpl-mrhof.o
 .debug_info    0x00017a73      0x1f2 ..\obj\rtimer.o
 .debug_info    0x00017c65      0x7c1 ..\obj\queuebuf.o
 .debug_info    0x00018426      0x9e7 ..\obj\udp-client.o
 .debug_info    0x00018e0d      0x299 ..\obj\uip-debug.o
 .debug_info    0x000190a6      0x215 ..\obj\memb.o
 .debug_info    0x000192bb      0x618 ..\obj\process.o
 .debug_info    0x000198d3      0x60e ..\obj\printf_lib.o
 .debug_info    0x00019ee1      0x34e ..\obj\list.o
 .debug_info    0x0001a22f      0x3f4 ..\obj\syscalls.o
 .debug_info    0x0001a623      0x209 ..\obj\framer.o
 .debug_info    0x0001a82c      0x507 ..\obj\semaphore.o
 .debug_info    0x0001ad33     0x1077 ..\obj\rpl.o
 .debug_info    0x0001bdaa      0x8a4 ..\obj\queue.o
 .debug_info    0x0001c64e      0x65e ..\obj\OS_RTC.o
 .debug_info    0x0001ccac       0xe4 ..\obj\random.o
 .debug_info    0x0001cd90      0x3cc ..\obj\nullmac.o
 .debug_info    0x0001d15c      0x6dd ..\obj\slip.o
 .debug_info    0x0001d839      0x612 ..\obj\ctimer.o
 .debug_info    0x0001de4b      0x13b ..\obj\mac.o
 .debug_info    0x0001df86      0x858 ..\obj\nullrdc.o
 .debug_info    0x0001e7de     0x1023 ..\obj\uip-ds6.o
 .debug_info    0x0001f801      0xc1a ..\obj\UART.o
 .debug_info    0x0002041b      0x1e0 ..\obj\linkaddr.o
 .debug_info    0x000205fb      0x1d9 ..\obj\autostart.o
 .debug_info    0x000207d4      0x8ac ..\obj\init-net.o
 .debug_info    0x00021080      0x1bd ..\obj\stimer.o
 .debug_info    0x0002123d      0xb45 ..\obj\xuart.o
 .debug_info    0x00021d82      0x820 ..\obj\framer-802154.o
 .debug_info    0x000225a2      0x5a6 ..\obj\frame802154.o
 .debug_info    0x00022b48     0x2324 ..\obj\rpl-icmp6.o
 .debug_info    0x00024e6c      0x22c ..\obj\clock.o

.debug_abbrev   0x00000000     0x81f9
 .debug_abbrev  0x00000000       0xdd ..\obj\slip-arch.o
 .debug_abbrev  0x000000dd       0xda ..\obj\startup_coide.o
 .debug_abbrev  0x000001b7      0x1ef ..\obj\uip-udp-packet.o
 .debug_abbrev  0x000003a6       0x74 ..\obj\rtimer-arch.o
 .debug_abbrev  0x0000041a      0x353 ..\obj\uip-ds6-route.o
 .debug_abbrev  0x0000076d      0x14f ..\obj\xcore.o
 .debug_abbrev  0x000008bc       0xea ..\obj\timer.o
 .debug_abbrev  0x000009a6      0x312 ..\obj\uip-icmp6.o
 .debug_abbrev  0x00000cb8       0xad ..\obj\main_app.o
 .debug_abbrev  0x00000d65      0x1f3 ..\obj\xgpio.o
 .debug_abbrev  0x00000f58      0x428 ..\obj\tcpip.o
 .debug_abbrev  0x00001380      0x36e ..\obj\uip6.o
 .debug_abbrev  0x000016ee      0x152 ..\obj\spi_cox.o
 .debug_abbrev  0x00001840      0x256 ..\obj\BRTOS.o
 .debug_abbrev  0x00001a96      0x2c4 ..\obj\uip-ds6-nbr.o
 .debug_abbrev  0x00001d5a      0x2ac ..\obj\contiki-main.o
 .debug_abbrev  0x00002006      0x1fc ..\obj\uip-packetqueue.o
 .debug_abbrev  0x00002202       0xf0 ..\obj\main.o
 .debug_abbrev  0x000022f2      0x119 ..\obj\procinit.o
 .debug_abbrev  0x0000240b      0x309 ..\obj\nbr-table.o
 .debug_abbrev  0x00002714      0x130 ..\obj\system.o
 .debug_abbrev  0x00002844       0x6d ..\obj\xwdt.o
 .debug_abbrev  0x000028b1      0x24b ..\obj\etimer.o
 .debug_abbrev  0x00002afc      0x40c ..\obj\mrf24j40.o
 .debug_abbrev  0x00002f08      0x286 ..\obj\packetbuf.o
 .debug_abbrev  0x0000318e       0x85 ..\obj\watchdog.o
 .debug_abbrev  0x00003213      0x1e0 ..\obj\uip-nd6.o
 .debug_abbrev  0x000033f3      0x1e3 ..\obj\xsysctl.o
 .debug_abbrev  0x000035d6      0x3ed ..\obj\sicslowpan.o
 .debug_abbrev  0x000039c3      0x4e9 ..\obj\rpl-dag.o
 .debug_abbrev  0x00003eac      0x1e9 ..\obj\HAL.o
 .debug_abbrev  0x00004095      0x174 ..\obj\nullsec.o
 .debug_abbrev  0x00004209      0x2e5 ..\obj\rpl-ext-header.o
 .debug_abbrev  0x000044ee       0xa7 ..\obj\tasks.o
 .debug_abbrev  0x00004595      0x360 ..\obj\rpl-timers.o
 .debug_abbrev  0x000048f5      0x26c ..\obj\rpl-mrhof.o
 .debug_abbrev  0x00004b61      0x151 ..\obj\rtimer.o
 .debug_abbrev  0x00004cb2      0x22c ..\obj\queuebuf.o
 .debug_abbrev  0x00004ede      0x26e ..\obj\udp-client.o
 .debug_abbrev  0x0000514c      0x100 ..\obj\uip-debug.o
 .debug_abbrev  0x0000524c       0xf9 ..\obj\memb.o
 .debug_abbrev  0x00005345      0x310 ..\obj\process.o
 .debug_abbrev  0x00005655      0x1dc ..\obj\printf_lib.o
 .debug_abbrev  0x00005831      0x17a ..\obj\list.o
 .debug_abbrev  0x000059ab       0xf4 ..\obj\syscalls.o
 .debug_abbrev  0x00005a9f       0xeb ..\obj\framer.o
 .debug_abbrev  0x00005b8a      0x1a6 ..\obj\semaphore.o
 .debug_abbrev  0x00005d30      0x306 ..\obj\rpl.o
 .debug_abbrev  0x00006036      0x1b6 ..\obj\queue.o
 .debug_abbrev  0x000061ec      0x1f3 ..\obj\OS_RTC.o
 .debug_abbrev  0x000063df       0x89 ..\obj\random.o
 .debug_abbrev  0x00006468      0x16b ..\obj\nullmac.o
 .debug_abbrev  0x000065d3      0x319 ..\obj\slip.o
 .debug_abbrev  0x000068ec      0x1f6 ..\obj\ctimer.o
 .debug_abbrev  0x00006ae2       0xbb ..\obj\mac.o
 .debug_abbrev  0x00006b9d      0x288 ..\obj\nullrdc.o
 .debug_abbrev  0x00006e25      0x284 ..\obj\uip-ds6.o
 .debug_abbrev  0x000070a9      0x1bc ..\obj\UART.o
 .debug_abbrev  0x00007265      0x10b ..\obj\linkaddr.o
 .debug_abbrev  0x00007370      0x114 ..\obj\autostart.o
 .debug_abbrev  0x00007484      0x20e ..\obj\init-net.o
 .debug_abbrev  0x00007692       0xce ..\obj\stimer.o
 .debug_abbrev  0x00007760      0x16a ..\obj\xuart.o
 .debug_abbrev  0x000078ca      0x1fb ..\obj\framer-802154.o
 .debug_abbrev  0x00007ac5      0x1e2 ..\obj\frame802154.o
 .debug_abbrev  0x00007ca7      0x3d5 ..\obj\rpl-icmp6.o
 .debug_abbrev  0x0000807c      0x17d ..\obj\clock.o

.debug_loc      0x00000000     0xff48
 .debug_loc     0x00000000       0x63 ..\obj\slip-arch.o
 .debug_loc     0x00000063      0x155 ..\obj\uip-udp-packet.o
 .debug_loc     0x000001b8      0x7ff ..\obj\uip-ds6-route.o
 .debug_loc     0x000009b7      0x2cc ..\obj\xcore.o
 .debug_loc     0x00000c83       0xed ..\obj\timer.o
 .debug_loc     0x00000d70      0x2e9 ..\obj\uip-icmp6.o
 .debug_loc     0x00001059      0xabf ..\obj\xgpio.o
 .debug_loc     0x00001b18      0x7ab ..\obj\tcpip.o
 .debug_loc     0x000022c3      0x646 ..\obj\uip6.o
 .debug_loc     0x00002909      0x105 ..\obj\spi_cox.o
 .debug_loc     0x00002a0e      0xa68 ..\obj\BRTOS.o
 .debug_loc     0x00003476      0x3c3 ..\obj\uip-ds6-nbr.o
 .debug_loc     0x00003839       0xab ..\obj\contiki-main.o
 .debug_loc     0x000038e4      0x133 ..\obj\uip-packetqueue.o
 .debug_loc     0x00003a17       0x14 ..\obj\procinit.o
 .debug_loc     0x00003a2b      0xabf ..\obj\nbr-table.o
 .debug_loc     0x000044ea      0x478 ..\obj\etimer.o
 .debug_loc     0x00004962      0x87b ..\obj\mrf24j40.o
 .debug_loc     0x000051dd      0x312 ..\obj\packetbuf.o
 .debug_loc     0x000054ef       0xe0 ..\obj\uip-nd6.o
 .debug_loc     0x000055cf     0x1630 ..\obj\xsysctl.o
 .debug_loc     0x00006bff      0xc6d ..\obj\sicslowpan.o
 .debug_loc     0x0000786c     0x16f4 ..\obj\rpl-dag.o
 .debug_loc     0x00008f60      0x15f ..\obj\HAL.o
 .debug_loc     0x000090bf       0x79 ..\obj\nullsec.o
 .debug_loc     0x00009138      0x2db ..\obj\rpl-ext-header.o
 .debug_loc     0x00009413       0x40 ..\obj\tasks.o
 .debug_loc     0x00009453      0x4e5 ..\obj\rpl-timers.o
 .debug_loc     0x00009938      0x3dd ..\obj\rpl-mrhof.o
 .debug_loc     0x00009d15       0xea ..\obj\rtimer.o
 .debug_loc     0x00009dff      0x217 ..\obj\queuebuf.o
 .debug_loc     0x0000a016      0x1de ..\obj\udp-client.o
 .debug_loc     0x0000a1f4      0x152 ..\obj\uip-debug.o
 .debug_loc     0x0000a346      0x2a3 ..\obj\memb.o
 .debug_loc     0x0000a5e9      0x354 ..\obj\process.o
 .debug_loc     0x0000a93d      0x8bd ..\obj\printf_lib.o
 .debug_loc     0x0000b1fa      0x3a4 ..\obj\list.o
 .debug_loc     0x0000b59e      0x113 ..\obj\syscalls.o
 .debug_loc     0x0000b6b1       0x1e ..\obj\framer.o
 .debug_loc     0x0000b6cf      0x454 ..\obj\semaphore.o
 .debug_loc     0x0000bb23      0x37f ..\obj\rpl.o
 .debug_loc     0x0000bea2      0x774 ..\obj\queue.o
 .debug_loc     0x0000c616      0x31f ..\obj\OS_RTC.o
 .debug_loc     0x0000c935       0x21 ..\obj\random.o
 .debug_loc     0x0000c956       0x63 ..\obj\nullmac.o
 .debug_loc     0x0000c9b9      0x472 ..\obj\slip.o
 .debug_loc     0x0000ce2b      0x37e ..\obj\ctimer.o
 .debug_loc     0x0000d1a9       0xa5 ..\obj\mac.o
 .debug_loc     0x0000d24e      0x1c9 ..\obj\nullrdc.o
 .debug_loc     0x0000d417      0x761 ..\obj\uip-ds6.o
 .debug_loc     0x0000db78      0x4f7 ..\obj\UART.o
 .debug_loc     0x0000e06f       0xb0 ..\obj\linkaddr.o
 .debug_loc     0x0000e11f       0x80 ..\obj\autostart.o
 .debug_loc     0x0000e19f       0xcb ..\obj\init-net.o
 .debug_loc     0x0000e26a       0xf2 ..\obj\stimer.o
 .debug_loc     0x0000e35c      0x7ef ..\obj\xuart.o
 .debug_loc     0x0000eb4b       0xee ..\obj\framer-802154.o
 .debug_loc     0x0000ec39      0x531 ..\obj\frame802154.o
 .debug_loc     0x0000f16a      0xd86 ..\obj\rpl-icmp6.o
 .debug_loc     0x0000fef0       0x58 ..\obj\clock.o

.debug_aranges  0x00000000     0x1c30
 .debug_aranges
                0x00000000       0x38 ..\obj\slip-arch.o
 .debug_aranges
                0x00000038       0x30 ..\obj\startup_coide.o
 .debug_aranges
                0x00000068       0x28 ..\obj\uip-udp-packet.o
 .debug_aranges
                0x00000090       0x28 ..\obj\rtimer-arch.o
 .debug_aranges
                0x000000b8       0xb0 ..\obj\uip-ds6-route.o
 .debug_aranges
                0x00000168      0x118 ..\obj\xcore.o
 .debug_aranges
                0x00000280       0x40 ..\obj\timer.o
 .debug_aranges
                0x000002c0       0x60 ..\obj\uip-icmp6.o
 .debug_aranges
                0x00000320       0x20 ..\obj\main_app.o
 .debug_aranges