Archive member included to satisfy reference by file (symbol)

c:/program files (x86)/gnu tools arm embedded/5.2 2015q4/bin/../lib/gcc/arm-none-eabi/5.2.1/armv6-m\libgcc.a(_udivsi3.o)
                              ..\obj\BRTOS.o (__aeabi_uidiv)
c:/program files (x86)/gnu tools arm embedded/5.2 2015q4/bin/../lib/gcc/arm-none-eabi/5.2.1/armv6-m\libgcc.a(_divsi3.o)
                              ..\obj\utils.o (__aeabi_idiv)
c:/program files (x86)/gnu tools arm embedded/5.2 2015q4/bin/../lib/gcc/arm-none-eabi/5.2.1/armv6-m\libgcc.a(_dvmd_tls.o)
                              c:/program files (x86)/gnu tools arm embedded/5.2 2015q4/bin/../lib/gcc/arm-none-eabi/5.2.1/armv6-m\libgcc.a(_udivsi3.o) (__aeabi_idiv0)
c:/program files (x86)/gnu tools arm embedded/5.2 2015q4/bin/../lib/gcc/arm-none-eabi/5.2.1/armv6-m\libgcc.a(_aeabi_uldivmod.o)
                              ..\obj\roll-tm.o (__aeabi_uldivmod)
c:/program files (x86)/gnu tools arm embedded/5.2 2015q4/bin/../lib/gcc/arm-none-eabi/5.2.1/armv6-m\libgcc.a(_muldi3.o)
                              ..\obj\rpl-timers.o (__aeabi_lmul)
c:/program files (x86)/gnu tools arm embedded/5.2 2015q4/bin/../lib/gcc/arm-none-eabi/5.2.1/armv6-m\libgcc.a(_udivmoddi4.o)
                              c:/program files (x86)/gnu tools arm embedded/5.2 2015q4/bin/../lib/gcc/arm-none-eabi/5.2.1/armv6-m\libgcc.a(_aeabi_uldivmod.o) (__udivmoddi4)
c:/program files (x86)/gnu tools arm embedded/5.2 2015q4/bin/../lib/gcc/arm-none-eabi/5.2.1/armv6-m\libgcc.a(_clzdi2.o)
                              c:/program files (x86)/gnu tools arm embedded/5.2 2015q4/bin/../lib/gcc/arm-none-eabi/5.2.1/armv6-m\libgcc.a(_udivmoddi4.o) (__clzdi2)
c:/program files (x86)/gnu tools arm embedded/5.2 2015q4/bin/../lib/gcc/arm-none-eabi/5.2.1/armv6-m\libgcc.a(_clzsi2.o)
                              c:/program files (x86)/gnu tools arm embedded/5.2 2015q4/bin/../lib/gcc/arm-none-eabi/5.2.1/armv6-m\libgcc.a(_clzdi2.o) (__clzsi2)
c:/program files (x86)/gnu tools arm embedded/5.2 2015q4/bin/../lib/gcc/arm-none-eabi/5.2.1/../../../../arm-none-eabi/lib/armv6-m\libg_nano.a(lib_a-exit.o)
                              ..\obj\watchdog.o (exit)
c:/program files (x86)/gnu tools arm embedded/5.2 2015q4/bin/../lib/gcc/arm-none-eabi/5.2.1/../../../../arm-none-eabi/lib/armv6-m\libg_nano.a(lib_a-impure.o)
                              c:/program files (x86)/gnu tools arm embedded/5.2 2015q4/bin/../lib/gcc/arm-none-eabi/5.2.1/../../../../arm-none-eabi/lib/armv6-m\libg_nano.a(lib_a-exit.o) (_global_impure_ptr)
c:/program files (x86)/gnu tools arm embedded/5.2 2015q4/bin/../lib/gcc/arm-none-eabi/5.2.1/../../../../arm-none-eabi/lib/armv6-m\libg_nano.a(lib_a-memcmp.o)
                              ..\obj\slip-bridge.o (memcmp)
c:/program files (x86)/gnu tools arm embedded/5.2 2015q4/bin/../lib/gcc/arm-none-eabi/5.2.1/../../../../arm-none-eabi/lib/armv6-m\libg_nano.a(lib_a-memcpy-stub.o)
                              ..\obj\uip-udp-packet.o (memcpy)
c:/program files (x86)/gnu tools arm embedded/5.2 2015q4/bin/../lib/gcc/arm-none-eabi/5.2.1/../../../../arm-none-eabi/lib/armv6-m\libg_nano.a(lib_a-memmove.o)
                              ..\obj\uip-icmp6.o (memmove)
c:/program files (x86)/gnu tools arm embedded/5.2 2015q4/bin/../lib/gcc/arm-none-eabi/5.2.1/../../../../arm-none-eabi/lib/armv6-m\libg_nano.a(lib_a-memset.o)
                              ..\obj\slip-bridge.o (memset)
c:/program files (x86)/gnu tools arm embedded/5.2 2015q4/bin/../lib/gcc/arm-none-eabi/5.2.1/../../../../arm-none-eabi/lib/armv6-m\libg_nano.a(lib_a-printf.o)
                              ..\obj\tcp-socket.o (printf)
c:/program files (x86)/gnu tools arm embedded/5.2 2015q4/bin/../lib/gcc/arm-none-eabi/5.2.1/../../../../arm-none-eabi/lib/armv6-m\libg_nano.a(lib_a-rand.o)
                              ..\obj\random.o (srand)
c:/program files (x86)/gnu tools arm embedded/5.2 2015q4/bin/../lib/gcc/arm-none-eabi/5.2.1/../../../../arm-none-eabi/lib/armv6-m\libg_nano.a(lib_a-snprintf.o)
                              ..\obj\border-router.o (snprintf)
c:/program files (x86)/gnu tools arm embedded/5.2 2015q4/bin/../lib/gcc/arm-none-eabi/5.2.1/../../../../arm-none-eabi/lib/armv6-m\libg_nano.a(lib_a-strcasecmp.o)
                              ..\obj\resolv.o (strcasecmp)
c:/program files (x86)/gnu tools arm embedded/5.2 2015q4/bin/../lib/gcc/arm-none-eabi/5.2.1/../../../../arm-none-eabi/lib/armv6-m\libg_nano.a(lib_a-strcmp.o)
                              ..\obj\cfs-coffee.o (strcmp)
c:/program files (x86)/gnu tools arm embedded/5.2 2015q4/bin/../lib/gcc/arm-none-eabi/5.2.1/../../../../arm-none-eabi/lib/armv6-m\libg_nano.a(lib_a-strlen.o)
                              ..\obj\tcp-socket.o (strlen)
c:/program files (x86)/gnu tools arm embedded/5.2 2015q4/bin/../lib/gcc/arm-none-eabi/5.2.1/../../../../arm-none-eabi/lib/armv6-m\libg_nano.a(lib_a-strncmp.o)
                              ..\obj\strncasecmp.o (strncmp)
[...]
Memory Configuration

Name             Origin             Length             Attributes
rom              0x00000000         0x00020000         xr
ram              0x1ffff000         0x00004000         xrw
*default*        0x00000000         0xffffffff

Linker script and memory map

                0x20003000                _eram = 0x20003000

.text           0x00000000    0x10d33
 *(.isr_vector)
 .isr_vector    0x00000000      0x410 ..\obj\startup_coide.o
                0x00000000                g_pfnVectors
 *(.text*)
 .text.slip_arch_init
                0x00000410       0x10 ..\obj\slip-arch.o
                0x00000410                slip_arch_init
 .text.slip_arch_writeb
                0x00000420       0x28 ..\obj\slip-arch.o
                0x00000420                slip_arch_writeb
 .text.DefaultIntHandler
                0x00000448        0x4 ..\obj\startup_coide.o
                0x00000448                SysTickIntHandler
                0x00000448                BusFaultIntHandler
                0x00000448                NMIIntHandler
                0x00000448                UsageFaultIntHandler
                0x00000448                MemManageIntHandler
                0x00000448                SVCIntHandler
                0x00000448                DebugMonIntHandler
                0x00000448                PendSVIntHandler
 .text.DefaultIntHandler2
                0x0000044c        0x4 ..\obj\startup_coide.o
                0x0000044c                HardFaultIntHandler
 .text.Default_ResetHandler
                0x00000450       0x70 ..\obj\startup_coide.o
                0x00000450                RTCSIntHandler
                0x00000450                FTM1IntHandler
                0x00000450                USBOTGIntHandler
                0x00000450                FTM2IntHandler
                0x00000450                I2C1IntHandler
                0x00000450                Default_ResetHandler
                0x00000450                DMA1IntHandler
                0x00000450                DACIntHandler
                0x00000450                ACMPIntHandler
                0x00000450                ResetHandler
                0x00000450                LVDIntHandler
                0x00000450                SPI1IntHandler
                0x00000450                FTFAIntHandler
                0x00000450                ADCIntHandler
                0x00000450                DMA0IntHandler
                0x00000450                I2C0IntHandler
                0x00000450                FTM0IntHandler
                0x00000450                LLWUIntHandler
                0x00000450                MCGIntHandler
                0x00000450                RTCAIntHandler
                0x00000450                SPI0IntHandler
                0x00000450                TSIIntHandler
                0x00000450                LPTMRIntHandler
                0x00000450                PITIntHandler
                0x00000450                DMA3IntHandler
                0x00000450                DMA2IntHandler
 .text.rtimer_arch_init
                0x000004c0        0x4 ..\obj\rtimer-arch.o
                0x000004c0                rtimer_arch_init
 .text.output   0x000004c4       0x50 ..\obj\slip-bridge.o
 .text.init     0x00000514       0x20 ..\obj\slip-bridge.o
 .text.slip_input_callback
                0x00000534       0xd4 ..\obj\slip-bridge.o
 .text.call_route_callback
                0x00000608       0x54 ..\obj\uip-ds6-route.o
 .text.uip_ds6_route_init
                0x0000065c       0x40 ..\obj\uip-ds6-route.o
                0x0000065c                uip_ds6_route_init
 .text.uip_ds6_route_nexthop
                0x0000069c       0x20 ..\obj\uip-ds6-route.o
                0x0000069c                uip_ds6_route_nexthop
 .text.uip_ds6_route_head
                0x000006bc       0x10 ..\obj\uip-ds6-route.o
                0x000006bc                uip_ds6_route_head
 .text.uip_ds6_route_next
                0x000006cc       0x10 ..\obj\uip-ds6-route.o
                0x000006cc                uip_ds6_route_next
 .text.uip_ds6_route_lookup
                0x000006dc       0xb4 ..\obj\uip-ds6-route.o
                0x000006dc                uip_ds6_route_lookup
 .text.uip_ds6_route_rm
                0x00000790       0xd8 ..\obj\uip-ds6-route.o
                0x00000790                uip_ds6_route_rm
 .text.rm_routelist
                0x00000868       0x40 ..\obj\uip-ds6-route.o
 .text.rm_routelist_callback
                0x000008a8        0x8 ..\obj\uip-ds6-route.o
 .text.uip_ds6_route_add
                0x000008b0      0x178 ..\obj\uip-ds6-route.o
                0x000008b0                uip_ds6_route_add
 .text.uip_ds6_defrt_rm
                0x00000a28       0x58 ..\obj\uip-ds6-route.o
                0x00000a28                uip_ds6_defrt_rm
 .text.uip_ds6_defrt_lookup
                0x00000a80       0x38 ..\obj\uip-ds6-route.o
                0x00000a80                uip_ds6_defrt_lookup
 .text.uip_ds6_defrt_add
                0x00000ab8       0x94 ..\obj\uip-ds6-route.o
                0x00000ab8                uip_ds6_defrt_add
 .text.uip_ds6_defrt_choose
                0x00000b4c       0x74 ..\obj\uip-ds6-route.o
                0x00000b4c                uip_ds6_defrt_choose
 .text.uip_ds6_defrt_periodic
                0x00000bc0       0x50 ..\obj\uip-ds6-route.o
                0x00000bc0                uip_ds6_defrt_periodic
 .text.xIntEnable
                0x00000c10       0x8c ..\obj\xcore.o
                0x00000c10                xIntEnable
 .text.timer_set
                0x00000c9c       0x14 ..\obj\timer.o
                0x00000c9c                timer_set
 .text.timer_reset
                0x00000cb0       0x14 ..\obj\timer.o
                0x00000cb0                timer_reset
 .text.timer_restart
                0x00000cc4       0x10 ..\obj\timer.o
                0x00000cc4                timer_restart
 .text.timer_expired
                0x00000cd4       0x30 ..\obj\timer.o
                0x00000cd4                timer_expired
 .text.echo_reply_input
                0x00000d04      0x104 ..\obj\uip-icmp6.o
 .text.echo_request_input
                0x00000e08      0x118 ..\obj\uip-icmp6.o
 .text.uip_icmp6_input
                0x00000f20       0x4c ..\obj\uip-icmp6.o
                0x00000f20                uip_icmp6_input
 .text.uip_icmp6_register_input_handler
                0x00000f6c       0x14 ..\obj\uip-icmp6.o
                0x00000f6c                uip_icmp6_register_input_handler
 .text.uip_icmp6_error_output
                0x00000f80      0x1a4 ..\obj\uip-icmp6.o
                0x00000f80                uip_icmp6_error_output
 .text.uip_icmp6_send
                0x00001124       0x84 ..\obj\uip-icmp6.o
                0x00001124                uip_icmp6_send
 .text.uip_icmp6_init
                0x000011a8       0x18 ..\obj\uip-icmp6.o
                0x000011a8                uip_icmp6_init
 .text.main_app
                0x000011c0       0x60 ..\obj\main_app.o
                0x000011c0                main_app
 .text.GPIOToPortGet
                0x00001220       0x60 ..\obj\xgpio.o
 .text.PORTAIntHandler
                0x00001280       0x5c ..\obj\xgpio.o
                0x00001280                PORTAIntHandler
 .text.GPIODirModeSet
                0x000012dc       0x18 ..\obj\xgpio.o
                0x000012dc                GPIODirModeSet
 .text.xGPIODirModeSet
                0x000012f4       0x2c ..\obj\xgpio.o
                0x000012f4                xGPIODirModeSet
 .text.GPIOPinIntEnable
                0x00001320       0x34 ..\obj\xgpio.o
                0x00001320                GPIOPinIntEnable
 .text.GPIOPinIntDisable
                0x00001354       0x2c ..\obj\xgpio.o
                0x00001354                GPIOPinIntDisable
 .text.GPIOPinSet
                0x00001380        0x4 ..\obj\xgpio.o
                0x00001380                GPIOPinSet
 .text.GPIOPinReset
                0x00001384        0x4 ..\obj\xgpio.o
                0x00001384                GPIOPinReset
 .text.GPIOPadConfigSet
                0x00001388       0x30 ..\obj\xgpio.o
                0x00001388                GPIOPadConfigSet
 .text.GPIOPinConfigure
                0x000013b8       0x34 ..\obj\xgpio.o
                0x000013b8                GPIOPinConfigure
 .text.start_periodic_tcp_timer
                0x000013ec       0x18 ..\obj\tcpip.o
 .text.tcpip_output
                0x00001404       0x18 ..\obj\tcpip.o
                0x00001404                tcpip_output
 .text.tcpip_set_outputfunc
                0x0000141c        0xc ..\obj\tcpip.o
                0x0000141c                tcpip_set_outputfunc
 .text.tcp_listen
                0x00001428       0x60 ..\obj\tcpip.o
                0x00001428                tcp_listen
 .text.tcp_attach
                0x00001488       0x10 ..\obj\tcpip.o
                0x00001488                tcp_attach
 .text.tcpip_input
                0x00001498       0x24 ..\obj\tcpip.o
                0x00001498                tcpip_input
 .text.tcpip_ipv6_output
                0x000014bc      0x174 ..\obj\tcpip.o
                0x000014bc                tcpip_ipv6_output
 .text.process_thread_tcpip_process
                0x00001630      0x22c ..\obj\tcpip.o
 .text.tcpip_uipcall
                0x0000185c       0x90 ..\obj\tcpip.o
                0x0000185c                tcpip_uipcall
 .text.chksum   0x000018ec       0x4c ..\obj\uip6.o
 .text.ext_hdr_options_process
                0x00001938      0x110 ..\obj\uip6.o
 .text.upper_layer_chksum
                0x00001a48       0x6c ..\obj\uip6.o
 .text.uip_add32
                0x00001ab4       0x60 ..\obj\uip6.o
                0x00001ab4                uip_add32
 .text.uip_add_rcv_nxt
                0x00001b14       0x2c ..\obj\uip6.o
 .text.uip_icmp6chksum
                0x00001b40        0xc ..\obj\uip6.o
                0x00001b40                uip_icmp6chksum
 .text.uip_tcpchksum
                0x00001b4c        0xc ..\obj\uip6.o
                0x00001b4c                uip_tcpchksum
 .text.uip_udpchksum
                0x00001b58        0xc ..\obj\uip6.o
                0x00001b58                uip_udpchksum
 .text.uip_init
                0x00001b64       0x5c ..\obj\uip6.o
                0x00001b64                uip_init
 .text.remove_ext_hdr
                0x00001bc0       0x78 ..\obj\uip6.o
                0x00001bc0                remove_ext_hdr
 .text.uip_unlisten
                0x00001c38       0x54 ..\obj\uip6.o
                0x00001c38                uip_unlisten
 .text.uip_listen
                0x00001c8c       0x50 ..\obj\uip6.o
                0x00001c8c                uip_listen
 .text.uip_reass_over
                0x00001cdc       0x6c ..\obj\uip6.o
                0x00001cdc                uip_reass_over
 .text.uip_process
                0x00001d48     0x15d4 ..\obj\uip6.o
                0x00001d48                uip_process
 .text.uip_htonl
                0x0000331c       0x18 ..\obj\uip6.o
                0x0000331c                uip_htonl
 .text.uip_send
                0x00003334       0x60 ..\obj\uip6.o
                0x00003334                uip_send
 .text.init_SPI
                0x00003394       0xa8 ..\obj\spi_cox.o
                0x00003394                init_SPI
 .text.SPI0_SendChar
                0x0000343c       0x38 ..\obj\spi_cox.o
                0x0000343c                SPI0_SendChar
 .text.SPI0_GetChar
                0x00003474       0x30 ..\obj\spi_cox.o
                0x00003474                SPI0_GetChar
 .text.Idle     0x000034a4        0x4 ..\obj\BRTOS.o
                0x000034a4                Idle
 .text.OSGetCount
                0x000034a8        0xc ..\obj\BRTOS.o
                0x000034a8                OSGetCount
 .text.OSIncCounter
                0x000034b4       0x24 ..\obj\BRTOS.o
                0x000034b4                OSIncCounter
 .text.DelayTask
                0x000034d8       0xe8 ..\obj\BRTOS.o
                0x000034d8                DelayTask
 .text.OS_TICK_HANDLER
                0x000035c0       0xa4 ..\obj\BRTOS.o
                0x000035c0                OS_TICK_HANDLER
 .text.PreInstallTasks
                0x00003664       0x48 ..\obj\BRTOS.o
                0x00003664                PreInstallTasks
 .text.InstallTask
                0x000036ac      0x1dc ..\obj\BRTOS.o
                0x000036ac                InstallTask
 .text.InstallIdle
                0x00003888       0xdc ..\obj\BRTOS.o
                0x00003888                InstallIdle
 .text.initEvents
                0x00003964       0x28 ..\obj\BRTOS.o
                0x00003964                initEvents
 .text.BRTOS_Init
                0x0000398c       0x10 ..\obj\BRTOS.o
                0x0000398c                BRTOS_Init
 .text.SAScheduler
                0x0000399c      0x164 ..\obj\BRTOS.o
                0x0000399c                SAScheduler
 .text.OSSchedule
                0x00003b00       0x24 ..\obj\BRTOS.o
                0x00003b00                OSSchedule
 .text.BRTOSStart
                0x00003b24       0x44 ..\obj\BRTOS.o
                0x00003b24                BRTOSStart
 .text.uip_ds6_nbr_rm
                0x00003b68       0x24 ..\obj\uip-ds6-nbr.o
                0x00003b68                uip_ds6_nbr_rm
 .text.uip_ds6_neighbors_init
                0x00003b8c       0x18 ..\obj\uip-ds6-nbr.o
                0x00003b8c                uip_ds6_neighbors_init
 .text.uip_ds6_nbr_add
                0x00003ba4       0x9c ..\obj\uip-ds6-nbr.o
                0x00003ba4                uip_ds6_nbr_add
 .text.uip_ds6_nbr_get_ll
                0x00003c40       0x14 ..\obj\uip-ds6-nbr.o
                0x00003c40                uip_ds6_nbr_get_ll
 .text.uip_ds6_nbr_lookup
                0x00003c54       0x48 ..\obj\uip-ds6-nbr.o
                0x00003c54                uip_ds6_nbr_lookup
 .text.uip_ds6_nbr_ll_lookup
                0x00003c9c       0x14 ..\obj\uip-ds6-nbr.o
                0x00003c9c                uip_ds6_nbr_ll_lookup
 .text.uip_ds6_nbr_ipaddr_from_lladdr
                0x00003cb0        0x8 ..\obj\uip-ds6-nbr.o
                0x00003cb0                uip_ds6_nbr_ipaddr_from_lladdr
 .text.uip_ds6_nbr_lladdr_from_ipaddr
                0x00003cb8       0x14 ..\obj\uip-ds6-nbr.o
                0x00003cb8                uip_ds6_nbr_lladdr_from_ipaddr
 .text.uip_ds6_link_neighbor_callback
                0x00003ccc       0x28 ..\obj\uip-ds6-nbr.o
                0x00003ccc                uip_ds6_link_neighbor_callback
 .text.uip_ds6_neighbor_periodic
                0x00003cf4       0x84 ..\obj\uip-ds6-nbr.o
                0x00003cf4                uip_ds6_neighbor_periodic
 .text.another_net
                0x00003d78       0x68 ..\obj\contiki-main.o
                0x00003d78                another_net
 .text.contiki_main
                0x00003de0        0x8 ..\obj\contiki-main.o
                0x00003de0                contiki_main
 .text.psock_send
                0x00003de8       0xb4 ..\obj\psock.o
                0x00003de8                psock_send
 .text.psock_datalen
                0x00003e9c        0xc ..\obj\psock.o
                0x00003e9c                psock_datalen
 .text.psock_newdata
                0x00003ea8       0x2c ..\obj\psock.o
                0x00003ea8                psock_newdata
 .text.psock_readto
                0x00003ed4       0xa4 ..\obj\psock.o
                0x00003ed4                psock_readto
 .text.psock_init
                0x00003f78       0x18 ..\obj\psock.o
                0x00003f78                psock_init
 .text.uip_packetqueue_new
                0x00003f90        0x8 ..\obj\uip-packetqueue.o
                0x00003f90                uip_packetqueue_new
 .text.uip_packetqueue_free
                0x00003f98       0x28 ..\obj\uip-packetqueue.o
                0x00003f98                uip_packetqueue_free
 .text.uip_packetqueue_buf
                0x00003fc0       0x10 ..\obj\uip-packetqueue.o
                0x00003fc0                uip_packetqueue_buf
 .text.uip_packetqueue_buflen
                0x00003fd0       0x14 ..\obj\uip-packetqueue.o
                0x00003fd0                uip_packetqueue_buflen
 .text.main     0x00003fe4       0xf8 ..\obj\main.o
                0x00003fe4                main
 .text.procinit_init
                0x000040dc       0x20 ..\obj\procinit.o
                0x000040dc                procinit_init
 .text.item_from_index
                0x000040fc       0x1c ..\obj\nbr-table.o
 .text.index_from_key
                0x00004118       0x20 ..\obj\nbr-table.o
 .text.index_from_item
                0x00004138       0x24 ..\obj\nbr-table.o
 .text.nbr_get_bit
                0x0000415c       0x2c ..\obj\nbr-table.o
 .text.nbr_set_bit
                0x00004188       0x48 ..\obj\nbr-table.o
 .text.index_from_lladdr
                0x000041d0       0x48 ..\obj\nbr-table.o
 .text.nbr_table_register
                0x00004218       0x28 ..\obj\nbr-table.o
                0x00004218                nbr_table_register
 .text.nbr_table_next
                0x00004240       0x58 ..\obj\nbr-table.o
                0x00004240                nbr_table_next
 .text.nbr_table_head
                0x00004298       0x3c ..\obj\nbr-table.o
                0x00004298                nbr_table_head
 .text.nbr_table_add_lladdr
                0x000042d4      0x16c ..\obj\nbr-table.o
                0x000042d4                nbr_table_add_lladdr
 .text.nbr_table_get_from_lladdr
                0x00004440       0x30 ..\obj\nbr-table.o
                0x00004440                nbr_table_get_from_lladdr
 .text.nbr_table_remove
                0x00004470       0x30 ..\obj\nbr-table.o
                0x00004470                nbr_table_remove
 .text.nbr_table_lock
                0x000044a0       0x18 ..\obj\nbr-table.o
                0x000044a0                nbr_table_lock
 .text.nbr_table_unlock
                0x000044b8       0x18 ..\obj\nbr-table.o
                0x000044b8                nbr_table_unlock
 .text.nbr_table_get_lladdr
                0x000044d0       0x28 ..\obj\nbr-table.o
                0x000044d0                nbr_table_get_lladdr
 .text.Enable_INT_Pin
                0x000044f8       0x3c ..\obj\system.o
                0x000044f8                Enable_INT_Pin
 .text.WDTimerInit
                0x00004534        0xc ..\obj\xwdt.o
                0x00004534                WDTimerInit
 .text.WDTimerEnable
                0x00004540       0x14 ..\obj\xwdt.o
                0x00004540                WDTimerEnable
 .text.WDTimerRestart
                0x00004554       0x10 ..\obj\xwdt.o
                0x00004554                WDTimerRestart
 .text.uip_split_output
                0x00004564       0xc0 ..\obj\uip-split.o
                0x00004564                uip_split_output
 .text.update_time
                0x00004624       0x80 ..\obj\etimer.o
 .text.etimer_request_poll
                0x000046a4       0x10 ..\obj\etimer.o
                0x000046a4                etimer_request_poll
 .text.process_thread_etimer_process
                0x000046b4       0xcc ..\obj\etimer.o
 .text.add_timer
                0x00004780       0x50 ..\obj\etimer.o
 .text.etimer_set
                0x000047d0       0x10 ..\obj\etimer.o
                0x000047d0                etimer_set
 .text.etimer_reset
                0x000047e0       0x10 ..\obj\etimer.o
                0x000047e0                etimer_reset
 .text.etimer_restart
                0x000047f0       0x10 ..\obj\etimer.o
                0x000047f0                etimer_restart
 .text.etimer_expired
                0x00004800        0x8 ..\obj\etimer.o
                0x00004800                etimer_expired
 .text.etimer_expiration_time
                0x00004808       0x14 ..\obj\etimer.o
                0x00004808                etimer_expiration_time
 .text.etimer_next_expiration_time
                0x0000481c       0x18 ..\obj\etimer.o
                0x0000481c                etimer_next_expiration_time
 .text.etimer_stop
                0x00004834       0x48 ..\obj\etimer.o
                0x00004834                etimer_stop
 .text.mrf24j40_receiving_packet
                0x0000487c        0x4 ..\obj\mrf24j40.o
                0x0000487c                mrf24j40_receiving_packet
 .text.mrf24j40_pending_packet
                0x00004880        0xc ..\obj\mrf24j40.o
                0x00004880                mrf24j40_pending_packet
 .text.get_short_add_mem
                0x0000488c       0x4c ..\obj\mrf24j40.o
 .text.set_short_add_mem
                0x000048d8       0x40 ..\obj\mrf24j40.o
 .text.mrf24j40_off
                0x00004918       0x48 ..\obj\mrf24j40.o
                0x00004918                mrf24j40_off
 .text.set_long_add_mem
                0x00004960       0x54 ..\obj\mrf24j40.o
 .text.get_long_add_mem
                0x000049b4       0x50 ..\obj\mrf24j40.o
 .text.reset_rf_state_machine
                0x00004a04       0x30 ..\obj\mrf24j40.o
 .text.mrf24j40_on
                0x00004a34       0x40 ..\obj\mrf24j40.o
                0x00004a34                mrf24j40_on
 .text.mrf24j40_transmit
                0x00004a74       0x48 ..\obj\mrf24j40.o
                0x00004a74                mrf24j40_transmit
 .text.start_radio_task
                0x00004abc       0x10 ..\obj\mrf24j40.o
                0x00004abc                start_radio_task
 .text.flush_rx_fifo
                0x00004acc       0x18 ..\obj\mrf24j40.o
                0x00004acc                flush_rx_fifo
 .text.mrf24j40_set_channel
                0x00004ae4       0x1c ..\obj\mrf24j40.o
                0x00004ae4                mrf24j40_set_channel
 .text.mrf24j40_set_panid
                0x00004b00       0x18 ..\obj\mrf24j40.o
                0x00004b00                mrf24j40_set_panid
 .text.mrf24j40_set_short_mac_addr
                0x00004b18       0x18 ..\obj\mrf24j40.o
                0x00004b18                mrf24j40_set_short_mac_addr
 .text.mrf24j40_set_extended_mac_addr
                0x00004b30       0x74 ..\obj\mrf24j40.o
                0x00004b30                mrf24j40_set_extended_mac_addr
 .text.mrf24j40_set_tx_power
                0x00004ba4       0x10 ..\obj\mrf24j40.o
                0x00004ba4                mrf24j40_set_tx_power
 .text.mrf24j40_init
                0x00004bb4      0x1e0 ..\obj\mrf24j40.o
                0x00004bb4                mrf24j40_init
 .text.mrf24j40_get_rssi
                0x00004d94       0x58 ..\obj\mrf24j40.o
                0x00004d94                mrf24j40_get_rssi
 .text.mrf24j40_cca
                0x00004dec       0x2c ..\obj\mrf24j40.o
                0x00004dec                mrf24j40_cca
 .text.mrf24j40_set_txfifo
                0x00004e18       0x4c ..\obj\mrf24j40.o
                0x00004e18                mrf24j40_set_txfifo
 .text.mrf24j40_prepare
                0x00004e64       0x28 ..\obj\mrf24j40.o
                0x00004e64                mrf24j40_prepare
 .text.mrf24j40_write
                0x00004e8c       0x1c ..\obj\mrf24j40.o
                0x00004e8c                mrf24j40_write
 .text.mrf24j40_get_rxfifo
                0x00004ea8      0x100 ..\obj\mrf24j40.o
                0x00004ea8                mrf24j40_get_rxfifo
 .text.mrf24j40_read
                0x00004fa8        0xc ..\obj\mrf24j40.o
                0x00004fa8                mrf24j40_read
 .text.process_thread_mrf24j40_process
                0x00004fb4       0x6c ..\obj\mrf24j40.o
 .text.MRF24J40_ISR
                0x00005020       0x60 ..\obj\mrf24j40.o
                0x00005020                MRF24J40_ISR
 .text.Radio_Interrupt
                0x00005080       0x20 ..\obj\mrf24j40.o
                0x00005080                Radio_Interrupt
 .text.packetbuf_compact
                0x000050a0       0x30 ..\obj\packetbuf.o
                0x000050a0                packetbuf_compact
 .text.packetbuf_copyto
                0x000050d0       0x48 ..\obj\packetbuf.o
                0x000050d0                packetbuf_copyto
 .text.packetbuf_hdrreduce
                0x00005118       0x24 ..\obj\packetbuf.o
                0x00005118                packetbuf_hdrreduce
 .text.packetbuf_set_datalen
                0x0000513c        0xc ..\obj\packetbuf.o
                0x0000513c                packetbuf_set_datalen
 .text.packetbuf_dataptr
                0x00005148       0x10 ..\obj\packetbuf.o
                0x00005148                packetbuf_dataptr
 .text.packetbuf_hdrptr
                0x00005158       0x10 ..\obj\packetbuf.o
                0x00005158                packetbuf_hdrptr
 .text.packetbuf_datalen
                0x00005168        0xc ..\obj\packetbuf.o
                0x00005168                packetbuf_datalen
 .text.packetbuf_hdrlen
                0x00005174       0x18 ..\obj\packetbuf.o
                0x00005174                packetbuf_hdrlen
 .text.packetbuf_totlen
                0x0000518c       0x14 ..\obj\packetbuf.o
                0x0000518c                packetbuf_totlen
 .text.packetbuf_hdralloc
                0x000051a0       0x28 ..\obj\packetbuf.o
                0x000051a0                packetbuf_hdralloc
 .text.packetbuf_attr_clear
                0x000051c8       0x38 ..\obj\packetbuf.o
                0x000051c8                packetbuf_attr_clear
 .text.packetbuf_clear
                0x00005200       0x24 ..\obj\packetbuf.o
                0x00005200                packetbuf_clear
 .text.packetbuf_copyfrom
                0x00005224       0x30 ..\obj\packetbuf.o
                0x00005224                packetbuf_copyfrom
 .text.packetbuf_attr_copyto
                0x00005254       0x20 ..\obj\packetbuf.o
                0x00005254                packetbuf_attr_copyto
 .text.packetbuf_attr_copyfrom
                0x00005274       0x24 ..\obj\packetbuf.o
                0x00005274                packetbuf_attr_copyfrom
 .text.packetbuf_set_attr
                0x00005298       0x10 ..\obj\packetbuf.o
                0x00005298                packetbuf_set_attr
 .text.packetbuf_attr
                0x000052a8        0xc ..\obj\packetbuf.o
                0x000052a8                packetbuf_attr
 .text.packetbuf_set_addr
                0x000052b4       0x18 ..\obj\packetbuf.o
                0x000052b4                packetbuf_set_addr
 .text.packetbuf_addr
                0x000052cc       0x10 ..\obj\packetbuf.o
                0x000052cc                packetbuf_addr
 .text.packetbuf_holds_broadcast
                0x000052dc       0x14 ..\obj\packetbuf.o
                0x000052dc                packetbuf_holds_broadcast
 .text.watchdog_periodic
                0x000052f0        0x4 ..\obj\watchdog.o
                0x000052f0                watchdog_periodic
 .text.uip_nd6_init
                0x000052f4        0x4 ..\obj\uip-nd6.o
                0x000052f4                uip_nd6_init
 .text.SysCtlPeripheralEnable
                0x000052f8       0x24 ..\obj\xsysctl.o
                0x000052f8                SysCtlPeripheralEnable
 .text.SysCtlPeripheralClockSourceSet
                0x0000531c      0x268 ..\obj\xsysctl.o
                0x0000531c                SysCtlPeripheralClockSourceSet
 .text.sicslowpan_init
                0x00005584       0x24 ..\obj\sicslowpan.o
                0x00005584                sicslowpan_init
 .text.set_packet_attrs
                0x000055a8       0x54 ..\obj\sicslowpan.o
 .text.compress_addr_64
                0x000055fc       0xa0 ..\obj\sicslowpan.o
 .text.addr_context_lookup_by_prefix
                0x0000569c       0x50 ..\obj\sicslowpan.o
 .text.send_packet
                0x000056ec       0x24 ..\obj\sicslowpan.o
 .text.output   0x00005710      0x74c ..\obj\sicslowpan.o
 .text.packet_sent
                0x00005e5c       0x24 ..\obj\sicslowpan.o
 .text.uncompress_addr
                0x00005e80       0xd4 ..\obj\sicslowpan.o
 .text.input    0x00005f54      0x8b8 ..\obj\sicslowpan.o
 .text.lollipop_greater_than
                0x0000680c       0x38 ..\obj\rpl-dag.o
 .text.rpl_set_preferred_parent
                0x00006844       0x64 ..\obj\rpl-dag.o
 .text.set_ip_from_prefix
                0x000068a8       0x2c ..\obj\rpl-dag.o
 .text.check_prefix
                0x000068d4       0xa4 ..\obj\rpl-dag.o
 .text.find_parent_any_dag_any_instance
                0x00006978       0x1c ..\obj\rpl-dag.o
 .text.rpl_get_nbr
                0x00006994       0x28 ..\obj\rpl-dag.o
                0x00006994                rpl_get_nbr
 .text.rpl_dag_init
                0x000069bc       0x18 ..\obj\rpl-dag.o
                0x000069bc                rpl_dag_init
 .text.rpl_get_parent
                0x000069d4       0x14 ..\obj\rpl-dag.o
                0x000069d4                rpl_get_parent
 .text.rpl_get_parent_ipaddr
                0x000069e8       0x18 ..\obj\rpl-dag.o
                0x000069e8                rpl_get_parent_ipaddr
 .text.rpl_set_prefix
                0x00006a00       0xa8 ..\obj\rpl-dag.o
                0x00006a00                rpl_set_prefix
 .text.rpl_set_default_route
                0x00006aa8       0x84 ..\obj\rpl-dag.o
                0x00006aa8                rpl_set_default_route
 .text.rpl_alloc_instance
                0x00006b2c       0x38 ..\obj\rpl-dag.o
                0x00006b2c                rpl_alloc_instance
 .text.rpl_add_parent
                0x00006b64       0x6c ..\obj\rpl-dag.o
                0x00006b64                rpl_add_parent
 .text.rpl_find_parent
                0x00006bd0       0x20 ..\obj\rpl-dag.o
                0x00006bd0                rpl_find_parent
 .text.rpl_find_parent_any_dag
                0x00006bf0       0x2c ..\obj\rpl-dag.o
                0x00006bf0                rpl_find_parent_any_dag
 .text.rpl_select_parent
                0x00006c1c       0x80 ..\obj\rpl-dag.o
                0x00006c1c                rpl_select_parent
 .text.rpl_select_dag
                0x00006c9c      0x204 ..\obj\rpl-dag.o
                0x00006c9c                rpl_select_dag
 .text.rpl_nullify_parent
                0x00006ea0       0x74 ..\obj\rpl-dag.o
                0x00006ea0                rpl_nullify_parent
 .text.rpl_remove_parent
                0x00006f14       0x30 ..\obj\rpl-dag.o
                0x00006f14                rpl_remove_parent
 .text.nbr_callback
                0x00006f44        0x8 ..\obj\rpl-dag.o
 .text.remove_parents
                0x00006f4c       0x44 ..\obj\rpl-dag.o
 .text.rpl_free_dag
                0x00006f90       0x48 ..\obj\rpl-dag.o
                0x00006f90                rpl_free_dag
 .text.rpl_move_parent
                0x00006fd8       0x80 ..\obj\rpl-dag.o
                0x00006fd8                rpl_move_parent
 .text.rpl_get_any_dag
                0x00007058       0x20 ..\obj\rpl-dag.o
                0x00007058                rpl_get_any_dag
 .text.rpl_get_instance
                0x00007078       0x24 ..\obj\rpl-dag.o
                0x00007078                rpl_get_instance
 .text.rpl_repair_root
                0x0000709c       0x70 ..\obj\rpl-dag.o
                0x0000709c                rpl_repair_root
 .text.rpl_alloc_dag
                0x0000710c       0x60 ..\obj\rpl-dag.o
                0x0000710c                rpl_alloc_dag
 .text.rpl_set_root
                0x0000716c      0x158 ..\obj\rpl-dag.o
                0x0000716c                rpl_set_root
 .text.rpl_find_of
                0x000072c4       0x14 ..\obj\rpl-dag.o
                0x000072c4                rpl_find_of
 .text.rpl_join_instance
                0x000072d8      0x180 ..\obj\rpl-dag.o
                0x000072d8                rpl_join_instance
 .text.rpl_local_repair
                0x00007458       0x88 ..\obj\rpl-dag.o
                0x00007458                rpl_local_repair
 .text.rpl_process_parent_event
                0x000074e0       0x9c ..\obj\rpl-dag.o
                0x000074e0                rpl_process_parent_event
 .text.rpl_add_dag
                0x0000757c      0x148 ..\obj\rpl-dag.o
                0x0000757c                rpl_add_dag
 .text.rpl_recalculate_ranks
                0x000076c4       0x5c ..\obj\rpl-dag.o
                0x000076c4                rpl_recalculate_ranks
 .text.rpl_process_dio
                0x00007720      0x474 ..\obj\rpl-dag.o
                0x00007720                rpl_process_dio
 .text.rpl_lock_parent
                0x00007b94       0x14 ..\obj\rpl-dag.o
                0x00007b94                rpl_lock_parent
 .text.TickTimerSetup
                0x00007ba8       0x20 ..\obj\HAL.o
                0x00007ba8                TickTimerSetup
 .text.TickTimer
                0x00007bc8       0x18 ..\obj\HAL.o
                0x00007bc8                TickTimer
 .text.SwitchContext
                0x00007be0       0x9c ..\obj\HAL.o
                0x00007be0                SwitchContext
 .text.SwitchContextToFirstTask
                0x00007c7c       0x44 ..\obj\HAL.o
                0x00007c7c                SwitchContextToFirstTask
 .text.CreateVirtualStack
                0x00007cc0       0xb4 ..\obj\HAL.o
                0x00007cc0                CreateVirtualStack
 .text.OS_CPU_SR_Save
                0x00007d74        0x8 ..\obj\HAL.o
                0x00007d74                OS_CPU_SR_Save
 .text.OS_CPU_SR_Restore
                0x00007d7c        0x8 ..\obj\HAL.o
                0x00007d7c                OS_CPU_SR_Restore
 .text.bootstrap
                0x00007d84        0x8 ..\obj\nullsec.o
 .text.on_frame_created
                0x00007d8c        0x4 ..\obj\nullsec.o
 .text.input    0x00007d90       0x10 ..\obj\nullsec.o
 .text.get_overhead
                0x00007da0        0x4 ..\obj\nullsec.o
 .text.send     0x00007da4       0x20 ..\obj\nullsec.o
 .text.rpl_verify_header
                0x00007dc4      0x184 ..\obj\rpl-ext-header.o
                0x00007dc4                rpl_verify_header
 .text.rpl_update_header_empty
                0x00007f48      0x238 ..\obj\rpl-ext-header.o
                0x00007f48                rpl_update_header_empty
 .text.rpl_update_header_final
                0x00008180       0xc4 ..\obj\rpl-ext-header.o
                0x00008180                rpl_update_header_final
 .text.rpl_invert_header
                0x00008244       0xa0 ..\obj\rpl-ext-header.o
                0x00008244                rpl_invert_header
 .text.rpl_insert_header
                0x000082e4       0x20 ..\obj\rpl-ext-header.o
                0x000082e4                rpl_insert_header
 .text.System_Time
                0x00008304       0x2c ..\obj\tasks.o
                0x00008304                System_Time
 .text.handle_periodic_timer
                0x00008330       0x3c ..\obj\rpl-timers.o
 .text.new_dio_interval
                0x0000836c       0x98 ..\obj\rpl-timers.o
 .text.handle_dio_timer
                0x00008404       0xe0 ..\obj\rpl-timers.o
 .text.set_dao_lifetime_timer
                0x000084e4       0x68 ..\obj\rpl-timers.o
 .text.schedule_dao
                0x0000854c       0x88 ..\obj\rpl-timers.o
 .text.handle_dao_timer
                0x000085d4       0x90 ..\obj\rpl-timers.o
 .text.rpl_reset_periodic_timer
                0x00008664       0x40 ..\obj\rpl-timers.o
                0x00008664                rpl_reset_periodic_timer
 .text.rpl_reset_dio_timer
                0x000086a4       0x20 ..\obj\rpl-timers.o
                0x000086a4                rpl_reset_dio_timer
 .text.rpl_schedule_dao
                0x000086c4       0x10 ..\obj\rpl-timers.o
                0x000086c4                rpl_schedule_dao
 .text.rpl_schedule_probing
                0x000086d4       0x34 ..\obj\rpl-timers.o
                0x000086d4                rpl_schedule_probing
 .text.handle_probing_timer
                0x00008708      0x168 ..\obj\rpl-timers.o
 .text.best_dag
                0x00008870       0x2c ..\obj\rpl-mrhof.o
 .text.update_metric_container
                0x0000889c        0x8 ..\obj\rpl-mrhof.o
 .text.calculate_rank
                0x000088a4       0x40 ..\obj\rpl-mrhof.o
 .text.calculate_path_metric
                0x000088e4       0x24 ..\obj\rpl-mrhof.o
 .text.best_parent
                0x00008908       0x58 ..\obj\rpl-mrhof.o
 .text.neighbor_link_callback
                0x00008960       0x60 ..\obj\rpl-mrhof.o
 .text.reset    0x000089c0       0x10 ..\obj\rpl-mrhof.o
 .text.rtimer_init
                0x000089d0        0x8 ..\obj\rtimer.o
                0x000089d0                rtimer_init
 .text.queuebuf_init
                0x000089d8       0x18 ..\obj\queuebuf.o
                0x000089d8                queuebuf_init
 .text.queuebuf_numfree
                0x000089f0       0x10 ..\obj\queuebuf.o
                0x000089f0                queuebuf_numfree
 .text.queuebuf_new_from_packetbuf
                0x00008a00       0x48 ..\obj\queuebuf.o
                0x00008a00                queuebuf_new_from_packetbuf
 .text.queuebuf_free
                0x00008a48       0x2c ..\obj\queuebuf.o
                0x00008a48                queuebuf_free
 .text.queuebuf_to_packetbuf
                0x00008a74       0x30 ..\obj\queuebuf.o
                0x00008a74                queuebuf_to_packetbuf
 .text.uip_debug_ipaddr_print
                0x00008aa4       0x70 ..\obj\uip-debug.o
                0x00008aa4                uip_debug_ipaddr_print
 .text.memb_init
                0x00008b14       0x20 ..\obj\memb.o
                0x00008b14                memb_init
 .text.memb_alloc
                0x00008b34       0x44 ..\obj\memb.o
                0x00008b34                memb_alloc
 .text.memb_free
                0x00008b78       0x44 ..\obj\memb.o
                0x00008b78                memb_free
 .text.memb_inmemb
                0x00008bbc       0x1c ..\obj\memb.o
                0x00008bbc                memb_inmemb
 .text.memb_numfree
                0x00008bd8       0x24 ..\obj\memb.o
                0x00008bd8                memb_numfree
 .text.exit_process
                0x00008bfc       0x9c ..\obj\process.o
 .text.call_process
                0x00008c98       0x40 ..\obj\process.o
 .text.do_poll  0x00008cd8       0x34 ..\obj\process.o
 .text.process_alloc_event
                0x00008d0c       0x10 ..\obj\process.o
                0x00008d0c                process_alloc_event
 .text.process_init
                0x00008d1c       0x18 ..\obj\process.o
                0x00008d1c                process_init
 .text.process_run
                0x00008d34       0xa0 ..\obj\process.o
                0x00008d34                process_run
 .text.process_post
                0x00008dd4       0x48 ..\obj\process.o
                0x00008dd4                process_post
 .text.process_post_synch
                0x00008e1c       0x14 ..\obj\process.o
                0x00008e1c                process_post_synch
 .text.process_start
                0x00008e30       0x3c ..\obj\process.o
                0x00008e30                process_start
 .text.process_poll
                0x00008e6c       0x1c ..\obj\process.o
                0x00008e6c                process_poll
 .text.printchar
                0x00008e88       0x20 ..\obj\printf_lib.o
 .text.prints   0x00008ea8       0xb0 ..\obj\printf_lib.o
 .text.printi   0x00008f58       0xd0 ..\obj\printf_lib.o
 .text.print    0x00009028      0x178 ..\obj\printf_lib.o
 .text.printf_lib
                0x000091a0       0x1c ..\obj\printf_lib.o
                0x000091a0                printf_lib
 .text.list_init
                0x000091bc        0x8 ..\obj\list.o
                0x000091bc                list_init
 .text.list_head
                0x000091c4        0x4 ..\obj\list.o
                0x000091c4                list_head
 .text.list_tail
                0x000091c8       0x18 ..\obj\list.o
                0x000091c8                list_tail
 .text.list_remove
                0x000091e0       0x34 ..\obj\list.o
                0x000091e0                list_remove
 .text.list_add
                0x00009214       0x20 ..\obj\list.o
                0x00009214                list_add
 .text.list_push
                0x00009234       0x14 ..\obj\list.o
                0x00009234                list_push
 .text.list_length
                0x00009248       0x18 ..\obj\list.o
                0x00009248                list_length
 .text.list_item_next
                0x00009260        0xc ..\obj\list.o
                0x00009260                list_item_next
 .text._sbrk    0x0000926c       0x24 ..\obj\syscalls.o
                0x0000926c                _sbrk
 .text.framer_canonical_create_and_secure
                0x00009290       0x30 ..\obj\framer.o
                0x00009290                framer_canonical_create_and_secure
 .text.OSSemCreate
                0x000092c0       0x98 ..\obj\semaphore.o
                0x000092c0                OSSemCreate
 .text.OSSemBinaryCreate
                0x00009358       0xb8 ..\obj\semaphore.o
                0x00009358                OSSemBinaryCreate
 .text.OSSemPend
                0x00009410      0x1d8 ..\obj\semaphore.o
                0x00009410                OSSemPend
 .text.OSSemPost
                0x000095e8       0x84 ..\obj\semaphore.o
                0x000095e8                OSSemPost
 .text.rpl_get_mode
                0x0000966c        0xc ..\obj\rpl.o
                0x0000966c                rpl_get_mode
 .text.rpl_purge_routes
                0x00009678       0x98 ..\obj\rpl.o
                0x00009678                rpl_purge_routes
 .text.rpl_remove_routes
                0x00009710       0x28 ..\obj\rpl.o
                0x00009710                rpl_remove_routes
 .text.rpl_remove_routes_by_nexthop
                0x00009738       0x44 ..\obj\rpl.o
                0x00009738                rpl_remove_routes_by_nexthop
 .text.rpl_add_route
                0x0000977c       0x5c ..\obj\rpl.o
                0x0000977c                rpl_add_route
 .text.rpl_link_neighbor_callback
                0x000097d8       0x74 ..\obj\rpl.o
                0x000097d8                rpl_link_neighbor_callback
 .text.rpl_ipv6_neighbor_callback
                0x0000984c       0x4c ..\obj\rpl.o
                0x0000984c                rpl_ipv6_neighbor_callback
 .text.rpl_init
                0x00009898       0x58 ..\obj\rpl.o
                0x00009898                rpl_init
 .text.process_thread_webserver_nogui_process
                0x000098f0       0x3c ..\obj\border-router.o
 .text.ipaddr_add
                0x0000992c       0xcc ..\obj\border-router.o
 .text.generate_routes
                0x000099f8      0x344 ..\obj\border-router.o
 .text.httpd_simple_get_script
                0x00009d3c        0x8 ..\obj\border-router.o
                0x00009d3c                httpd_simple_get_script
 .text.request_prefix
                0x00009d44       0x24 ..\obj\border-router.o
                0x00009d44                request_prefix
 .text.process_thread_border_router_process
                0x00009d68      0x13c ..\obj\border-router.o
 .text.set_prefix_64
                0x00009ea4       0x60 ..\obj\border-router.o
                0x00009ea4                set_prefix_64
 .text.OSQueueCreate
                0x00009f04      0x12c ..\obj\queue.o
                0x00009f04                OSQueueCreate
 .text.OSUpdateUptime
                0x0000a030       0x50 ..\obj\OS_RTC.o
                0x0000a030                OSUpdateUptime
 .text.OSResetTime
                0x0000a080       0x1c ..\obj\OS_RTC.o
                0x0000a080                OSResetTime
 .text.handle_input
                0x0000a09c       0xe0 ..\obj\httpd-simple.o
 .text.send_headers
                0x0000a17c       0x5c ..\obj\httpd-simple.o
 .text.handle_output
                0x0000a1d8       0xe8 ..\obj\httpd-simple.o
 .text.httpd_appcall
                0x0000a2c0       0xe4 ..\obj\httpd-simple.o
                0x0000a2c0                httpd_appcall
 .text.httpd_init
                0x0000a3a4       0x18 ..\obj\httpd-simple.o
                0x0000a3a4                httpd_init
 .text.random_init
                0x0000a3bc        0x8 ..\obj\random.o
                0x0000a3bc                random_init
 .text.random_rand
                0x0000a3c4        0xc ..\obj\random.o
                0x0000a3c4                random_rand
 .text.send_packet
                0x0000a3d0       0x10 ..\obj\nullmac.o
 .text.packet_input
                0x0000a3e0       0x10 ..\obj\nullmac.o
 .text.on       0x0000a3f0       0x10 ..\obj\nullmac.o
 .text.off      0x0000a400       0x10 ..\obj\nullmac.o
 .text.channel_check_interval
                0x0000a410        0x4 ..\obj\nullmac.o
 .text.init     0x0000a414        0x4 ..\obj\nullmac.o
 .text.process_thread_slip_process
                0x0000a418      0x1a4 ..\obj\slip.o
 .text.slip_set_input_callback
                0x0000a5bc        0xc ..\obj\slip.o
                0x0000a5bc                slip_set_input_callback
 .text.slip_send
                0x0000a5c8       0x64 ..\obj\slip.o
                0x0000a5c8                slip_send
 .text.slip_input_byte
                0x0000a62c      0x104 ..\obj\slip.o
                0x0000a62c                slip_input_byte
 .text.process_thread_ctimer_process
                0x0000a730       0x98 ..\obj\ctimer.o
 .text.ctimer_init
                0x0000a7c8       0x20 ..\obj\ctimer.o
                0x0000a7c8                ctimer_init
 .text.ctimer_set
                0x0000a7e8       0x5c ..\obj\ctimer.o
                0x0000a7e8                ctimer_set
 .text.ctimer_reset
                0x0000a844       0x34 ..\obj\ctimer.o
                0x0000a844                ctimer_reset
 .text.ctimer_stop
                0x0000a878       0x28 ..\obj\ctimer.o
                0x0000a878                ctimer_stop
 .text.mac_call_sent_callback
                0x0000a8a0       0x14 ..\obj\mac.o
                0x0000a8a0                mac_call_sent_callback
 .text.on       0x0000a8b4       0x10 ..\obj\nullrdc.o
 .text.off      0x0000a8c4       0x1c ..\obj\nullrdc.o
 .text.channel_check_interval
                0x0000a8e0        0x4 ..\obj\nullrdc.o
 .text.init     0x0000a8e4        0x8 ..\obj\nullrdc.o
 .text.packet_input
                0x0000a8ec       0x38 ..\obj\nullrdc.o
 .text.send_one_packet
                0x0000a924       0x64 ..\obj\nullrdc.o
 .text.send_list
                0x0000a988       0x24 ..\obj\nullrdc.o
 .text.send_packet
                0x0000a9ac        0x8 ..\obj\nullrdc.o
 .text.uip_ds6_list_loop
                0x0000a9b4       0x54 ..\obj\uip-ds6.o
                0x0000a9b4                uip_ds6_list_loop
 .text.uip_ds6_prefix_add
                0x0000aa08       0x80 ..\obj\uip-ds6.o
                0x0000aa08                uip_ds6_prefix_add
 .text.uip_ds6_is_addr_onlink
                0x0000aa88       0x40 ..\obj\uip-ds6.o
                0x0000aa88                uip_ds6_is_addr_onlink
 .text.uip_ds6_addr_lookup
                0x0000aac8       0x34 ..\obj\uip-ds6.o
                0x0000aac8                uip_ds6_addr_lookup
 .text.uip_ds6_get_link_local
                0x0000aafc       0x44 ..\obj\uip-ds6.o
                0x0000aafc                uip_ds6_get_link_local
 .text.uip_ds6_maddr_add
                0x0000ab40       0x48 ..\obj\uip-ds6.o
                0x0000ab40                uip_ds6_maddr_add
 .text.uip_ds6_addr_add
                0x0000ab88       0x94 ..\obj\uip-ds6.o
                0x0000ab88                uip_ds6_addr_add
 .text.uip_ds6_maddr_rm
                0x0000ac1c        0xc ..\obj\uip-ds6.o
                0x0000ac1c                uip_ds6_maddr_rm
 .text.uip_ds6_maddr_lookup
                0x0000ac28       0x34 ..\obj\uip-ds6.o
                0x0000ac28                uip_ds6_maddr_lookup
 .text.uip_ds6_addr_rm
                0x0000ac5c       0x48 ..\obj\uip-ds6.o
                0x0000ac5c                uip_ds6_addr_rm
 .text.uip_ds6_periodic
                0x0000aca4       0x54 ..\obj\uip-ds6.o
                0x0000aca4                uip_ds6_periodic
 .text.uip_ds6_set_addr_iid
                0x0000acf8       0x18 ..\obj\uip-ds6.o
                0x0000acf8                uip_ds6_set_addr_iid
 .text.get_match_length
                0x0000ad10       0x5c ..\obj\uip-ds6.o
                0x0000ad10                get_match_length
 .text.uip_ds6_select_src
                0x0000ad6c       0xa8 ..\obj\uip-ds6.o
                0x0000ad6c                uip_ds6_select_src
 .text.uip_ds6_compute_reachable_time
                0x0000ae14       0x28 ..\obj\uip-ds6.o
                0x0000ae14                uip_ds6_compute_reachable_time
 .text.uip_ds6_init
                0x0000ae3c      0x118 ..\obj\uip-ds6.o
                0x0000ae3c                uip_ds6_init
 .text.USART0IntHandler
                0x0000af54       0x78 ..\obj\UART.o
                0x0000af54                USART0IntHandler
 .text.UARTPutChar
                0x0000afcc       0x60 ..\obj\UART.o
                0x0000afcc                UARTPutChar
 .text.Init_UART0
                0x0000b02c       0xa4 ..\obj\UART.o
                0x0000b02c                Init_UART0
 .text.linkaddr_copy
                0x0000b0d0        0xc ..\obj\linkaddr.o
                0x0000b0d0                linkaddr_copy
 .text.linkaddr_cmp
                0x0000b0dc       0x10 ..\obj\linkaddr.o
                0x0000b0dc                linkaddr_cmp
 .text.linkaddr_set_node_addr
                0x0000b0ec       0x10 ..\obj\linkaddr.o
                0x0000b0ec                linkaddr_set_node_addr
 .text.autostart_start
                0x0000b0fc       0x20 ..\obj\autostart.o
                0x0000b0fc                autostart_start
 .text.init_net
                0x0000b11c      0x194 ..\obj\init-net.o
                0x0000b11c                init_net
 .text.stimer_set
                0x0000b2b0       0x10 ..\obj\stimer.o
                0x0000b2b0                stimer_set
 .text.stimer_expired
                0x0000b2c0       0x20 ..\obj\stimer.o
                0x0000b2c0                stimer_expired
 .text.UART0SEIntHandler
                0x0000b2e0       0x30 ..\obj\xuart.o
                0x0000b2e0                UART0SEIntHandler
 .text.UART1SEIntHandler
                0x0000b310       0x30 ..\obj\xuart.o
                0x0000b310                UART1SEIntHandler
 .text.UART2SEIntHandler
                0x0000b340       0x30 ..\obj\xuart.o
                0x0000b340                UART2SEIntHandler
 .text.UARTConfigSet
                0x0000b370      0x1d0 ..\obj\xuart.o
                0x0000b370                UARTConfigSet
 .text.UARTEnable
                0x0000b540        0xc ..\obj\xuart.o
                0x0000b540                UARTEnable
 .text.UARTDisable
                0x0000b54c        0x8 ..\obj\xuart.o
                0x0000b54c                UARTDisable
 .text.UARTIntEnable
                0x0000b554       0x2c ..\obj\xuart.o
                0x0000b554                UARTIntEnable
 .text.UARTIntDisable
                0x0000b580       0x24 ..\obj\xuart.o
                0x0000b580                UARTIntDisable
 .text.UARTIntCallbackInit
                0x0000b5a4       0x34 ..\obj\xuart.o
                0x0000b5a4                UARTIntCallbackInit
 .text.parse    0x0000b5d8       0xa8 ..\obj\framer-802154.o
 .text.create_frame
                0x0000b680      0x11c ..\obj\framer-802154.o
 .text.create   0x0000b79c        0xc ..\obj\framer-802154.o
 .text.hdr_length
                0x0000b7a8        0xc ..\obj\framer-802154.o
 .text.field_len
                0x0000b7b4       0x70 ..\obj\frame802154.o
 .text.frame802154_hdrlen
                0x0000b824       0x2c ..\obj\frame802154.o
                0x0000b824                frame802154_hdrlen
 .text.frame802154_create
                0x0000b850       0xd8 ..\obj\frame802154.o
                0x0000b850                frame802154_create
 .text.frame802154_parse
                0x0000b928      0x138 ..\obj\frame802154.o
                0x0000b928                frame802154_parse
 .text.get32    0x0000ba60       0x1c ..\obj\rpl-icmp6.o
 .text.set32    0x0000ba7c       0x14 ..\obj\rpl-icmp6.o
 .text.get16    0x0000ba90        0xc ..\obj\rpl-icmp6.o
 .text.set16    0x0000ba9c        0xc ..\obj\rpl-icmp6.o
 .text.dao_ack_input
                0x0000baa8        0xc ..\obj\rpl-icmp6.o
 .text.dio_input
                0x0000bab4      0x3f0 ..\obj\rpl-icmp6.o
 .text.dis_output
                0x0000bea4       0x68 ..\obj\rpl-icmp6.o
                0x0000bea4                dis_output
 .text.dio_output
                0x0000bf0c      0x260 ..\obj\rpl-icmp6.o
                0x0000bf0c                dio_output
 .text.dis_input
                0x0000c16c       0x64 ..\obj\rpl-icmp6.o
 .text.dao_output_target
                0x0000c1d0      0x11c ..\obj\rpl-icmp6.o
                0x0000c1d0                dao_output_target
 .text.dao_output
                0x0000c2ec       0x60 ..\obj\rpl-icmp6.o
                0x0000c2ec                dao_output
 .text.dao_ack_output
                0x0000c34c       0x4c ..\obj\rpl-icmp6.o
                0x0000c34c                dao_ack_output
 .text.dao_input
                0x0000c398      0x390 ..\obj\rpl-icmp6.o
 .text.rpl_icmp6_register_handlers
                0x0000c728       0x28 ..\obj\rpl-icmp6.o
                0x0000c728                rpl_icmp6_register_handlers
 .text.clock_init
                0x0000c750       0x10 ..\obj\clock.o
                0x0000c750                clock_init
 .text.clock_time
                0x0000c760        0xc ..\obj\clock.o
                0x0000c760                clock_time
 .text.clock_seconds
                0x0000c76c       0x18 ..\obj\clock.o
                0x0000c76c                clock_seconds
 .text.clock_delay_usec
                0x0000c784       0x14 ..\obj\clock.o
                0x0000c784                clock_delay_usec
 .text.BRTOS_TimerHook
                0x0000c798       0x44 ..\obj\clock.o
                0x0000c798                BRTOS_TimerHook
 .text          0x0000c7dc      0x114 c:/program files (x86)/gnu tools arm embedded/5.2 2015q4/bin/../lib/gcc/arm-none-eabi/5.2.1/armv6-m\libgcc.a(_udivsi3.o)
                0x0000c7dc                __aeabi_uidiv
                0x0000c7dc                __udivsi3
                0x0000c8e8                __aeabi_uidivmod
 .text          0x0000c8f0      0x1d4 c:/program files (x86)/gnu tools arm embedded/5.2 2015q4/bin/../lib/gcc/arm-none-eabi/5.2.1/armv6-m\libgcc.a(_divsi3.o)
                0x0000c8f0                __divsi3
                0x0000c8f0                __aeabi_idiv
                0x0000cabc                __aeabi_idivmod
 .text          0x0000cac4        0x4 c:/program files (x86)/gnu tools arm embedded/5.2 2015q4/bin/../lib/gcc/arm-none-eabi/5.2.1/armv6-m\libgcc.a(_dvmd_tls.o)
                0x0000cac4                __aeabi_idiv0
                0x0000cac4                __aeabi_ldiv0
 .text          0x0000cac8       0x40 c:/program files (x86)/gnu tools arm embedded/5.2 2015q4/bin/../lib/gcc/arm-none-eabi/5.2.1/armv6-m\libgcc.a(_aeabi_uldivmod.o)
                0x0000cac8                __aeabi_uldivmod
 .text          0x0000cb08       0x58 c:/program files (x86)/gnu tools arm embedded/5.2 2015q4/bin/../lib/gcc/arm-none-eabi/5.2.1/armv6-m\libgcc.a(_muldi3.o)
                0x0000cb08                __muldi3
                0x0000cb08                __aeabi_lmul
 .text          0x0000cb60      0x180 c:/program files (x86)/gnu tools arm embedded/5.2 2015q4/bin/../lib/gcc/arm-none-eabi/5.2.1/armv6-m\libgcc.a(_udivmoddi4.o)
                0x0000cb60                __udivmoddi4
 .text          0x0000cce0       0x18 c:/program files (x86)/gnu tools arm embedded/5.2 2015q4/bin/../lib/gcc/arm-none-eabi/5.2.1/armv6-m\libgcc.a(_clzdi2.o)
                0x0000cce0                __clzdi2
 .text          0x0000ccf8       0x3c c:/program files (x86)/gnu tools arm embedded/5.2 2015q4/bin/../lib/gcc/arm-none-eabi/5.2.1/armv6-m\libgcc.a(_clzsi2.o)
                0x0000ccf8                __clzsi2
 .text.memcmp   0x0000cd34       0x1e c:/program files (x86)/gnu tools arm embedded/5.2 2015q4/bin/../lib/gcc/arm-none-eabi/5.2.1/../../../../arm-none-eabi/lib/armv6-m\libg_nano.a(lib_a-memcmp.o)
                0x0000cd34                memcmp
 .text.memcpy   0x0000cd52       0x12 c:/program files (x86)/gnu tools arm embedded/5.2 2015q4/bin/../lib/gcc/arm-none-eabi/5.2.1/../../../../arm-none-eabi/lib/armv6-m\libg_nano.a(lib_a-memcpy-stub.o)
                0x0000cd52                memcpy
 .text.memmove  0x0000cd64       0x2a c:/program files (x86)/gnu tools arm embedded/5.2 2015q4/bin/../lib/gcc/arm-none-eabi/5.2.1/../../../../arm-none-eabi/lib/armv6-m\libg_nano.a(lib_a-memmove.o)
                0x0000cd64                memmove
 .text.memset   0x0000cd8e       0x10 c:/program files (x86)/gnu tools arm embedded/5.2 2015q4/bin/../lib/gcc/arm-none-eabi/5.2.1/../../../../arm-none-eabi/lib/armv6-m\libg_nano.a(lib_a-memset.o)
                0x0000cd8e                memset
 *fill*         0x0000cd9e        0x2 
 .text.srand    0x0000cda0       0x5c c:/program files (x86)/gnu tools arm embedded/5.2 2015q4/bin/../lib/gcc/arm-none-eabi/5.2.1/../../../../arm-none-eabi/lib/armv6-m\libg_nano.a(lib_a-rand.o)
                0x0000cda0                srand
 .text.rand     0x0000cdfc       0x78 c:/program files (x86)/gnu tools arm embedded/5.2 2015q4/bin/../lib/gcc/arm-none-eabi/5.2.1/../../../../arm-none-eabi/lib/armv6-m\libg_nano.a(lib_a-rand.o)
                0x0000cdfc                rand
 .text.snprintf
                0x0000ce74       0x64 c:/program files (x86)/gnu tools arm embedded/5.2 2015q4/bin/../lib/gcc/arm-none-eabi/5.2.1/../../../../arm-none-eabi/lib/armv6-m\libg_nano.a(lib_a-snprintf.o)
                0x0000ce74                sniprintf
                0x0000ce74                snprintf
 .text          0x0000ced8        0xe c:/program files (x86)/gnu tools arm embedded/5.2 2015q4/bin/../lib/gcc/arm-none-eabi/5.2.1/../../../../arm-none-eabi/lib/armv6-m\libg_nano.a(lib_a-strlen.o)
                0x0000ced8                strlen
 .text.strncmp  0x0000cee6       0x24 c:/program files (x86)/gnu tools arm embedded/5.2 2015q4/bin/../lib/gcc/arm-none-eabi/5.2.1/../../../../arm-none-eabi/lib/armv6-m\libg_nano.a(lib_a-strncmp.o)
                0x0000cee6                strncmp
 .text.strncpy  0x0000cf0a       0x26 c:/program files (x86)/gnu tools arm embedded/5.2 2015q4/bin/../lib/gcc/arm-none-eabi/5.2.1/../../../../arm-none-eabi/lib/armv6-m\libg_nano.a(lib_a-strncpy.o)
                0x0000cf0a                strncpy
 .text.malloc   0x0000cf30       0x14 c:/program files (x86)/gnu tools arm embedded/5.2 2015q4/bin/../lib/gcc/arm-none-eabi/5.2.1/../../../../arm-none-eabi/lib/armv6-m\libg_nano.a(lib_a-malloc.o)
                0x0000cf30                malloc
 .text._free_r  0x0000cf44       0x8c c:/program files (x86)/gnu tools arm embedded/5.2 2015q4/bin/../lib/gcc/arm-none-eabi/5.2.1/../../../../arm-none-eabi/lib/armv6-m\libg_nano.a(lib_a-nano-freer.o)
                0x0000cf44                _free_r
 .text._malloc_r
                0x0000cfd0       0xac c:/program files (x86)/gnu tools arm embedded/5.2 2015q4/bin/../lib/gcc/arm-none-eabi/5.2.1/../../../../arm-none-eabi/lib/armv6-m\libg_nano.a(lib_a-nano-mallocr.o)
                0x0000cfd0                _malloc_r
 .text.__ssputs_r
                0x0000d07c       0xc4 c:/program files (x86)/gnu tools arm embedded/5.2 2015q4/bin/../lib/gcc/arm-none-eabi/5.2.1/../../../../arm-none-eabi/lib/armv6-m\libg_nano.a(lib_a-nano-svfprintf.o)
                0x0000d07c                __ssputs_r
 .text._svfprintf_r
                0x0000d140      0x1fc c:/program files (x86)/gnu tools arm embedded/5.2 2015q4/bin/../lib/gcc/arm-none-eabi/5.2.1/../../../../arm-none-eabi/lib/armv6-m\libg_nano.a(lib_a-nano-svfprintf.o)
                0x0000d140                _svfiprintf_r
                0x0000d140                _svfprintf_r
 .text._printf_common
                0x0000d33c       0xdc c:/program files (x86)/gnu tools arm embedded/5.2 2015q4/bin/../lib/gcc/arm-none-eabi/5.2.1/../../../../arm-none-eabi/lib/armv6-m\libg_nano.a(lib_a-nano-vfprintf_i.o)
                0x0000d33c                _printf_common
 .text._printf_i
                0x0000d418      0x244 c:/program files (x86)/gnu tools arm embedded/5.2 2015q4/bin/../lib/gcc/arm-none-eabi/5.2.1/../../../../arm-none-eabi/lib/armv6-m\libg_nano.a(lib_a-nano-vfprintf_i.o)
                0x0000d418                _printf_i
 .text._sbrk_r  0x0000d65c       0x24 c:/program files (x86)/gnu tools arm embedded/5.2 2015q4/bin/../lib/gcc/arm-none-eabi/5.2.1/../../../../arm-none-eabi/lib/armv6-m\libg_nano.a(lib_a-sbrkr.o)
                0x0000d65c                _sbrk_r
 .text.memchr   0x0000d680       0x16 c:/program files (x86)/gnu tools arm embedded/5.2 2015q4/bin/../lib/gcc/arm-none-eabi/5.2.1/../../../../arm-none-eabi/lib/armv6-m\libg_nano.a(lib_a-memchr-stub.o)
                0x0000d680                memchr
 .text._realloc_r
                0x0000d696       0x4c c:/program files (x86)/gnu tools arm embedded/5.2 2015q4/bin/../lib/gcc/arm-none-eabi/5.2.1/../../../../arm-none-eabi/lib/armv6-m\libg_nano.a(lib_a-nano-reallocr.o)
                0x0000d696                _realloc_r
 .text._malloc_usable_size_r
                0x0000d6e2       0x16 c:/program files (x86)/gnu tools arm embedded/5.2 2015q4/bin/../lib/gcc/arm-none-eabi/5.2.1/../../../../arm-none-eabi/lib/armv6-m\libg_nano.a(lib_a-nano-msizer.o)
                0x0000d6e2                _malloc_usable_size_r
 *(.init)
 *(.fini)
 *crtbegin.o(.ctors)
 *crtbegin?.o(.ctors)
 *(EXCLUDE_FILE(*crtend.o *crtend?.o) .ctors)
 *(SORT(.ctors.*))
 *(.ctors)
 *crtbegin.o(.dtors)
 *crtbegin?.o(.dtors)
 *(EXCLUDE_FILE(*crtend.o *crtend?.o) .dtors)
 *(SORT(.dtors.*))
 *(.dtors)
 *(.rodata*)
 .rodata        0x0000d6f8        0x8 ..\obj\slip-bridge.o
                0x0000d6f8                rpl_interface
 .rodata.str1.4
                0x0000d700       0xa5 ..\obj\slip-bridge.o
                                 0xa9 (size before relaxing)
 *fill*         0x0000d7a5        0x3 
 .rodata.str1.4
                0x0000d7a8      0x3dc ..\obj\uip-ds6-route.o
                                0x3e0 (size before relaxing)
 .rodata.str1.4
                0x0000db84       0x14 ..\obj\main_app.o
 .rodata        0x0000db98       0x14 ..\obj\xgpio.o
 .rodata.str1.4
                0x0000dbac       0x79 ..\obj\tcpip.o
 *fill*         0x0000dc25        0x1 
 .rodata.cst2   0x0000dc26        0x2 ..\obj\uip6.o
 .rodata        0x0000dc28      0x180 ..\obj\uip6.o
 .rodata.str1.4
                0x0000dda8      0x58c ..\obj\uip6.o
                                0x598 (size before relaxing)
 .rodata        0x0000e334       0x80 ..\obj\BRTOS.o
                0x0000e334                PriorityMask
 .rodata.str1.4
                0x0000e3b4       0x10 ..\obj\BRTOS.o
 .rodata.str1.4
                0x0000e3c4       0xad ..\obj\uip-ds6-nbr.o
                                 0xb1 (size before relaxing)
 *fill*         0x0000e471        0x3 
 .rodata.str1.4
                0x0000e474       0x82 ..\obj\contiki-main.o
 *fill*         0x0000e4f6        0x2 
 .rodata.str1.4
                0x0000e4f8        0xc ..\obj\etimer.o
 .rodata        0x0000e504       0x38 ..\obj\mrf24j40.o
                0x0000e504                mrf24j40_driver
 .rodata.str1.4
                0x0000e53c       0x10 ..\obj\mrf24j40.o
 .rodata        0x0000e54c       0xe8 ..\obj\xsysctl.o
 .rodata        0x0000e634       0x24 ..\obj\sicslowpan.o
                0x0000e638                unc_ctxconf
                0x0000e63c                unc_llconf
                0x0000e640                llprefix
                0x0000e648                unc_mxconf
                0x0000e64c                sicslowpan_driver
 .rodata.str1.4
                0x0000e658      0x51b ..\obj\sicslowpan.o
                                0x51f (size before relaxing)
 *fill*         0x0000eb73        0x1 
 .rodata.str1.4
                0x0000eb74      0xaa8 ..\obj\rpl-dag.o
                                0xab0 (size before relaxing)
 .rodata        0x0000f61c       0x18 ..\obj\nullsec.o
                0x0000f61c                nullsec_driver
 .rodata.str1.4
                0x0000f634        0x8 ..\obj\nullsec.o
 .rodata.str1.4
                0x0000f63c      0x4b4 ..\obj\rpl-ext-header.o
 .rodata.str1.4
                0x0000faf0      0x23a ..\obj\rpl-timers.o
 *fill*         0x0000fd2a        0x2 
 .rodata.str1.4
                0x0000fd2c       0x6e ..\obj\rpl-mrhof.o
 *fill*         0x0000fd9a        0x2 
 .rodata.str1.4
                0x0000fd9c       0x2d ..\obj\uip-debug.o
                                 0x31 (size before relaxing)
 *fill*         0x0000fdc9        0x3 
 .rodata.str1.4
                0x0000fdcc        0x7 ..\obj\printf_lib.o
 *fill*         0x0000fdd3        0x1 
 .rodata.str1.4
                0x0000fdd4      0x145 ..\obj\rpl.o
                                0x149 (size before relaxing)
 *fill*         0x0000ff19        0x3 
 .rodata        0x0000ff1c       0x20 ..\obj\border-router.o
                0x0000ff30                autostart_processes
 .rodata.str1.4
                0x0000ff3c      0x142 ..\obj\border-router.o
                                0x156 (size before relaxing)
 *fill*         0x0001007e        0x2 
 .rodata        0x00010080       0xe6 ..\obj\httpd-simple.o
                0x00010080                http_get
                0x00010088                http_index_html
                0x00010094                http_content_type_html
                0x000100b0                http_header_404
                0x00010110                http_header_200
 *fill*         0x00010166        0x2 
 .rodata.str1.4
                0x00010168       0x69 ..\obj\httpd-simple.o
 *fill*         0x000101d1        0x3 
 .rodata        0x000101d4       0x1c ..\obj\nullmac.o
                0x000101d4                nullmac_driver
 .rodata.str1.4
                0x000101f0        0x8 ..\obj\nullmac.o
 .rodata.str1.4
                0x000101f8       0x24 ..\obj\slip.o
 .rodata.str1.4
                0x0001021c        0xf ..\obj\ctimer.o
 *fill*         0x0001022b        0x1 
 .rodata        0x0001022c       0x20 ..\obj\nullrdc.o
                0x0001022c                nullrdc_driver
 .rodata.str1.4
                0x0001024c        0x8 ..\obj\nullrdc.o
 .rodata.str1.4
                0x00010254      0x10c ..\obj\uip-ds6.o
 .rodata        0x00010360        0x8 ..\obj\linkaddr.o
                0x00010360                linkaddr_null
 .rodata.str1.4
                0x00010368       0xb3 ..\obj\init-net.o
                                 0xf2 (size before relaxing)
 *fill*         0x0001041b        0x1 
 .rodata        0x0001041c       0x10 ..\obj\framer-802154.o
                0x0001041c                framer_802154
 .rodata.str1.4
                0x0001042c      0x870 ..\obj\rpl-icmp6.o
                                0x87c (size before relaxing)
 .rodata.str1.1
                0x00010c9c        0x2 c:/program files (x86)/gnu tools arm embedded/5.2 2015q4/bin/../lib/gcc/arm-none-eabi/5.2.1/../../../../arm-none-eabi/lib/armv6-m\libg_nano.a(lib_a-impure.o)
 *fill*         0x00010c9e        0x2 
 .rodata.__sf_fake_stdin
                0x00010ca0       0x20 c:/program files (x86)/gnu tools arm embedded/5.2 2015q4/bin/../lib/gcc/arm-none-eabi/5.2.1/../../../../arm-none-eabi/lib/armv6-m\libg_nano.a(lib_a-findfp.o)
                0x00010ca0                __sf_fake_stdin
 .rodata.__sf_fake_stdout
                0x00010cc0       0x20 c:/program files (x86)/gnu tools arm embedded/5.2 2015q4/bin/../lib/gcc/arm-none-eabi/5.2.1/../../../../arm-none-eabi/lib/armv6-m\libg_nano.a(lib_a-findfp.o)
                0x00010cc0                __sf_fake_stdout
 .rodata.__sf_fake_stderr
                0x00010ce0       0x20 c:/program files (x86)/gnu tools arm embedded/5.2 2015q4/bin/../lib/gcc/arm-none-eabi/5.2.1/../../../../arm-none-eabi/lib/armv6-m\libg_nano.a(lib_a-findfp.o)
                0x00010ce0                __sf_fake_stderr
 .rodata.str1.1
                0x00010d00       0x11 c:/program files (x86)/gnu tools arm embedded/5.2 2015q4/bin/../lib/gcc/arm-none-eabi/5.2.1/../../../../arm-none-eabi/lib/armv6-m\libg_nano.a(lib_a-nano-svfprintf.o)
 .rodata.str1.1
                0x00010d11       0x22 c:/program files (x86)/gnu tools arm embedded/5.2 2015q4/bin/../lib/gcc/arm-none-eabi/5.2.1/../../../../arm-none-eabi/lib/armv6-m\libg_nano.a(lib_a-nano-vfprintf_i.o)
 *(.eh_fram e*)

.glue_7         0x00010d34        0x0
 .glue_7        0x00010d34        0x0 linker stubs

.glue_7t        0x00010d34        0x0
 .glue_7t       0x00010d34        0x0 linker stubs

.vfp11_veneer   0x00010d34        0x0
 .vfp11_veneer  0x00010d34        0x0 linker stubs

.v4_bx          0x00010d34        0x0
 .v4_bx         0x00010d34        0x0 linker stubs

.iplt           0x00010d34        0x0
 .iplt          0x00010d34        0x0 ..\obj\slip-arch.o

.ARM.extab
 *(.ARM.extab* .gnu.linkonce.armextab.*)
                0x00010d34                __exidx_start = .

.ARM.exidx      0x00010d34        0x8
 *(.ARM.exidx* .gnu.linkonce.armexidx.*)
 .ARM.exidx     0x00010d34        0x8 c:/program files (x86)/gnu tools arm embedded/5.2 2015q4/bin/../lib/gcc/arm-none-eabi/5.2.1/armv6-m\libgcc.a(_udivmoddi4.o)
                0x00010d3c                __exidx_end = .
                0x00010d3c                __etext = .
                0x00010d3c                _sidata = __etext

.rel.dyn        0x00010d3c        0x0
 .rel.iplt      0x00010d3c        0x0 ..\obj\slip-arch.o

.data           0x1ffff000      0x1fc load address 0x00010d3c
                0x1ffff000                __data_start__ = .
                0x1ffff000                _sdata = __data_start__
 *(vtable)
 *(.data*)
 .data          0x1ffff000       0x34 ..\obj\uip-ds6-route.o
 .data          0x1ffff034       0x18 ..\obj\uip-icmp6.o
 .data          0x1ffff04c       0x10 ..\obj\tcpip.o
                0x1ffff04c                tcpip_process
 .data          0x1ffff05c       0x10 ..\obj\BRTOS.o
                0x1ffff05c                OSBlockedList
                0x1ffff060                StackAddress
                0x1ffff064                flag_load
                0x1ffff068                version
 .data          0x1ffff06c       0x14 ..\obj\uip-ds6-nbr.o
                0x1ffff06c                ds6_neighbors
 .data          0x1ffff080        0x8 ..\obj\contiki-main.o
                0x1ffff080                procinit
 .data          0x1ffff088        0xc ..\obj\uip-packetqueue.o
 .data          0x1ffff094        0xc ..\obj\nbr-table.o
 .data          0x1ffff0a0       0x10 ..\obj\etimer.o
                0x1ffff0a0                etimer_process
 .data          0x1ffff0b0       0x10 ..\obj\mrf24j40.o
                0x1ffff0b0                mrf24j40_process
 .data          0x1ffff0c0       0x14 ..\obj\rpl-dag.o
                0x1ffff0c0                rpl_parents
 .data          0x1ffff0d4       0x1c ..\obj\rpl-mrhof.o
                0x1ffff0d4                rpl_mrhof
 .data          0x1ffff0f0       0x18 ..\obj\queuebuf.o
 .data          0x1ffff108       0x30 ..\obj\border-router.o
                0x1ffff108                dag_id
                0x1ffff118                webserver_nogui_process
                0x1ffff128                border_router_process
 .data          0x1ffff138        0xc ..\obj\httpd-simple.o
 .data          0x1ffff144       0x10 ..\obj\slip.o
                0x1ffff144                slip_process
 .data          0x1ffff154       0x10 ..\obj\ctimer.o
                0x1ffff154                ctimer_process
 .data          0x1ffff164       0x34 ..\obj\rpl-icmp6.o
 .data.impure_data
                0x1ffff198       0x60 c:/program files (x86)/gnu tools arm embedded/5.2 2015q4/bin/../lib/gcc/arm-none-eabi/5.2.1/../../../../arm-none-eabi/lib/armv6-m\libg_nano.a(lib_a-impure.o)
 .data._impure_ptr
                0x1ffff1f8        0x4 c:/program files (x86)/gnu tools arm embedded/5.2 2015q4/bin/../lib/gcc/arm-none-eabi/5.2.1/../../../../arm-none-eabi/lib/armv6-m\libg_nano.a(lib_a-impure.o)
                0x1ffff1f8                _impure_ptr
                0x1ffff1fc                . = ALIGN (0x4)
                [!provide]                PROVIDE (__preinit_array_start, .)
 *(.preinit_array)
                [!provide]                PROVIDE (__preinit_array_end, .)
                0x1ffff1fc                . = ALIGN (0x4)
                [!provide]                PROVIDE (__init_array_start, .)
 *(SORT(.init_array.*))
 *(.init_array)
                [!provide]                PROVIDE (__init_array_end, .)
                0x1ffff1fc                . = ALIGN (0x4)
                [!provide]                PROVIDE (__fini_array_start, .)
 *(SORT(.fini_array.*))
 *(.fini_array)
                [!provide]                PROVIDE (__fini_array_end, .)
 *(.jcr*)
                0x1ffff1fc                . = ALIGN (0x4)
                0x1ffff1fc                __data_end__ = .
                0x1ffff1fc                _edata = __data_end__

.igot.plt       0x1ffff1fc        0x0 load address 0x00010f38
 .igot.plt      0x1ffff1fc        0x0 ..\obj\slip-arch.o

.bss            0x1ffff200     0x3640 load address 0x00010f40
                0x1ffff200                . = ALIGN (0x4)
                0x1ffff200                __bss_start__ = .
                0x1ffff200                _sbss = __bss_start__
 *(.bss*)
 .bss           0x1ffff200        0x1 ..\obj\slip-arch.o
                0x1ffff200                buffer_send_i
 *fill*         0x1ffff201        0x3 
 .bss           0x1ffff204       0x11 ..\obj\slip-bridge.o
 *fill*         0x1ffff215        0x3 
 .bss           0x1ffff218      0x29c ..\obj\uip-ds6-route.o
 .bss           0x1ffff4b4       0x18 ..\obj\uip-icmp6.o
 .bss           0x1ffff4cc       0x40 ..\obj\xgpio.o
 *fill*         0x1ffff50c        0x4 
 .bss           0x1ffff510       0x3d ..\obj\tcpip.o
 *fill*         0x1ffff54d        0x3 
 .bss           0x1ffff550      0x224 ..\obj\uip6.o
                0x1ffff550                uip_ext_opt_offset
                0x1ffff551                uip_ext_len
                0x1ffff760                uip_ext_bitmap
 .bss           0x1ffff774        0x2 ..\obj\spi_cox.o
                0x1ffff774                SPI0Data
                0x1ffff775                SPI1Data
 *fill*         0x1ffff776        0x2 
 .bss           0x1ffff778       0x1e ..\obj\BRTOS.o
                0x1ffff77a                iNesting
                0x1ffff77c                OSReadyList
                0x1ffff780                TaskAlloc
                0x1ffff784                iStackAddress
                0x1ffff786                DutyCnt
                0x1ffff788                LastOSDuty
                0x1ffff78c                OSDutyTmp
                0x1ffff790                OSDuty
                0x1ffff794                iQueueAddress
 *fill*         0x1ffff796        0x2 
 .bss           0x1ffff798      0x1b8 ..\obj\uip-ds6-nbr.o
 .bss           0x1ffff950      0x482 ..\obj\uip-packetqueue.o
 *fill*         0x1ffffdd2        0x2 
 .bss           0x1ffffdd4       0xc2 ..\obj\nbr-table.o
 *fill*         0x1ffffe96        0x2 
 .bss           0x1ffffe98        0x4 ..\obj\xwdt.o
 *fill*         0x1ffffe9c        0x4 
 .bss           0x1ffffea0       0x10 ..\obj\etimer.o
 .bss           0x1ffffeb0        0x6 ..\obj\mrf24j40.o
                0x1ffffeb3                int_status
 *fill*         0x1ffffeb6        0x2 
 .bss           0x1ffffeb8       0xbc ..\obj\packetbuf.o
 *fill*         0x1fffff74        0x4 
 .bss           0x1fffff78      0x250 ..\obj\sicslowpan.o
 .bss           0x200001c8      0x140 ..\obj\rpl-dag.o
 .bss           0x20000308       0x39 ..\obj\rpl-timers.o
 *fill*         0x20000341        0x3 
 .bss           0x20000344      0xb60 ..\obj\queuebuf.o
 .bss           0x20000ea4       0x90 ..\obj\process.o
                0x20000ea4                process_current
                0x20000ea8                process_list
 .bss           0x20000f34        0x4 ..\obj\syscalls.o
 .bss           0x20000f38        0x1 ..\obj\rpl.o
 *fill*         0x20000f39        0x7 
 .bss           0x20000f40      0x138 ..\obj\border-router.o
 .bss           0x20001078       0x11 ..\obj\OS_RTC.o
 *fill*         0x20001089        0x7 
 .bss           0x20001090      0x102 ..\obj\httpd-simple.o
 *fill*         0x20001192        0x2 
 .bss           0x20001194      0x21c ..\obj\slip.o
 .bss           0x200013b0        0x5 ..\obj\ctimer.o
 *fill*         0x200013b5        0x3 
 .bss           0x200013b8       0x20 ..\obj\uip-ds6.o
 .bss           0x200013d8        0x1 ..\obj\UART.o
                0x200013d8                buffer_rcvd_i
 *fill*         0x200013d9        0x3 
 .bss           0x200013dc        0xc ..\obj\xuart.o
 .bss           0x200013e8        0x2 ..\obj\framer-802154.o
 *fill*         0x200013ea        0x6 
 .bss           0x200013f0        0x8 ..\obj\clock.o
 .bss.__malloc_sbrk_start
                0x200013f8        0x4 c:/program files (x86)/gnu tools arm embedded/5.2 2015q4/bin/../lib/gcc/arm-none-eabi/5.2.1/../../../../arm-none-eabi/lib/armv6-m\libg_nano.a(lib_a-nano-mallocr.o)
                0x200013f8                __malloc_sbrk_start
 .bss.__malloc_free_list
                0x200013fc        0x4 c:/program files (x86)/gnu tools arm embedded/5.2 2015q4/bin/../lib/gcc/arm-none-eabi/5.2.1/../../../../arm-none-eabi/lib/armv6-m\libg_nano.a(lib_a-nano-mallocr.o)
                0x200013fc                __malloc_free_list
 *(COMMON)
 COMMON         0x20001400      0x100 ..\obj\slip-arch.o
                0x20001400                buffer_send
 COMMON         0x20001500        0x1 ..\obj\tcpip.o
                0x20001500                tcpip_event
 *fill*         0x20001501        0x7 
 COMMON         0x20001508      0x514 ..\obj\uip6.o
                0x20001508                uip_len
                0x2000150c                uip_sappdata
                0x20001510                uip_acc32
                0x20001514                uip_lladdr
                0x2000151c                uip_aligned_buf
                0x2000171c                uip_flags
                0x20001720                uip_next_hdr
                0x20001724                uip_udp_conn
                0x20001728                uip_appdata
                0x2000172c                uip_conn
                0x20001730                uip_conns
                0x200018b0                uip_reass_on
                0x200018b4                uip_listenports
                0x200018c0                uip_reass_timer
                0x200018d8                uip_slen
                0x200018dc                uip_udp_conns
 COMMON         0x20001a1c      0x7fc ..\obj\BRTOS.o
                0x20001a1c                BRTOS_Sem_Table
                0x20001a3c                BRTOS_Queue_Table
                0x20001a60                NumberOfInstalledTasks
                0x20001a64                PriorityVector
                0x20001a84                SelectedTask
                0x20001a85                currentTask
                0x20001a88                QUEUE_STACK
                0x20001a88                BRTOS_Mutex_Table
                0x20001aa0                STACK
                0x20002120                Head
                0x20002124                ContextTask
                0x20002214                Tail
 COMMON         0x20002218        0x4 ..\obj\contiki-main.o
                0x20002218                Contiki_Sem
 COMMON         0x2000221c       0x2e ..\obj\packetbuf.o
                0x2000221c                packetbuf_addrs
                0x2000222c                packetbuf_attrs
 *fill*         0x2000224a        0x2 
 COMMON         0x2000224c        0x8 ..\obj\sicslowpan.o
                0x2000224c                frag_sender
 *fill*         0x20002254        0x4 
 COMMON         0x20002258      0x170 ..\obj\rpl-dag.o
                0x20002258                default_instance
                0x20002260                instance_table
 COMMON         0x200023c8        0x4 ..\obj\HAL.o
                0x200023c8                SPvalue
 COMMON         0x200023cc        0xa ..\obj\slip.o
                0x200023cc                slip_active
                0x200023ce                slip_ip_drop
                0x200023d0                slip_rubbish
                0x200023d2                slip_twopackets
                0x200023d4                slip_overflow
 COMMON         0x200023d6        0x1 ..\obj\sensors.o
                0x200023d6                sensors_event
 *fill*         0x200023d7        0x1 
 COMMON         0x200023d8      0x208 ..\obj\uip-ds6.o
                0x200023d8                uip_ds6_timer_ra
                0x200023e0                uip_ds6_if
                0x20002560                uip_ds6_netif_addr_list_offset
                0x20002561                uip_ds6_addr_size
                0x20002564                uip_ds6_prefix_list
                0x200025c8                uip_ds6_timer_periodic
 COMMON         0x200025e0      0x254 ..\obj\UART.o
                0x200025e0                SerialTX2
                0x200025e4                Serial1
                0x200025e8                buffer_rcvd
                0x200027e8                Serial0
                0x200027ec                SerialPortBuffer1
                0x20002800                SerialPortBuffer0
                0x20002814                SerialTX1
                0x20002818                SerialTX0
                0x2000281c                SerialPortBuffer2
                0x20002830                Serial2
 COMMON         0x20002834        0x8 ..\obj\linkaddr.o
                0x20002834                linkaddr_node_addr
 COMMON         0x2000283c        0x4 c:/program files (x86)/gnu tools arm embedded/5.2 2015q4/bin/../lib/gcc/arm-none-eabi/5.2.1/../../../../arm-none-eabi/lib/armv6-m\libg_nano.a(lib_a-reent.o)
                0x2000283c                errno
                0x20002840                . = ALIGN (0x4)
                0x20002840                __bss_end__ = .
                0x20002840                _ebss = __bss_end__

.heap           0x20002840        0x0
                0x20002840                __end__ = .
                0x20002840                _end = __end__
                0x20002840                end = __end__
 *(.heap*)
                0x20002840                __HeapLimit = .

.co_stack       0x20002840      0x180 load address 0x00014580
                0x20002840                . = ALIGN (0x8)
 *(.co_stack .co_stack.*)
 .co_stack      0x20002840      0x180 ..\obj\startup_coide.o
                0x20002840                pulStack
                0x20003000                __StackTop = (ORIGIN (ram) + LENGTH (ram))
                0x20002e80                __StackLimit = (__StackTop - SIZEOF (.co_stack))
                [!provide]                PROVIDE (__stack, __StackTop)
                0x00000001                ASSERT ((__StackLimit >= __HeapLimit), region ram  overflowed with stack)
LOAD ..\obj\slip-arch.o
LOAD ..\obj\startup_coide.o
LOAD ..\obj\anti-replay.o
LOAD ..\obj\uip-udp-packet.o
LOAD ..\obj\rtimer-arch.o
LOAD ..\obj\xdebug.o
LOAD ..\obj\leds-arch.o
LOAD ..\obj\slip-bridge.o
LOAD ..\obj\uip-ds6-route.o
LOAD ..\obj\ip64-addr.o
LOAD ..\obj\xcore.o
LOAD ..\obj\timer.o
LOAD ..\obj\uip-icmp6.o
LOAD ..\obj\main_app.o
LOAD ..\obj\xgpio.o
LOAD ..\obj\nullradio.o
LOAD ..\obj\roll-tm.o
LOAD ..\obj\udp-socket.o
LOAD ..\obj\me.o
LOAD ..\obj\tcp-socket.o
LOAD ..\obj\mmem.o
LOAD ..\obj\tcpip.o
LOAD ..\obj\DAC.o
LOAD ..\obj\compower.o
LOAD ..\obj\uip6.o
LOAD ..\obj\spi_cox.o
LOAD ..\obj\BRTOS.o
LOAD ..\obj\uip-mcast6-route.o
LOAD ..\obj\uip-ds6-nbr.o
LOAD ..\obj\contiki-main.o
LOAD ..\obj\ringbuf.o
LOAD ..\obj\petsciiconv.o
LOAD ..\obj\assert.o
LOAD ..\obj\psock.o
LOAD ..\obj\strncasecmp.o
LOAD ..\obj\uip-packetqueue.o
LOAD ..\obj\main.o
LOAD ..\obj\procinit.o
LOAD ..\obj\contikimac.o
LOAD ..\obj\utils.o
LOAD ..\obj\noncoresec.o
LOAD ..\obj\phase.o
LOAD ..\obj\nbr-table.o
LOAD ..\obj\FLASH.o
LOAD ..\obj\timers.o
LOAD ..\obj\slipdev.o
LOAD ..\obj\me_tabs.o
LOAD ..\obj\system.o
LOAD ..\obj\print-stats.o
LOAD ..\obj\rpl-dag-root.o
LOAD ..\obj\xwdt.o
LOAD ..\obj\mac-sequence.o
LOAD ..\obj\ccm-star.o
LOAD ..\obj\uiplib.o
LOAD ..\obj\uip-split.o
LOAD ..\obj\etimer.o
LOAD ..\obj\mtarch.o
LOAD ..\obj\mrf24j40.o
LOAD ..\obj\packetbuf.o
LOAD ..\obj\framer-nullmac.o
LOAD ..\obj\ccm-star-packetbuf.o
LOAD ..\obj\energest.o
LOAD ..\obj\watchdog.o
LOAD ..\obj\uip-nd6.o
LOAD ..\obj\xsysctl.o
LOAD ..\obj\mbox.o
LOAD ..\obj\cxmac.o
LOAD ..\obj\sicslowpan.o
LOAD ..\obj\rpl-dag.o
LOAD ..\obj\HAL.o
LOAD ..\obj\nullsec.o
LOAD ..\obj\rpl-ext-header.o
LOAD ..\obj\tasks.o
LOAD ..\obj\netstack.o
LOAD ..\obj\rpl-timers.o
LOAD ..\obj\rpl-mrhof.o
LOAD ..\obj\rtimer.o
LOAD ..\obj\xmem.o
LOAD ..\obj\dhcpc.o
LOAD ..\obj\queuebuf.o
LOAD ..\obj\leds.o
LOAD ..\obj\sicslowmac.o
LOAD ..\obj\uip-debug.o
LOAD ..\obj\memb.o
LOAD ..\obj\trickle-timer.o
LOAD ..\obj\aes-128.o
LOAD ..\obj\simple-udp.o
LOAD ..\obj\process.o
LOAD ..\obj\printf_lib.o
LOAD ..\obj\list.o
LOAD ..\obj\rpl-of0.o
LOAD ..\obj\syscalls.o
LOAD ..\obj\framer.o
LOAD ..\obj\LPO.o
LOAD ..\obj\semaphore.o
LOAD ..\obj\uip-nameserver.o
LOAD ..\obj\rpl.o
LOAD ..\obj\border-router.o
LOAD ..\obj\queue.o
LOAD ..\obj\mutex.o
LOAD ..\obj\OS_RTC.o
LOAD ..\obj\settings.o
LOAD ..\obj\httpd-simple.o
LOAD ..\obj\contikimac-framer.o
LOAD ..\obj\smrf.o
LOAD ..\obj\accel.o
LOAD ..\obj\mt.o
LOAD ..\obj\arg.o
LOAD ..\obj\random.o
LOAD ..\obj\nullmac.o
LOAD ..\obj\slip.o
LOAD ..\obj\uip-mcast6-stats.o
LOAD ..\obj\ctimer.o
LOAD ..\obj\mac.o
LOAD ..\obj\csma.o
LOAD ..\obj\nullrdc.o
LOAD ..\obj\crc16.o
LOAD ..\obj\nullrdc-noframer.o
LOAD ..\obj\sensors.o
LOAD ..\obj\uip-ds6.o
LOAD ..\obj\UART.o
LOAD ..\obj\linkaddr.o
LOAD ..\obj\autostart.o
LOAD ..\obj\FLASH1.o
LOAD ..\obj\cpu.o
LOAD ..\obj\init-net.o
LOAD ..\obj\stimer.o
LOAD ..\obj\cfs-coffee.o
LOAD ..\obj\serial-line.o
LOAD ..\obj\xuart.o
LOAD ..\obj\gcr.o
LOAD ..\obj\OSInfo.o
LOAD ..\obj\resolv.o
LOAD ..\obj\framer-802154.o
LOAD ..\obj\ifft.o
LOAD ..\obj\frame802154.o
LOAD ..\obj\rpl-icmp6.o
LOAD ..\obj\clock.o
START GROUP
LOAD c:/program files (x86)/gnu tools arm embedded/5.2 2015q4/bin/../lib/gcc/arm-none-eabi/5.2.1/armv6-m\libgcc.a
LOAD c:/program files (x86)/gnu tools arm embedded/5.2 2015q4/bin/../lib/gcc/arm-none-eabi/5.2.1/../../../../arm-none-eabi/lib/armv6-m\libg_nano.a
LOAD c:/program files (x86)/gnu tools arm embedded/5.2 2015q4/bin/../lib/gcc/arm-none-eabi/5.2.1/../../../../arm-none-eabi/lib/armv6-m\libc_nano.a
END GROUP
START GROUP
LOAD c:/program files (x86)/gnu tools arm embedded/5.2 2015q4/bin/../lib/gcc/arm-none-eabi/5.2.1/armv6-m\libgcc.a
LOAD c:/program files (x86)/gnu tools arm embedded/5.2 2015q4/bin/../lib/gcc/arm-none-eabi/5.2.1/../../../../arm-none-eabi/lib/armv6-m\libc_nano.a
END GROUP
OUTPUT(BRTOS_FRDM_KL25Z.elf elf32-littlearm)

.debug_info     0x00000000    0x27e44
 .debug_info    0x00000000      0x1a5 ..\obj\slip-arch.o
 .debug_info    0x000001a5      0x158 ..\obj\startup_coide.o
 .debug_info    0x000002fd       0xa8 ..\obj\rtimer-arch.o
 .debug_info    0x000003a5      0x698 ..\obj\slip-bridge.o
 .debug_info    0x00000a3d     0x18c6 ..\obj\uip-ds6-route.o
 .debug_info    0x00002303      0x486 ..\obj\xcore.o
 .debug_info    0x00002789      0x1a7 ..\obj\timer.o
 .debug_info    0x00002930      0xa53 ..\obj\uip-icmp6.o
 .debug_info    0x00003383      0x139 ..\obj\main_app.o
 .debug_info    0x000034bc      0xa32 ..\obj\xgpio.o
 .debug_info    0x00003eee     0x1920 ..\obj\tcpip.o
 .debug_info    0x0000580e     0x1e18 ..\obj\uip6.o
 .debug_info    0x00007626      0x4da ..\obj\spi_cox.o
 .debug_info    0x00007b00      0xca1 ..\obj\BRTOS.o
 .debug_info    0x000087a1      0xc80 ..\obj\uip-ds6-nbr.o
 .debug_info    0x00009421      0x938 ..\obj\contiki-main.o
 .debug_info    0x00009d59      0x870 ..\obj\psock.o
 .debug_info    0x0000a5c9      0x529 ..\obj\uip-packetqueue.o
 .debug_info    0x0000aaf2      0x4ba ..\obj\main.o
 .debug_info    0x0000afac      0x199 ..\obj\procinit.o
 .debug_info    0x0000b145      0xd69 ..\obj\nbr-table.o
 .debug_info    0x0000beae      0x615 ..\obj\system.o
 .debug_info    0x0000c4c3       0x97 ..\obj\xwdt.o
 .debug_info    0x0000c55a      0x36e ..\obj\uip-split.o
 .debug_info    0x0000c8c8      0x5ff ..\obj\etimer.o
 .debug_info    0x0000cec7     0x1d73 ..\obj\mrf24j40.o
 .debug_info    0x0000ec3a      0x7c6 ..\obj\packetbuf.o
 .debug_info    0x0000f400       0xf2 ..\obj\watchdog.o
 .debug_info    0x0000f4f2      0x4c8 ..\obj\uip-nd6.o
 .debug_info    0x0000f9ba      0xb18 ..\obj\xsysctl.o
 .debug_info    0x000104d2     0x1ab7 ..\obj\sicslowpan.o
 .debug_info    0x00011f89     0x3220 ..\obj\rpl-dag.o
 .debug_info    0x000151a9      0x431 ..\obj\HAL.o
 .debug_info    0x000155da      0x3ae ..\obj\nullsec.o
 .debug_info    0x00015988     0x11ba ..\obj\rpl-ext-header.o
 .debug_info    0x00016b42      0x13b ..\obj\tasks.o
 .debug_info    0x00016c7d     0x1117 ..\obj\rpl-timers.o
 .debug_info    0x00017d94      0xbbc ..\obj\rpl-mrhof.o
 .debug_info    0x00018950      0x1f2 ..\obj\rtimer.o
 .debug_info    0x00018b42      0x7c1 ..\obj\queuebuf.o
 .debug_info    0x00019303      0x299 ..\obj\uip-debug.o
 .debug_info    0x0001959c      0x215 ..\obj\memb.o
 .debug_info    0x000197b1      0x618 ..\obj\process.o
 .debug_info    0x00019dc9      0x63e ..\obj\printf_lib.o
 .debug_info    0x0001a407      0x34e ..\obj\list.o
 .debug_info    0x0001a755      0x3f4 ..\obj\syscalls.o
 .debug_info    0x0001ab49      0x209 ..\obj\framer.o
 .debug_info    0x0001ad52      0x507 ..\obj\semaphore.o
 .debug_info    0x0001b259     0x1077 ..\obj\rpl.o
 .debug_info    0x0001c2d0     0x17ac ..\obj\border-router.o
 .debug_info    0x0001da7c      0x8a4 ..\obj\queue.o
 .debug_info    0x0001e320      0x65e ..\obj\OS_RTC.o
 .debug_info    0x0001e97e      0xb71 ..\obj\httpd-simple.o
 .debug_info    0x0001f4ef       0xe4 ..\obj\random.o
 .debug_info    0x0001f5d3      0x3cc ..\obj\nullmac.o
 .debug_info    0x0001f99f      0x6dd ..\obj\slip.o
 .debug_info    0x0002007c      0x612 ..\obj\ctimer.o
 .debug_info    0x0002068e      0x13b ..\obj\mac.o
 .debug_info    0x000207c9      0x858 ..\obj\nullrdc.o
 .debug_info    0x00021021      0x479 ..\obj\sensors.o
 .debug_info    0x0002149a     0x1023 ..\obj\uip-ds6.o
 .debug_info    0x000224bd      0xc1a ..\obj\UART.o
 .debug_info    0x000230d7      0x1e0 ..\obj\linkaddr.o
 .debug_info    0x000232b7      0x1d9 ..\obj\autostart.o
 .debug_info    0x00023490      0x9a0 ..\obj\init-net.o
 .debug_info    0x00023e30      0x1bd ..\obj\stimer.o
 .debug_info    0x00023fed      0xb45 ..\obj\xuart.o
 .debug_info    0x00024b32      0x820 ..\obj\framer-802154.o
 .debug_info    0x00025352      0x5a6 ..\obj\frame802154.o
 .debug_info    0x000258f8     0x2320 ..\obj\rpl-icmp6.o
 .debug_info    0x00027c18      0x22c ..\obj\clock.o

.debug_abbrev   0x00000000     0x8d01
 .debug_abbrev  0x00000000       0xdd ..\obj\slip-arch.o
 .debug_abbrev  0x000000dd       0xda ..\obj\startup_coide.o
 .debug_abbrev  0x000001b7       0x74 ..\obj\rtimer-arch.o
 .debug_abbrev  0x0000022b      0x23a ..\obj\slip-bridge.o
 .debug_abbrev  0x00000465      0x353 ..\obj\uip-ds6-route.o
 .debug_abbrev  0x000007b8      0x14f ..\obj\xcore.o
 .debug_abbrev  0x00000907       0xea ..\obj\timer.o
 .debug_abbrev  0x000009f1      0x312 ..\obj\uip-icmp6.o
 .debug_abbrev  0x00000d03       0xad ..\obj\main_app.o
 .debug_abbrev  0x00000db0      0x1f3 ..\obj\xgpio.o
 .debug_abbrev  0x00000fa3      0x45a ..\obj\tcpip.o
 .debug_abbrev  0x000013fd      0x36e ..\obj\uip6.o
 .debug_abbrev  0x0000176b      0x152 ..\obj\spi_cox.o
 .debug_abbrev  0x000018bd      0x256 ..\obj\BRTOS.o
 .debug_abbrev  0x00001b13      0x2c4 ..\obj\uip-ds6-nbr.o
 .debug_abbrev  0x00001dd7      0x2ac ..\obj\contiki-main.o
 .debug_abbrev  0x00002083      0x2ea ..\obj\psock.o
 .debug_abbrev  0x0000236d      0x1fc ..\obj\uip-packetqueue.o
 .debug_abbrev  0x00002569       0xf0 ..\obj\main.o
 .debug_abbrev  0x00002659      0x119 ..\obj\procinit.o
 .debug_abbrev  0x00002772      0x309 ..\obj\nbr-table.o
 .debug_abbrev  0x00002a7b      0x130 ..\obj\system.o
 .debug_abbrev  0x00002bab       0x6d ..\obj\xwdt.o
 .debug_abbrev  0x00002c18      0x154 ..\obj\uip-split.o
 .debug_abbrev  0x00002d6c      0x24b ..\obj\etimer.o
 .debug_abbrev  0x00002fb7      0x40c ..\obj\mrf24j40.o
 .debug_abbrev  0x000033c3      0x286 ..\obj\packetbuf.o
 .debug_abbrev  0x00003649       0x85 ..\obj\watchdog.o
 .debug_abbrev  0x000036ce      0x1e0 ..\obj\uip-nd6.o
 .debug_abbrev  0x000038ae      0x1e3 ..\obj\xsysctl.o
 .debug_abbrev  0x00003a91      0x3ed ..\obj\sicslowpan.o
 .debug_abbrev  0x00003e7e      0x4e9 ..\obj\rpl-dag.o
 .debug_abbrev  0x00004367      0x1b7 ..\obj\HAL.o
 .debug_abbrev  0x0000451e      0x174 ..\obj\nullsec.o
 .debug_abbrev  0x00004692      0x2e5 ..\obj\rpl-ext-header.o
 .debug_abbrev  0x00004977       0xa7 ..\obj\tasks.o
 .debug_abbrev  0x00004a1e      0x360 ..\obj\rpl-timers.o
 .debug_abbrev  0x00004d7e      0x26c ..\obj\rpl-mrhof.o
 .debug_abbrev  0x00004fea      0x151 ..\obj\rtimer.o
 .debug_abbrev  0x0000513b      0x22c ..\obj\queuebuf.o
 .debug_abbrev  0x00005367      0x100 ..\obj\uip-debug.o
 .debug_abbrev  0x00005467       0xf9 ..\obj\memb.o
 .debug_abbrev  0x00005560      0x310 ..\obj\process.o
 .debug_abbrev  0x00005870      0x1fe ..\obj\printf_lib.o
 .debug_abbrev  0x00005a6e      0x17a ..\obj\list.o
 .debug_abbrev  0x00005be8       0xf4 ..\obj\syscalls.o
 .debug_abbrev  0x00005cdc       0xeb ..\obj\framer.o
 .debug_abbrev  0x00005dc7      0x1a6 ..\obj\semaphore.o
 .debug_abbrev  0x00005f6d      0x306 ..\obj\rpl.o
 .debug_abbrev  0x00006273      0x3b1 ..\obj\border-router.o
 .debug_abbrev  0x00006624      0x1b6 ..\obj\queue.o
 .debug_abbrev  0x000067da      0x1f3 ..\obj\OS_RTC.o
 .debug_abbrev  0x000069cd      0x26e ..\obj\httpd-simple.o
 .debug_abbrev  0x00006c3b       0x89 ..\obj\random.o
 .debug_abbrev  0x00006cc4      0x16b ..\obj\nullmac.o
 .debug_abbrev  0x00006e2f      0x319 ..\obj\slip.o
 .debug_abbrev  0x00007148      0x1f6 ..\obj\ctimer.o
 .debug_abbrev  0x0000733e       0xbb ..\obj\mac.o
 .debug_abbrev  0x000073f9      0x288 ..\obj\nullrdc.o
 .debug_abbrev  0x00007681      0x27f ..\obj\sensors.o